Archive member included to satisfy reference by file (symbol)

c:/nxp/mcuxpressoide_11.2.1_4149/ide/plugins/com.nxp.mcuxpresso.tools.win32_11.2.0.202008311134/tools/bin/../lib/gcc/arm-none-eabi/9.2.1/thumb/v7e-m+fp/hard\libgcc.a(_aeabi_uldivmod.o)
                              projects/microWave-project/out/libs/board/lpc_chip_43xx/src/i2s_18xx_43xx.o (__aeabi_uldivmod)
c:/nxp/mcuxpressoide_11.2.1_4149/ide/plugins/com.nxp.mcuxpresso.tools.win32_11.2.0.202008311134/tools/bin/../lib/gcc/arm-none-eabi/9.2.1/thumb/v7e-m+fp/hard\libgcc.a(_udivmoddi4.o)
                              c:/nxp/mcuxpressoide_11.2.1_4149/ide/plugins/com.nxp.mcuxpresso.tools.win32_11.2.0.202008311134/tools/bin/../lib/gcc/arm-none-eabi/9.2.1/thumb/v7e-m+fp/hard\libgcc.a(_aeabi_uldivmod.o) (__udivmoddi4)
c:/nxp/mcuxpressoide_11.2.1_4149/ide/plugins/com.nxp.mcuxpresso.tools.win32_11.2.0.202008311134/tools/bin/../lib/gcc/arm-none-eabi/9.2.1/thumb/v7e-m+fp/hard\libgcc.a(_dvmd_tls.o)
                              c:/nxp/mcuxpressoide_11.2.1_4149/ide/plugins/com.nxp.mcuxpresso.tools.win32_11.2.0.202008311134/tools/bin/../lib/gcc/arm-none-eabi/9.2.1/thumb/v7e-m+fp/hard\libgcc.a(_aeabi_uldivmod.o) (__aeabi_ldiv0)
c:/nxp/mcuxpressoide_11.2.1_4149/ide/plugins/com.nxp.mcuxpresso.tools.win32_11.2.0.202008311134/tools/bin/../lib/gcc/arm-none-eabi/9.2.1/../../../../arm-none-eabi/lib/thumb/v7e-m+fp/hard\libc_nano.a(lib_a-init.o)
                              projects/microWave-project/out/libs/cmsis_core/src/armv7m_startup.o (__libc_init_array)
c:/nxp/mcuxpressoide_11.2.1_4149/ide/plugins/com.nxp.mcuxpresso.tools.win32_11.2.0.202008311134/tools/bin/../lib/gcc/arm-none-eabi/9.2.1/../../../../arm-none-eabi/lib/thumb/v7e-m+fp/hard\libc_nano.a(lib_a-memcpy-stub.o)
                              projects/microWave-project/out/libs/board/lpc_chip_43xx/src/ring_buffer.o (memcpy)
c:/nxp/mcuxpressoide_11.2.1_4149/ide/plugins/com.nxp.mcuxpresso.tools.win32_11.2.0.202008311134/tools/bin/../lib/gcc/arm-none-eabi/9.2.1/../../../../arm-none-eabi/lib/thumb/v7e-m+fp/hard\libc_nano.a(lib_a-memset.o)
                              projects/microWave-project/out/libs/board/lpc_chip_43xx/src/clock_18xx_43xx.o (memset)

Allocating common symbols
Common symbol       size              file

SystemCoreClock     0x4               projects/microWave-project/out/libs/board/lpc_chip_43xx/src/chip_18xx_43xx.o
ticks               0x40              projects/microWave-project/out/projects/microWave-project/src/main.o

Discarded input sections

 .group         0x00000000        0xc projects/microWave-project/out/projects/microWave-project/gen/MicroWave.o
 .group         0x00000000        0xc projects/microWave-project/out/projects/microWave-project/gen/MicroWave.o
 .group         0x00000000        0xc projects/microWave-project/out/projects/microWave-project/gen/MicroWave.o
 .group         0x00000000        0xc projects/microWave-project/out/projects/microWave-project/gen/MicroWave.o
 .group         0x00000000        0xc projects/microWave-project/out/projects/microWave-project/gen/MicroWave.o
 .group         0x00000000        0xc projects/microWave-project/out/projects/microWave-project/gen/MicroWave.o
 .group         0x00000000        0xc projects/microWave-project/out/projects/microWave-project/gen/MicroWave.o
 .group         0x00000000        0xc projects/microWave-project/out/projects/microWave-project/gen/MicroWave.o
 .group         0x00000000        0xc projects/microWave-project/out/projects/microWave-project/gen/MicroWave.o
 .group         0x00000000        0xc projects/microWave-project/out/projects/microWave-project/gen/MicroWave.o
 .text          0x00000000        0x0 projects/microWave-project/out/projects/microWave-project/gen/MicroWave.o
 .data          0x00000000        0x0 projects/microWave-project/out/projects/microWave-project/gen/MicroWave.o
 .bss           0x00000000        0x0 projects/microWave-project/out/projects/microWave-project/gen/MicroWave.o
 .text.exseq_main_region
                0x00000000       0x10 projects/microWave-project/out/projects/microWave-project/gen/MicroWave.o
 .text.exseq_mode_region
                0x00000000       0x24 projects/microWave-project/out/projects/microWave-project/gen/MicroWave.o
 .text.exseq_TEC
                0x00000000       0x2a projects/microWave-project/out/projects/microWave-project/gen/MicroWave.o
 .text.exseq_microwave_region
                0x00000000       0x1a projects/microWave-project/out/projects/microWave-project/gen/MicroWave.o
 .text.microWave_exit
                0x00000000       0x1c projects/microWave-project/out/projects/microWave-project/gen/MicroWave.o
 .text.microWave_isActive
                0x00000000       0x22 projects/microWave-project/out/projects/microWave-project/gen/MicroWave.o
 .text.microWave_isFinal
                0x00000000        0x4 projects/microWave-project/out/projects/microWave-project/gen/MicroWave.o
 .text.microWave_isStateActive
[...]
Memory Configuration

Name             Origin             Length             Attributes
MFlashA512       0x1a000000         0x00080000         xr
MFlashB512       0x1b000000         0x00080000         xr
RamLoc32         0x10000000         0x00008000         xrw
RamLoc40         0x10080000         0x0000a000         xrw
RamAHB32         0x20000000         0x00008000         xrw
RamAHB16         0x20008000         0x00004000         xrw
RamAHB_ETB16     0x2000c000         0x00004000         xrw
*default*        0x00000000         0xffffffff

Linker script and memory map

START GROUP
LOAD projects/microWave-project/out/projects/microWave-project/gen/MicroWave.o
LOAD projects/microWave-project/out/libs/board/edu_ciaa_nxp/src/board_sysinit.o
LOAD projects/microWave-project/out/libs/board/edu_ciaa_nxp/src/board.o
LOAD projects/microWave-project/out/libs/board/lpc_chip_43xx/src/pinint_18xx_43xx.o
LOAD projects/microWave-project/out/libs/board/lpc_chip_43xx/src/otp_18xx_43xx.o
LOAD projects/microWave-project/out/libs/board/lpc_chip_43xx/src/gpio_18xx_43xx.o
LOAD projects/microWave-project/out/libs/board/lpc_chip_43xx/src/emc_18xx_43xx.o
LOAD projects/microWave-project/out/libs/board/lpc_chip_43xx/src/chip_18xx_43xx.o
LOAD projects/microWave-project/out/libs/board/lpc_chip_43xx/src/wwdt_18xx_43xx.o
LOAD projects/microWave-project/out/libs/board/lpc_chip_43xx/src/sdif_18xx_43xx.o
LOAD projects/microWave-project/out/libs/board/lpc_chip_43xx/src/spi_18xx_43xx.o
LOAD projects/microWave-project/out/libs/board/lpc_chip_43xx/src/i2s_18xx_43xx.o
LOAD projects/microWave-project/out/libs/board/lpc_chip_43xx/src/clock_18xx_43xx.o
LOAD projects/microWave-project/out/libs/board/lpc_chip_43xx/src/pmc_18xx_43xx.o
LOAD projects/microWave-project/out/libs/board/lpc_chip_43xx/src/ring_buffer.o
LOAD projects/microWave-project/out/libs/board/lpc_chip_43xx/src/stopwatch_18xx_43xx.o
LOAD projects/microWave-project/out/libs/board/lpc_chip_43xx/src/ssp_18xx_43xx.o
LOAD projects/microWave-project/out/libs/board/lpc_chip_43xx/src/uart_18xx_43xx.o
LOAD projects/microWave-project/out/libs/board/lpc_chip_43xx/src/enet_18xx_43xx.o
LOAD projects/microWave-project/out/libs/board/lpc_chip_43xx/src/i2c_18xx_43xx.o
LOAD projects/microWave-project/out/libs/board/lpc_chip_43xx/src/sdmmc_18xx_43xx.o
LOAD projects/microWave-project/out/libs/board/lpc_chip_43xx/src/timer_18xx_43xx.o
LOAD projects/microWave-project/out/libs/board/lpc_chip_43xx/src/ritimer_18xx_43xx.o
LOAD projects/microWave-project/out/libs/board/lpc_chip_43xx/src/sct_pwm_18xx_43xx.o
LOAD projects/microWave-project/out/libs/board/lpc_chip_43xx/src/adc_18xx_43xx.o
LOAD projects/microWave-project/out/libs/board/lpc_chip_43xx/src/sysinit_18xx_43xx.o
LOAD projects/microWave-project/out/libs/board/lpc_chip_43xx/src/iap_18xx_43xx.o
LOAD projects/microWave-project/out/libs/board/lpc_chip_43xx/src/i2cm_18xx_43xx.o
LOAD projects/microWave-project/out/libs/board/lpc_chip_43xx/src/evrt_18xx_43xx.o
LOAD projects/microWave-project/out/libs/board/lpc_chip_43xx/src/sct_18xx_43xx.o
LOAD projects/microWave-project/out/libs/board/lpc_chip_43xx/src/rtc_18xx_43xx.o
LOAD projects/microWave-project/out/libs/board/lpc_chip_43xx/src/gpdma_18xx_43xx.o
LOAD projects/microWave-project/out/libs/board/lpc_chip_43xx/src/atimer_18xx_43xx.o
LOAD projects/microWave-project/out/libs/board/lpc_chip_43xx/src/eeprom_18xx_43xx.o
LOAD projects/microWave-project/out/libs/board/lpc_chip_43xx/src/aes_18xx_43xx.o
LOAD projects/microWave-project/out/libs/board/lpc_chip_43xx/src/lcd_18xx_43xx.o
LOAD projects/microWave-project/out/libs/board/lpc_chip_43xx/src/dac_18xx_43xx.o
LOAD projects/microWave-project/out/libs/board/lpc_chip_43xx/src/sdio_18xx_43xx.o
LOAD projects/microWave-project/out/libs/board/lpc_chip_43xx/src/gpiogroup_18xx_43xx.o
LOAD projects/microWave-project/out/libs/board/lpc_chip_43xx/src/ccan_18xx_43xx.o
LOAD projects/microWave-project/out/libs/board/lpc_startup/src/vendor_interrupt.o
LOAD projects/microWave-project/out/libs/board/lpc_startup/src/sysinit.o
LOAD projects/microWave-project/out/libs/board/lpc_startup/src/crp.o
LOAD projects/microWave-project/out/libs/cmsis_core/src/armv7m_startup.o
LOAD projects/microWave-project/out/projects/microWave-project/src/main.o
LOAD projects/microWave-project/out/projects/microWave-project/src/TimerTicks.o
END GROUP
LOAD c:/nxp/mcuxpressoide_11.2.1_4149/ide/plugins/com.nxp.mcuxpresso.tools.win32_11.2.0.202008311134/tools/bin/../lib/gcc/arm-none-eabi/9.2.1/../../../../arm-none-eabi/lib/thumb/v7e-m+fp/hard\libstdc++_nano.a
LOAD c:/nxp/mcuxpressoide_11.2.1_4149/ide/plugins/com.nxp.mcuxpresso.tools.win32_11.2.0.202008311134/tools/bin/../lib/gcc/arm-none-eabi/9.2.1/../../../../arm-none-eabi/lib/thumb/v7e-m+fp/hard\libm.a
START GROUP
LOAD c:/nxp/mcuxpressoide_11.2.1_4149/ide/plugins/com.nxp.mcuxpresso.tools.win32_11.2.0.202008311134/tools/bin/../lib/gcc/arm-none-eabi/9.2.1/thumb/v7e-m+fp/hard\libgcc.a
LOAD c:/nxp/mcuxpressoide_11.2.1_4149/ide/plugins/com.nxp.mcuxpresso.tools.win32_11.2.0.202008311134/tools/bin/../lib/gcc/arm-none-eabi/9.2.1/../../../../arm-none-eabi/lib/thumb/v7e-m+fp/hard\libc_nano.a
END GROUP
START GROUP
LOAD c:/nxp/mcuxpressoide_11.2.1_4149/ide/plugins/com.nxp.mcuxpresso.tools.win32_11.2.0.202008311134/tools/bin/../lib/gcc/arm-none-eabi/9.2.1/thumb/v7e-m+fp/hard\libgcc.a
LOAD c:/nxp/mcuxpressoide_11.2.1_4149/ide/plugins/com.nxp.mcuxpresso.tools.win32_11.2.0.202008311134/tools/bin/../lib/gcc/arm-none-eabi/9.2.1/../../../../arm-none-eabi/lib/thumb/v7e-m+fp/hard\libc_nano.a
END GROUP
                0x1a080000                __top_MFlashA512 = 0x1a080000
                0x1b080000                __top_MFlashB512 = 0x1b080000
                0x10008000                __top_RamLoc32 = 0x10008000
                0x1008a000                __top_RamLoc40 = 0x1008a000
                0x20008000                __top_RamAHB32 = 0x20008000
                0x2000c000                __top_RamAHB16 = 0x2000c000
                0x20010000                __top_RamAHB_ETB16 = 0x20010000
START GROUP
LOAD c:/nxp/mcuxpressoide_11.2.1_4149/ide/plugins/com.nxp.mcuxpresso.tools.win32_11.2.0.202008311134/tools/bin/../lib/gcc/arm-none-eabi/9.2.1/thumb/v7e-m+fp/hard\libgcc.a
LOAD c:/nxp/mcuxpressoide_11.2.1_4149/ide/plugins/com.nxp.mcuxpresso.tools.win32_11.2.0.202008311134/tools/bin/../lib/gcc/arm-none-eabi/9.2.1/../../../../arm-none-eabi/lib/thumb/v7e-m+fp/hard\libc.a
LOAD c:/nxp/mcuxpressoide_11.2.1_4149/ide/plugins/com.nxp.mcuxpresso.tools.win32_11.2.0.202008311134/tools/bin/../lib/gcc/arm-none-eabi/9.2.1/../../../../arm-none-eabi/lib/thumb/v7e-m+fp/hard\libm.a
END GROUP

.text_Flash2    0x1b000000        0x0
 FILL mask 0xff
 *(.text_Flash2*)
 *(.text_MFlashB512*)
 *(.text.$Flash2*)
 *(.text.$MFlashB512*)
 *(.rodata.$Flash2*)
 *(.rodata.$MFlashB512*)

.text           0x1a000000     0x1da8
 FILL mask 0xff
                0x1a000000                __vectors_start__ = ABSOLUTE (.)
 *(.isr_vector)
 .isr_vector    0x1a000000       0x40 projects/microWave-project/out/libs/cmsis_core/src/armv7m_startup.o
                0x1a000000                g_pfnVectors
 *(.isr_vendor_vector)
 .isr_vendor_vector
                0x1a000040       0xd4 projects/microWave-project/out/libs/board/lpc_startup/src/vendor_interrupt.o
                0x1a000040                g_pfnVendorVectors
                0x1a000114                . = ALIGN (0x4)
                0x1a000114                __section_table_start = .
                0x1a000114                __data_section_table = .
                0x1a000114        0x4 LONG 0x1a001db0 LOADADDR (.data)
                0x1a000118        0x4 LONG 0x10000000 ADDR (.data)
                0x1a00011c        0x4 LONG 0x38 SIZEOF (.data)
                0x1a000120        0x4 LONG 0x1a001db0 LOADADDR (.data_RAM2)
                0x1a000124        0x4 LONG 0x10080000 ADDR (.data_RAM2)
                0x1a000128        0x4 LONG 0x0 SIZEOF (.data_RAM2)
                0x1a00012c        0x4 LONG 0x1a001db0 LOADADDR (.data_RAM3)
                0x1a000130        0x4 LONG 0x20000000 ADDR (.data_RAM3)
                0x1a000134        0x4 LONG 0x0 SIZEOF (.data_RAM3)
                0x1a000138        0x4 LONG 0x1a001db0 LOADADDR (.data_RAM4)
                0x1a00013c        0x4 LONG 0x20008000 ADDR (.data_RAM4)
                0x1a000140        0x4 LONG 0x0 SIZEOF (.data_RAM4)
                0x1a000144        0x4 LONG 0x1a001db0 LOADADDR (.data_RAM5)
                0x1a000148        0x4 LONG 0x2000c000 ADDR (.data_RAM5)
                0x1a00014c        0x4 LONG 0x0 SIZEOF (.data_RAM5)
                0x1a000150                __data_section_table_end = .
                0x1a000150                __bss_section_table = .
                0x1a000150        0x4 LONG 0x10000038 ADDR (.bss)
                0x1a000154        0x4 LONG 0x74 SIZEOF (.bss)
                0x1a000158        0x4 LONG 0x10080000 ADDR (.bss_RAM2)
                0x1a00015c        0x4 LONG 0x0 SIZEOF (.bss_RAM2)
                0x1a000160        0x4 LONG 0x20000000 ADDR (.bss_RAM3)
                0x1a000164        0x4 LONG 0x0 SIZEOF (.bss_RAM3)
                0x1a000168        0x4 LONG 0x20008000 ADDR (.bss_RAM4)
                0x1a00016c        0x4 LONG 0x0 SIZEOF (.bss_RAM4)
                0x1a000170        0x4 LONG 0x2000c000 ADDR (.bss_RAM5)
                0x1a000174        0x4 LONG 0x0 SIZEOF (.bss_RAM5)
                0x1a000178                __bss_section_table_end = .
                0x1a000178                __section_table_end = .
 *(.after_vectors*)
 .after_vectors
                0x1a000178        0x2 projects/microWave-project/out/libs/board/lpc_startup/src/vendor_interrupt.o
                0x1a000178                TIMER2_IRQHandler
                0x1a000178                RIT_IRQHandler
                0x1a000178                ADCHS_IRQHandler
                0x1a000178                FLASH_EEPROM_IRQHandler
                0x1a000178                I2C0_IRQHandler
                0x1a000178                SDIO_IRQHandler
                0x1a000178                ATIMER_IRQHandler
                0x1a000178                I2C1_IRQHandler
                0x1a000178                UART1_IRQHandler
                0x1a000178                GPIO5_IRQHandler
                0x1a000178                CAN1_IRQHandler
                0x1a000178                USB1_IRQHandler
                0x1a000178                I2S0_IRQHandler
                0x1a000178                TIMER3_IRQHandler
                0x1a000178                UART0_IRQHandler
                0x1a000178                SGPIO_IRQHandler
                0x1a000178                ADC0_IRQHandler
                0x1a000178                GPIO6_IRQHandler
                0x1a000178                IntDefaultHandler
                0x1a000178                GPIO1_IRQHandler
                0x1a000178                SSP0_IRQHandler
                0x1a000178                ADC1_IRQHandler
                0x1a000178                RTC_IRQHandler
                0x1a000178                TIMER0_IRQHandler
                0x1a000178                SPI_IRQHandler
                0x1a000178                LCD_IRQHandler
                0x1a000178                TIMER1_IRQHandler
                0x1a000178                UART2_IRQHandler
                0x1a000178                GPIO2_IRQHandler
                0x1a000178                I2S1_IRQHandler
                0x1a000178                SSP1_IRQHandler
                0x1a000178                USB0_IRQHandler
                0x1a000178                GPIO3_IRQHandler
                0x1a000178                SCT_IRQHandler
                0x1a000178                WDT_IRQHandler
                0x1a000178                GPIO7_IRQHandler
                0x1a000178                SPIFI_IRQHandler
                0x1a000178                QEI_IRQHandler
                0x1a000178                ETH_IRQHandler
                0x1a000178                CAN0_IRQHandler
                0x1a000178                GINT0_IRQHandler
                0x1a000178                DAC_IRQHandler
                0x1a000178                M0SUB_IRQHandler
                0x1a000178                GPIO0_IRQHandler
                0x1a000178                DMA_IRQHandler
                0x1a000178                EVRT_IRQHandler
                0x1a000178                UART3_IRQHandler
                0x1a000178                MCPWM_IRQHandler
                0x1a000178                M0APP_IRQHandler
                0x1a000178                GINT1_IRQHandler
                0x1a000178                GPIO4_IRQHandler
 .after_vectors
                0x1a00017a       0x42 projects/microWave-project/out/libs/cmsis_core/src/armv7m_startup.o
                0x1a00017a                NMI_Handler
                0x1a00017c                HardFault_Handler
                0x1a00017e                MemManage_Handler
                0x1a000180                BusFault_Handler
                0x1a000182                UsageFault_Handler
                0x1a000184                SVC_Handler
                0x1a000186                DebugMon_Handler
                0x1a000188                PendSV_Handler
                0x1a00018c                data_init
                0x1a0001aa                bss_init
                0x000002fc                . = 0x2fc
 *fill*         0x1a0001bc      0x140 ff
                0x1a0002fc                PROVIDE (__CRP_WORD_START__ = .)
 *(.crp)
 .crp           0x1a0002fc        0x4 projects/microWave-project/out/libs/board/lpc_startup/src/crp.o
                0x1a0002fc                CRP_WORD
                0x1a000300                PROVIDE (__CRP_WORD_END__ = .)
                0x00000001                ASSERT (! ((__CRP_WORD_START__ == __CRP_WORD_END__)), Linker CRP Enabled, but no CRP_WORD provided within application)
 *(.text*)
 .text.clearInEvents
                0x1a000300       0x20 projects/microWave-project/out/projects/microWave-project/gen/MicroWave.o
 .text.enact_TEC_PRESSED
                0x1a000320        0xa projects/microWave-project/out/projects/microWave-project/gen/MicroWave.o
 .text.enseq_TEC_NOT_PRESSED_default
                0x1a00032a        0xa projects/microWave-project/out/projects/microWave-project/gen/MicroWave.o
 .text.enseq_TEC_PRESSED_default
                0x1a000334       0x12 projects/microWave-project/out/projects/microWave-project/gen/MicroWave.o
 .text.enseq_TEC_VALIDATION_default
                0x1a000346        0xa projects/microWave-project/out/projects/microWave-project/gen/MicroWave.o
 .text.enseq_main_region_WAIT_default
                0x1a000350        0xa projects/microWave-project/out/projects/microWave-project/gen/MicroWave.o
 .text.exseq_TEC_NOT_PRESSED
                0x1a00035a        0x8 projects/microWave-project/out/projects/microWave-project/gen/MicroWave.o
 .text.exseq_TEC_PRESSED
                0x1a000362        0x8 projects/microWave-project/out/projects/microWave-project/gen/MicroWave.o
 .text.exseq_TEC_VALIDATION
                0x1a00036a        0x8 projects/microWave-project/out/projects/microWave-project/gen/MicroWave.o
 .text.exseq_main_region_WAIT
                0x1a000372        0xa projects/microWave-project/out/projects/microWave-project/gen/MicroWave.o
 .text.exseq_microwave_region_IDLE
                0x1a00037c        0xa projects/microWave-project/out/projects/microWave-project/gen/MicroWave.o
 .text.exseq_mode_region_SMALL
                0x1a000386        0xa projects/microWave-project/out/projects/microWave-project/gen/MicroWave.o
 .text.exseq_mode_region_MEDIUM
                0x1a000390        0xa projects/microWave-project/out/projects/microWave-project/gen/MicroWave.o
 .text.exseq_mode_region_LARGE
                0x1a00039a        0xa projects/microWave-project/out/projects/microWave-project/gen/MicroWave.o
 .text.react_TEC__entry_Default
                0x1a0003a4        0x8 projects/microWave-project/out/projects/microWave-project/gen/MicroWave.o
 .text.enseq_TEC_default
                0x1a0003ac        0x8 projects/microWave-project/out/projects/microWave-project/gen/MicroWave.o
 .text.react_main_region__entry_Default
                0x1a0003b4        0x8 projects/microWave-project/out/projects/microWave-project/gen/MicroWave.o
 .text.enseq_main_region_default
                0x1a0003bc        0x8 projects/microWave-project/out/projects/microWave-project/gen/MicroWave.o
 .text.react    0x1a0003c4        0x4 projects/microWave-project/out/projects/microWave-project/gen/MicroWave.o
 .text.TEC_PRESSED_react
                0x1a0003c8       0x26 projects/microWave-project/out/projects/microWave-project/gen/MicroWave.o
 .text.TEC_VALIDATION_react
                0x1a0003ee       0x38 projects/microWave-project/out/projects/microWave-project/gen/MicroWave.o
 .text.main_region_WAIT_react
                0x1a000426       0x76 projects/microWave-project/out/projects/microWave-project/gen/MicroWave.o
 .text.enact_microwave_region_IDLE
                0x1a00049c        0xc projects/microWave-project/out/projects/microWave-project/gen/MicroWave.o
 .text.enseq_microwave_region_IDLE_default
                0x1a0004a8       0x12 projects/microWave-project/out/projects/microWave-project/gen/MicroWave.o
 .text.react_microwave_region__entry_Default
                0x1a0004ba        0x8 projects/microWave-project/out/projects/microWave-project/gen/MicroWave.o
 .text.enseq_microwave_region_default
                0x1a0004c2        0x8 projects/microWave-project/out/projects/microWave-project/gen/MicroWave.o
 .text.enact_mode_region_SMALL
                0x1a0004ca       0x10 projects/microWave-project/out/projects/microWave-project/gen/MicroWave.o
 .text.enseq_mode_region_SMALL_default
                0x1a0004da       0x12 projects/microWave-project/out/projects/microWave-project/gen/MicroWave.o
 .text.react_mode_region__entry_Default
                0x1a0004ec        0x8 projects/microWave-project/out/projects/microWave-project/gen/MicroWave.o
 .text.enseq_mode_region_default
                0x1a0004f4        0x8 projects/microWave-project/out/projects/microWave-project/gen/MicroWave.o
 .text.mode_region_LARGE_react
                0x1a0004fc       0x26 projects/microWave-project/out/projects/microWave-project/gen/MicroWave.o
 .text.enact_mode_region_MEDIUM
                0x1a000522       0x10 projects/microWave-project/out/projects/microWave-project/gen/MicroWave.o
 .text.enseq_mode_region_MEDIUM_default
                0x1a000532       0x12 projects/microWave-project/out/projects/microWave-project/gen/MicroWave.o
 .text.mode_region_SMALL_react
                0x1a000544       0x26 projects/microWave-project/out/projects/microWave-project/gen/MicroWave.o
 .text.enact_mode_region_LARGE
                0x1a00056a       0x10 projects/microWave-project/out/projects/microWave-project/gen/MicroWave.o
 .text.enseq_mode_region_LARGE_default
                0x1a00057a       0x12 projects/microWave-project/out/projects/microWave-project/gen/MicroWave.o
 .text.mode_region_MEDIUM_react
                0x1a00058c       0x26 projects/microWave-project/out/projects/microWave-project/gen/MicroWave.o
 .text.exact_TEC_DEBOUNCE
                0x1a0005b2        0xc projects/microWave-project/out/projects/microWave-project/gen/MicroWave.o
 .text.exseq_TEC_DEBOUNCE
                0x1a0005be        0xe projects/microWave-project/out/projects/microWave-project/gen/MicroWave.o
 .text.TEC_DEBOUNCE_react
                0x1a0005cc       0x28 projects/microWave-project/out/projects/microWave-project/gen/MicroWave.o
 .text.exact_microwave_region_RUNNING
                0x1a0005f4       0x22 projects/microWave-project/out/projects/microWave-project/gen/MicroWave.o
 .text.exseq_microwave_region_RUNNING
                0x1a000616       0x10 projects/microWave-project/out/projects/microWave-project/gen/MicroWave.o
 .text.microwave_region_RUNNING_react
                0x1a000626       0x7a projects/microWave-project/out/projects/microWave-project/gen/MicroWave.o
 .text.enact_TEC_DEBOUNCE
                0x1a0006a0       0x10 projects/microWave-project/out/projects/microWave-project/gen/MicroWave.o
 .text.enseq_TEC_DEBOUNCE_default
                0x1a0006b0       0x12 projects/microWave-project/out/projects/microWave-project/gen/MicroWave.o
 .text.TEC_NOT_PRESSED_react
                0x1a0006c2       0x26 projects/microWave-project/out/projects/microWave-project/gen/MicroWave.o
 .text.enact_microwave_region_RUNNING
                0x1a0006e8       0x3e projects/microWave-project/out/projects/microWave-project/gen/MicroWave.o
 .text.enseq_microwave_region_RUNNING_default
                0x1a000726       0x12 projects/microWave-project/out/projects/microWave-project/gen/MicroWave.o
 .text.microwave_region_IDLE_react
                0x1a000738       0x26 projects/microWave-project/out/projects/microWave-project/gen/MicroWave.o
 .text.microWave_init
                0x1a00075e       0x24 projects/microWave-project/out/projects/microWave-project/gen/MicroWave.o
                0x1a00075e                microWave_init
 .text.microWave_enter
                0x1a000782       0x1c projects/microWave-project/out/projects/microWave-project/gen/MicroWave.o
                0x1a000782                microWave_enter
 *fill*         0x1a00079e        0x2 ff
 .text.microWave_runCycle
                0x1a0007a0       0xb8 projects/microWave-project/out/projects/microWave-project/gen/MicroWave.o
                0x1a0007a0                microWave_runCycle
 .text.microWave_raiseTimeEvent
                0x1a000858       0x12 projects/microWave-project/out/projects/microWave-project/gen/MicroWave.o
                0x1a000858                microWave_raiseTimeEvent
 .text.microWaveIface_raise_evTecNotPressed
                0x1a00086a        0x6 projects/microWave-project/out/projects/microWave-project/gen/MicroWave.o
                0x1a00086a                microWaveIface_raise_evTecNotPressed
 .text.microWaveIface_raise_evTecPressed
                0x1a000870        0x8 projects/microWave-project/out/projects/microWave-project/gen/MicroWave.o
                0x1a000870                microWaveIface_raise_evTecPressed
 .text.Board_SetupMuxing
                0x1a000878       0x38 projects/microWave-project/out/libs/board/edu_ciaa_nxp/src/board_sysinit.o
                0x1a000878                Board_SetupMuxing
 .text.Board_SetupClocking
                0x1a0008b0       0x6c projects/microWave-project/out/libs/board/edu_ciaa_nxp/src/board_sysinit.o
                0x1a0008b0                Board_SetupClocking
 .text.Board_SystemInit
                0x1a00091c        0xc projects/microWave-project/out/libs/board/edu_ciaa_nxp/src/board_sysinit.o
                0x1a00091c                Board_SystemInit
 .text.Board_LED_Init
                0x1a000928       0x44 projects/microWave-project/out/libs/board/edu_ciaa_nxp/src/board.o
 .text.Board_TEC_Init
                0x1a00096c       0x40 projects/microWave-project/out/libs/board/edu_ciaa_nxp/src/board.o
 .text.Board_GPIO_Init
                0x1a0009ac       0x40 projects/microWave-project/out/libs/board/edu_ciaa_nxp/src/board.o
 .text.Board_ADC_Init
                0x1a0009ec       0x30 projects/microWave-project/out/libs/board/edu_ciaa_nxp/src/board.o
 .text.Board_SPI_Init
                0x1a000a1c       0x38 projects/microWave-project/out/libs/board/edu_ciaa_nxp/src/board.o
 .text.Board_I2C_Init
                0x1a000a54       0x24 projects/microWave-project/out/libs/board/edu_ciaa_nxp/src/board.o
 .text.Board_Debug_Init
                0x1a000a78       0x24 projects/microWave-project/out/libs/board/edu_ciaa_nxp/src/board.o
                0x1a000a78                Board_Debug_Init
 .text.Board_LED_Set
                0x1a000a9c       0x24 projects/microWave-project/out/libs/board/edu_ciaa_nxp/src/board.o
                0x1a000a9c                Board_LED_Set
 .text.Board_Init
                0x1a000ac0       0x30 projects/microWave-project/out/libs/board/edu_ciaa_nxp/src/board.o
                0x1a000ac0                Board_Init
 .text.Board_TEC_GetStatus
                0x1a000af0       0x2c projects/microWave-project/out/libs/board/edu_ciaa_nxp/src/board.o
                0x1a000af0                Board_TEC_GetStatus
 .text.Chip_GPIO_Init
                0x1a000b1c        0x2 projects/microWave-project/out/libs/board/lpc_chip_43xx/src/gpio_18xx_43xx.o
                0x1a000b1c                Chip_GPIO_Init
 *fill*         0x1a000b1e        0x2 ff
 .text.SystemCoreClockUpdate
                0x1a000b20       0x14 projects/microWave-project/out/libs/board/lpc_chip_43xx/src/chip_18xx_43xx.o
                0x1a000b20                SystemCoreClockUpdate
 .text.pll_calc_divs
                0x1a000b34       0xa0 projects/microWave-project/out/libs/board/lpc_chip_43xx/src/clock_18xx_43xx.o
 .text.pll_get_frac
                0x1a000bd4      0x10c projects/microWave-project/out/libs/board/lpc_chip_43xx/src/clock_18xx_43xx.o
 .text.Chip_Clock_FindBaseClock
                0x1a000ce0       0x48 projects/microWave-project/out/libs/board/lpc_chip_43xx/src/clock_18xx_43xx.o
 .text.Chip_Clock_EnableCrystal
                0x1a000d28       0x4c projects/microWave-project/out/libs/board/lpc_chip_43xx/src/clock_18xx_43xx.o
                0x1a000d28                Chip_Clock_EnableCrystal
 .text.Chip_Clock_GetDividerSource
                0x1a000d74       0x1c projects/microWave-project/out/libs/board/lpc_chip_43xx/src/clock_18xx_43xx.o
                0x1a000d74                Chip_Clock_GetDividerSource
 .text.Chip_Clock_GetDividerDivisor
                0x1a000d90       0x1c projects/microWave-project/out/libs/board/lpc_chip_43xx/src/clock_18xx_43xx.o
                0x1a000d90                Chip_Clock_GetDividerDivisor
 .text.Chip_Clock_GetClockInputHz
                0x1a000dac       0xb8 projects/microWave-project/out/libs/board/lpc_chip_43xx/src/clock_18xx_43xx.o
                0x1a000dac                Chip_Clock_GetClockInputHz
 .text.Chip_Clock_CalcMainPLLValue
                0x1a000e64       0x80 projects/microWave-project/out/libs/board/lpc_chip_43xx/src/clock_18xx_43xx.o
                0x1a000e64                Chip_Clock_CalcMainPLLValue
 .text.Chip_Clock_GetMainPLLHz
                0x1a000ee4       0x68 projects/microWave-project/out/libs/board/lpc_chip_43xx/src/clock_18xx_43xx.o
                0x1a000ee4                Chip_Clock_GetMainPLLHz
 .text.Chip_Clock_GetDivRate
                0x1a000f4c       0x22 projects/microWave-project/out/libs/board/lpc_chip_43xx/src/clock_18xx_43xx.o
 *fill*         0x1a000f6e        0x2 ff
 .text.Chip_Clock_SetBaseClock
                0x1a000f70       0x58 projects/microWave-project/out/libs/board/lpc_chip_43xx/src/clock_18xx_43xx.o
                0x1a000f70                Chip_Clock_SetBaseClock
 .text.Chip_Clock_GetBaseClock
                0x1a000fc8       0x28 projects/microWave-project/out/libs/board/lpc_chip_43xx/src/clock_18xx_43xx.o
                0x1a000fc8                Chip_Clock_GetBaseClock
 .text.Chip_Clock_GetBaseClocktHz
                0x1a000ff0        0xc projects/microWave-project/out/libs/board/lpc_chip_43xx/src/clock_18xx_43xx.o
                0x1a000ff0                Chip_Clock_GetBaseClocktHz
 .text.Chip_Clock_EnableOpts
                0x1a000ffc       0x3c projects/microWave-project/out/libs/board/lpc_chip_43xx/src/clock_18xx_43xx.o
                0x1a000ffc                Chip_Clock_EnableOpts
 .text.Chip_Clock_Enable
                0x1a001038       0x34 projects/microWave-project/out/libs/board/lpc_chip_43xx/src/clock_18xx_43xx.o
                0x1a001038                Chip_Clock_Enable
 .text.Chip_Clock_GetRate
                0x1a00106c       0x4c projects/microWave-project/out/libs/board/lpc_chip_43xx/src/clock_18xx_43xx.o
                0x1a00106c                Chip_Clock_GetRate
 .text.Chip_SSP_GetClockIndex
                0x1a0010b8       0x14 projects/microWave-project/out/libs/board/lpc_chip_43xx/src/ssp_18xx_43xx.o
 .text.Chip_SSP_GetPeriphClockIndex
                0x1a0010cc       0x18 projects/microWave-project/out/libs/board/lpc_chip_43xx/src/ssp_18xx_43xx.o
 .text.Chip_SSP_SetClockRate
                0x1a0010e4       0x12 projects/microWave-project/out/libs/board/lpc_chip_43xx/src/ssp_18xx_43xx.o
                0x1a0010e4                Chip_SSP_SetClockRate
 .text.Chip_SSP_SetBitRate
                0x1a0010f6       0x3e projects/microWave-project/out/libs/board/lpc_chip_43xx/src/ssp_18xx_43xx.o
                0x1a0010f6                Chip_SSP_SetBitRate
 .text.Chip_SSP_Init
                0x1a001134       0x38 projects/microWave-project/out/libs/board/lpc_chip_43xx/src/ssp_18xx_43xx.o
                0x1a001134                Chip_SSP_Init
 .text.Chip_UART_GetIndex
                0x1a00116c       0x2c projects/microWave-project/out/libs/board/lpc_chip_43xx/src/uart_18xx_43xx.o
 .text.Chip_UART_Init
                0x1a001198       0x54 projects/microWave-project/out/libs/board/lpc_chip_43xx/src/uart_18xx_43xx.o
                0x1a001198                Chip_UART_Init
 .text.Chip_UART_SetBaudFDR
                0x1a0011ec       0xdc projects/microWave-project/out/libs/board/lpc_chip_43xx/src/uart_18xx_43xx.o
                0x1a0011ec                Chip_UART_SetBaudFDR
 .text.Chip_I2C_EventHandler
                0x1a0012c8       0x20 projects/microWave-project/out/libs/board/lpc_chip_43xx/src/i2c_18xx_43xx.o
                0x1a0012c8                Chip_I2C_EventHandler
 .text.Chip_I2C_Init
                0x1a0012e8       0x28 projects/microWave-project/out/libs/board/lpc_chip_43xx/src/i2c_18xx_43xx.o
                0x1a0012e8                Chip_I2C_Init
 .text.Chip_I2C_SetClockRate
                0x1a001310       0x3c projects/microWave-project/out/libs/board/lpc_chip_43xx/src/i2c_18xx_43xx.o
                0x1a001310                Chip_I2C_SetClockRate
 .text.Chip_ADC_GetClockIndex
                0x1a00134c       0x14 projects/microWave-project/out/libs/board/lpc_chip_43xx/src/adc_18xx_43xx.o
 .text.getClkDiv
                0x1a001360       0x32 projects/microWave-project/out/libs/board/lpc_chip_43xx/src/adc_18xx_43xx.o
 *fill*         0x1a001392        0x2 ff
 .text.Chip_ADC_Init
                0x1a001394       0x40 projects/microWave-project/out/libs/board/lpc_chip_43xx/src/adc_18xx_43xx.o
                0x1a001394                Chip_ADC_Init
 .text.Chip_ADC_SetSampleRate
                0x1a0013d4       0x32 projects/microWave-project/out/libs/board/lpc_chip_43xx/src/adc_18xx_43xx.o
                0x1a0013d4                Chip_ADC_SetSampleRate
 .text.Chip_ADC_SetResolution
                0x1a001406        0xc projects/microWave-project/out/libs/board/lpc_chip_43xx/src/adc_18xx_43xx.o
                0x1a001406                Chip_ADC_SetResolution
 *fill*         0x1a001412        0x2 ff
 .text.Chip_SetupCoreClock
                0x1a001414      0x158 projects/microWave-project/out/libs/board/lpc_chip_43xx/src/sysinit_18xx_43xx.o
                0x1a001414                Chip_SetupCoreClock
 .text.SystemInit
                0x1a00156c       0x38 projects/microWave-project/out/libs/board/lpc_startup/src/sysinit.o
                0x1a00156c                SystemInit
 .text.initialise_monitor_handles
                0x1a0015a4        0x2 projects/microWave-project/out/libs/cmsis_core/src/armv7m_startup.o
                0x1a0015a4                initialise_monitor_handles
 *fill*         0x1a0015a6        0x2 ff
 .text.Reset_Handler
                0x1a0015a8       0x88 projects/microWave-project/out/libs/cmsis_core/src/armv7m_startup.o
                0x1a0015a8                Reset_Handler
 .text._fini    0x1a001630        0x2 projects/microWave-project/out/libs/cmsis_core/src/armv7m_startup.o
                0x1a001630                _fini
 .text._init    0x1a001632        0x2 projects/microWave-project/out/libs/cmsis_core/src/armv7m_startup.o
                0x1a001632                _init
 .text.microWaveIface_opSetMode
                0x1a001634       0x5c projects/microWave-project/out/projects/microWave-project/src/main.o
                0x1a001634                microWaveIface_opSetMode
 .text.microWaveIface_opSetSt
                0x1a001690        0xa projects/microWave-project/out/projects/microWave-project/src/main.o
                0x1a001690                microWaveIface_opSetSt
 .text.Buttons_GetStatus_
                0x1a00169a       0x26 projects/microWave-project/out/projects/microWave-project/src/main.o
                0x1a00169a                Buttons_GetStatus_
 .text.microWave_setTimer
                0x1a0016c0       0x1c projects/microWave-project/out/projects/microWave-project/src/main.o
                0x1a0016c0                microWave_setTimer
 .text.microWave_unsetTimer
                0x1a0016dc       0x14 projects/microWave-project/out/projects/microWave-project/src/main.o
                0x1a0016dc                microWave_unsetTimer
 .text.SysTick_Handler
                0x1a0016f0        0xc projects/microWave-project/out/projects/microWave-project/src/main.o
                0x1a0016f0                SysTick_Handler
 .text.main     0x1a0016fc       0xc8 projects/microWave-project/out/projects/microWave-project/src/main.o
                0x1a0016fc                main
 .text.InitTimerTicks
                0x1a0017c4       0x24 projects/microWave-project/out/projects/microWave-project/src/TimerTicks.o
                0x1a0017c4                InitTimerTicks
 .text.SetNewTimerTick
                0x1a0017e8       0x34 projects/microWave-project/out/projects/microWave-project/src/TimerTicks.o
                0x1a0017e8                SetNewTimerTick
 .text.UnsetTimerTick
                0x1a00181c       0x36 projects/microWave-project/out/projects/microWave-project/src/TimerTicks.o
                0x1a00181c                UnsetTimerTick
 .text.IsPendEvent
                0x1a001852       0x28 projects/microWave-project/out/projects/microWave-project/src/TimerTicks.o
                0x1a001852                IsPendEvent
 .text.MarkAsAttEvent
                0x1a00187a       0x26 projects/microWave-project/out/projects/microWave-project/src/TimerTicks.o
                0x1a00187a                MarkAsAttEvent
 .text.UpdateTimers
                0x1a0018a0       0x44 projects/microWave-project/out/projects/microWave-project/src/TimerTicks.o
                0x1a0018a0                UpdateTimers
 .text          0x1a0018e4       0x30 c:/nxp/mcuxpressoide_11.2.1_4149/ide/plugins/com.nxp.mcuxpresso.tools.win32_11.2.0.202008311134/tools/bin/../lib/gcc/arm-none-eabi/9.2.1/thumb/v7e-m+fp/hard\libgcc.a(_aeabi_uldivmod.o)
                0x1a0018e4                __aeabi_uldivmod
 .text          0x1a001914      0x2c4 c:/nxp/mcuxpressoide_11.2.1_4149/ide/plugins/com.nxp.mcuxpresso.tools.win32_11.2.0.202008311134/tools/bin/../lib/gcc/arm-none-eabi/9.2.1/thumb/v7e-m+fp/hard\libgcc.a(_udivmoddi4.o)
                0x1a001914                __udivmoddi4
 .text          0x1a001bd8        0x4 c:/nxp/mcuxpressoide_11.2.1_4149/ide/plugins/com.nxp.mcuxpresso.tools.win32_11.2.0.202008311134/tools/bin/../lib/gcc/arm-none-eabi/9.2.1/thumb/v7e-m+fp/hard\libgcc.a(_dvmd_tls.o)
                0x1a001bd8                __aeabi_idiv0
                0x1a001bd8                __aeabi_ldiv0
 .text.__libc_init_array
                0x1a001bdc       0x48 c:/nxp/mcuxpressoide_11.2.1_4149/ide/plugins/com.nxp.mcuxpresso.tools.win32_11.2.0.202008311134/tools/bin/../lib/gcc/arm-none-eabi/9.2.1/../../../../arm-none-eabi/lib/thumb/v7e-m+fp/hard\libc_nano.a(lib_a-init.o)
                0x1a001bdc                __libc_init_array
 .text.memset   0x1a001c24       0x10 c:/nxp/mcuxpressoide_11.2.1_4149/ide/plugins/com.nxp.mcuxpresso.tools.win32_11.2.0.202008311134/tools/bin/../lib/gcc/arm-none-eabi/9.2.1/../../../../arm-none-eabi/lib/thumb/v7e-m+fp/hard\libc_nano.a(lib_a-memset.o)
                0x1a001c24                memset
 *(.rodata .rodata.* .constdata .constdata.*)
 .rodata.InitClkStates
                0x1a001c34        0x4 projects/microWave-project/out/libs/board/edu_ciaa_nxp/src/board_sysinit.o
 .rodata.pinmuxing
                0x1a001c38       0x74 projects/microWave-project/out/libs/board/edu_ciaa_nxp/src/board_sysinit.o
 .rodata.ExtRateIn
                0x1a001cac        0x4 projects/microWave-project/out/libs/board/edu_ciaa_nxp/src/board.o
                0x1a001cac                ExtRateIn
 .rodata.GpioButtons
                0x1a001cb0        0x8 projects/microWave-project/out/libs/board/edu_ciaa_nxp/src/board.o
 .rodata.GpioLeds
                0x1a001cb8        0xc projects/microWave-project/out/libs/board/edu_ciaa_nxp/src/board.o
 .rodata.GpioPorts
                0x1a001cc4       0x12 projects/microWave-project/out/libs/board/edu_ciaa_nxp/src/board.o
 *fill*         0x1a001cd6        0x2 ff
 .rodata.OscRateIn
                0x1a001cd8        0x4 projects/microWave-project/out/libs/board/edu_ciaa_nxp/src/board.o
                0x1a001cd8                OscRateIn
 .rodata.Chip_Clock_SetDivider.str1.4
                0x1a001cdc        0x6 projects/microWave-project/out/libs/board/lpc_chip_43xx/src/clock_18xx_43xx.o
 *fill*         0x1a001ce2        0x2 ff
 .rodata.periph_to_base
                0x1a001ce4       0x6c projects/microWave-project/out/libs/board/lpc_chip_43xx/src/clock_18xx_43xx.o
 .rodata.UART_BClock
                0x1a001d50        0x8 projects/microWave-project/out/libs/board/lpc_chip_43xx/src/uart_18xx_43xx.o
 .rodata.UART_PClock
                0x1a001d58        0x8 projects/microWave-project/out/libs/board/lpc_chip_43xx/src/uart_18xx_43xx.o
 .rodata.InitClkStates
                0x1a001d60       0x48 projects/microWave-project/out/libs/board/lpc_chip_43xx/src/sysinit_18xx_43xx.o
                0x1a001da8                . = ALIGN (0x4)

.glue_7         0x1a001da8        0x0
 .glue_7        0x1a001da8        0x0 linker stubs

.glue_7t        0x1a001da8        0x0
 .glue_7t       0x1a001da8        0x0 linker stubs

.vfp11_veneer   0x1a001da8        0x0
 .vfp11_veneer  0x1a001da8        0x0 linker stubs

.v4_bx          0x1a001da8        0x0
 .v4_bx         0x1a001da8        0x0 linker stubs

.iplt           0x1a001da8        0x0
 .iplt          0x1a001da8        0x0 projects/microWave-project/out/projects/microWave-project/gen/MicroWave.o
                0x1a001da8                . = ALIGN (0x4)

.preinit_array  0x1a001da8        0x0
                0x1a001da8                PROVIDE (__preinit_array_start = .)
 *(.preinit_array*)
                0x1a001da8                PROVIDE (__preinit_array_end = .)

.init_array     0x1a001da8        0x0
                0x1a001da8                PROVIDE (__init_array_start = .)
 *(SORT_BY_NAME(.init_array.*))
 *(.init_array*)
                0x1a001da8                PROVIDE (__init_array_end = .)
                0x1a001da8                . = ALIGN (0x4)

.ARM.extab
 *(.ARM.extab* .gnu.linkonce.armextab.*)
                0x1a001da8                __exidx_start = .

.ARM.exidx      0x1a001da8        0x8
 *(.ARM.exidx* .gnu.linkonce.armexidx.*)
 .ARM.exidx     0x1a001da8        0x8 c:/nxp/mcuxpressoide_11.2.1_4149/ide/plugins/com.nxp.mcuxpresso.tools.win32_11.2.0.202008311134/tools/bin/../lib/gcc/arm-none-eabi/9.2.1/thumb/v7e-m+fp/hard\libgcc.a(_udivmoddi4.o)
                0x1a001db0                __exidx_end = .
                0x1a001db0                _etext = .

.rel.dyn        0x1a001db0        0x0
 .rel.iplt      0x1a001db0        0x0 projects/microWave-project/out/projects/microWave-project/gen/MicroWave.o

.data_RAM2      0x10080000        0x0 load address 0x1a001db0
 FILL mask 0xff
 *(.ramfunc.$RAM2)
 *(.ramfunc.$RamLoc40)
 *(.data.$RAM2*)
 *(.data.$RamLoc40*)
                0x10080000                . = ALIGN (0x4)

.data_RAM3      0x20000000        0x0 load address 0x1a001db0
 FILL mask 0xff
 *(.ramfunc.$RAM3)
 *(.ramfunc.$RamAHB32)
 *(.data.$RAM3*)
 *(.data.$RamAHB32*)
                0x20000000                . = ALIGN (0x4)

.data_RAM4      0x20008000        0x0 load address 0x1a001db0
 FILL mask 0xff
 *(.ramfunc.$RAM4)
 *(.ramfunc.$RamAHB16)
 *(.data.$RAM4*)
 *(.data.$RamAHB16*)
                0x20008000                . = ALIGN (0x4)

.data_RAM5      0x2000c000        0x0 load address 0x1a001db0
 FILL mask 0xff
 *(.ramfunc.$RAM5)
 *(.ramfunc.$RamAHB_ETB16)
 *(.data.$RAM5*)
 *(.data.$RamAHB_ETB16*)
                0x2000c000                . = ALIGN (0x4)

.uninit_RESERVED
                0x10000000        0x0
 *(.bss.$RESERVED*)
                0x10000000                . = ALIGN (0x4)
                0x10000000                _end_uninit_RESERVED = .

.data           0x10000000       0x38 load address 0x1a001db0
 FILL mask 0xff
                0x10000000                _data = .
 *(vtable)
 *(.ramfunc*)
 *(.data*)
 .data.i2c      0x10000000       0x38 projects/microWave-project/out/libs/board/lpc_chip_43xx/src/i2c_18xx_43xx.o
                0x10000038                . = ALIGN (0x4)
                0x10000038                _edata = .

.igot.plt       0x10000038        0x0 load address 0x1a001de8
 .igot.plt      0x10000038        0x0 projects/microWave-project/out/projects/microWave-project/gen/MicroWave.o

.bss_RAM2       0x10080000        0x0
 *(.bss.$RAM2*)
 *(.bss.$RamLoc40*)
                0x10080000                . = ALIGN (0x4)

.bss_RAM3       0x20000000        0x0
 *(.bss.$RAM3*)
 *(.bss.$RamAHB32*)
                0x20000000                . = ALIGN (0x4)

.bss_RAM4       0x20008000        0x0
 *(.bss.$RAM4*)
 *(.bss.$RamAHB16*)
                0x20008000                . = ALIGN (0x4)

.bss_RAM5       0x2000c000        0x0
 *(.bss.$RAM5*)
 *(.bss.$RamAHB_ETB16*)
                0x2000c000                . = ALIGN (0x4)

.bss            0x10000038       0x74
                0x10000038                _bss = .
 *(.bss*)
 .bss.audio_usb_pll_freq
                0x10000038        0x8 projects/microWave-project/out/libs/board/lpc_chip_43xx/src/clock_18xx_43xx.o
 .bss.SysTick_Time_Flag
                0x10000040        0x1 projects/microWave-project/out/projects/microWave-project/src/main.o
                0x10000040                SysTick_Time_Flag
 *fill*         0x10000041        0x3 
 .bss.statechart
                0x10000044       0x24 projects/microWave-project/out/projects/microWave-project/src/main.o
 *(COMMON)
 COMMON         0x10000068        0x4 projects/microWave-project/out/libs/board/lpc_chip_43xx/src/chip_18xx_43xx.o
                0x10000068                SystemCoreClock
 COMMON         0x1000006c       0x40 projects/microWave-project/out/projects/microWave-project/src/main.o
                0x1000006c                ticks
                0x100000ac                . = ALIGN (0x4)
                0x100000ac                _ebss = .
                [!provide]                PROVIDE (end = .)

.noinit_RAM2    0x10080000        0x0
 *(.noinit.$RAM2*)
 *(.noinit.$RamLoc40*)
                0x10080000                . = ALIGN (0x4)

.noinit_RAM3    0x20000000        0x0
 *(.noinit.$RAM3*)
 *(.noinit.$RamAHB32*)
                0x20000000                . = ALIGN (0x4)

.noinit_RAM4    0x20008000        0x0
 *(.noinit.$RAM4*)
 *(.noinit.$RamAHB16*)
                0x20008000                . = ALIGN (0x4)

.noinit_RAM5    0x2000c000        0x0
 *(.noinit.$RAM5*)
 *(.noinit.$RamAHB_ETB16*)
                0x2000c000                . = ALIGN (0x4)

.noinit         0x100000ac        0x0
                0x100000ac                _noinit = .
 *(.noinit*)
                0x100000ac                . = ALIGN (0x4)
                0x100000ac                _end_noinit = .
                [!provide]                PROVIDE (_pvHeapStart = .)
                0x10008000                PROVIDE (_vStackTop = (__top_RamLoc32 - 0x0))
                0x53ff62dc                PROVIDE (__valid_user_code_checksum = (0x0 - ((((((_vStackTop + (Reset_Handler + 0x1)) + (NMI_Handler + 0x1)) + (HardFault_Handler + 0x1)) + (DEFINED (MemManage_Handler)?MemManage_Handler:0x0 + 0x1)) + (DEFINED (BusFault_Handler)?BusFault_Handler:0x0 + 0x1)) + (DEFINED (UsageFault_Handler)?UsageFault_Handler:0x0 + 0x1))))
OUTPUT(projects/microWave-project/out/microWave-project.elf elf32-littlearm)

.debug_info     0x00000000    0x10f5b
 .debug_info    0x00000000     0x1a40 projects/microWave-project/out/projects/microWave-project/gen/MicroWave.o
 .debug_info    0x00001a40     0x15c8 projects/microWave-project/out/libs/board/edu_ciaa_nxp/src/board_sysinit.o
 .debug_info    0x00003008     0x23f7 projects/microWave-project/out/libs/board/edu_ciaa_nxp/src/board.o
 .debug_info    0x000053ff      0x232 projects/microWave-project/out/libs/board/lpc_chip_43xx/src/gpio_18xx_43xx.o
 .debug_info    0x00005631      0xc97 projects/microWave-project/out/libs/board/lpc_chip_43xx/src/chip_18xx_43xx.o
 .debug_info    0x000062c8     0x1b89 projects/microWave-project/out/libs/board/lpc_chip_43xx/src/clock_18xx_43xx.o
 .debug_info    0x00007e51     0x1a32 projects/microWave-project/out/libs/board/lpc_chip_43xx/src/ssp_18xx_43xx.o
 .debug_info    0x00009883     0x1988 projects/microWave-project/out/libs/board/lpc_chip_43xx/src/uart_18xx_43xx.o
 .debug_info    0x0000b20b     0x158d projects/microWave-project/out/libs/board/lpc_chip_43xx/src/i2c_18xx_43xx.o
 .debug_info    0x0000c798      0xc12 projects/microWave-project/out/libs/board/lpc_chip_43xx/src/adc_18xx_43xx.o
 .debug_info    0x0000d3aa      0xb39 projects/microWave-project/out/libs/board/lpc_chip_43xx/src/sysinit_18xx_43xx.o
 .debug_info    0x0000dee3       0x76 projects/microWave-project/out/libs/board/lpc_startup/src/vendor_interrupt.o
 .debug_info    0x0000df59      0xc81 projects/microWave-project/out/libs/board/lpc_startup/src/sysinit.o
 .debug_info    0x0000ebda       0x40 projects/microWave-project/out/libs/board/lpc_startup/src/crp.o
 .debug_info    0x0000ec1a      0x35d projects/microWave-project/out/libs/cmsis_core/src/armv7m_startup.o
 .debug_info    0x0000ef77     0x1bcc projects/microWave-project/out/projects/microWave-project/src/main.o
 .debug_info    0x00010b43      0x418 projects/microWave-project/out/projects/microWave-project/src/TimerTicks.o

.debug_abbrev   0x00000000     0x2a95
 .debug_abbrev  0x00000000      0x255 projects/microWave-project/out/projects/microWave-project/gen/MicroWave.o
 .debug_abbrev  0x00000255      0x352 projects/microWave-project/out/libs/board/edu_ciaa_nxp/src/board_sysinit.o
 .debug_abbrev  0x000005a7      0x512 projects/microWave-project/out/libs/board/edu_ciaa_nxp/src/board.o
 .debug_abbrev  0x00000ab9      0x114 projects/microWave-project/out/libs/board/lpc_chip_43xx/src/gpio_18xx_43xx.o
 .debug_abbrev  0x00000bcd      0x1ee projects/microWave-project/out/libs/board/lpc_chip_43xx/src/chip_18xx_43xx.o
 .debug_abbrev  0x00000dbb      0x3f1 projects/microWave-project/out/libs/board/lpc_chip_43xx/src/clock_18xx_43xx.o
 .debug_abbrev  0x000011ac      0x393 projects/microWave-project/out/libs/board/lpc_chip_43xx/src/ssp_18xx_43xx.o
 .debug_abbrev  0x0000153f      0x42c projects/microWave-project/out/libs/board/lpc_chip_43xx/src/uart_18xx_43xx.o
 .debug_abbrev  0x0000196b      0x3d7 projects/microWave-project/out/libs/board/lpc_chip_43xx/src/i2c_18xx_43xx.o
 .debug_abbrev  0x00001d42      0x219 projects/microWave-project/out/libs/board/lpc_chip_43xx/src/adc_18xx_43xx.o
 .debug_abbrev  0x00001f5b      0x245 projects/microWave-project/out/libs/board/lpc_chip_43xx/src/sysinit_18xx_43xx.o
 .debug_abbrev  0x000021a0       0x78 projects/microWave-project/out/libs/board/lpc_startup/src/vendor_interrupt.o
 .debug_abbrev  0x00002218      0x257 projects/microWave-project/out/libs/board/lpc_startup/src/sysinit.o
 .debug_abbrev  0x0000246f       0x38 projects/microWave-project/out/libs/board/lpc_startup/src/crp.o
 .debug_abbrev  0x000024a7      0x127 projects/microWave-project/out/libs/cmsis_core/src/armv7m_startup.o
 .debug_abbrev  0x000025ce      0x3a3 projects/microWave-project/out/projects/microWave-project/src/main.o
 .debug_abbrev  0x00002971      0x124 projects/microWave-project/out/projects/microWave-project/src/TimerTicks.o

.debug_loc      0x00000000     0x7026
 .debug_loc     0x00000000     0x1408 projects/microWave-project/out/projects/microWave-project/gen/MicroWave.o
 .debug_loc     0x00001408      0x10f projects/microWave-project/out/libs/board/edu_ciaa_nxp/src/board_sysinit.o
 .debug_loc     0x00001517      0x659 projects/microWave-project/out/libs/board/edu_ciaa_nxp/src/board.o
 .debug_loc     0x00001b70     0x156a projects/microWave-project/out/libs/board/lpc_chip_43xx/src/clock_18xx_43xx.o
 .debug_loc     0x000030da     0x1007 projects/microWave-project/out/libs/board/lpc_chip_43xx/src/ssp_18xx_43xx.o
 .debug_loc     0x000040e1      0xf0e projects/microWave-project/out/libs/board/lpc_chip_43xx/src/uart_18xx_43xx.o
 .debug_loc     0x00004fef      0xe23 projects/microWave-project/out/libs/board/lpc_chip_43xx/src/i2c_18xx_43xx.o
 .debug_loc     0x00005e12      0x7a3 projects/microWave-project/out/libs/board/lpc_chip_43xx/src/adc_18xx_43xx.o
 .debug_loc     0x000065b5      0x1e2 projects/microWave-project/out/libs/board/lpc_chip_43xx/src/sysinit_18xx_43xx.o
 .debug_loc     0x00006797       0x15 projects/microWave-project/out/libs/board/lpc_startup/src/sysinit.o
 .debug_loc     0x000067ac      0x268 projects/microWave-project/out/libs/cmsis_core/src/armv7m_startup.o
 .debug_loc     0x00006a14      0x369 projects/microWave-project/out/projects/microWave-project/src/main.o
 .debug_loc     0x00006d7d      0x2a9 projects/microWave-project/out/projects/microWave-project/src/TimerTicks.o

.debug_aranges  0x00000000      0x940
 .debug_aranges
                0x00000000      0x260 projects/microWave-project/out/projects/microWave-project/gen/MicroWave.o
 .debug_aranges
                0x00000260       0x30 projects/microWave-project/out/libs/board/edu_ciaa_nxp/src/board_sysinit.o
 .debug_aranges
                0x00000290       0xc0 projects/microWave-project/out/libs/board/edu_ciaa_nxp/src/board.o
 .debug_aranges
                0x00000350       0x28 projects/microWave-project/out/libs/board/lpc_chip_43xx/src/gpio_18xx_43xx.o
 .debug_aranges
                0x00000378       0x38 projects/microWave-project/out/libs/board/lpc_chip_43xx/src/chip_18xx_43xx.o
 .debug_aranges
                0x000003b0      0x128 projects/microWave-project/out/libs/board/lpc_chip_43xx/src/clock_18xx_43xx.o
 .debug_aranges
                0x000004d8       0xa0 projects/microWave-project/out/libs/board/lpc_chip_43xx/src/ssp_18xx_43xx.o
 .debug_aranges
                0x00000578       0xa8 projects/microWave-project/out/libs/board/lpc_chip_43xx/src/uart_18xx_43xx.o
 .debug_aranges
                0x00000620       0xd8 projects/microWave-project/out/libs/board/lpc_chip_43xx/src/i2c_18xx_43xx.o
 .debug_aranges
                0x000006f8       0x90 projects/microWave-project/out/libs/board/lpc_chip_43xx/src/adc_18xx_43xx.o
 .debug_aranges
                0x00000788       0x38 projects/microWave-project/out/libs/board/lpc_chip_43xx/src/sysinit_18xx_43xx.o
 .debug_aranges
                0x000007c0       0x20 projects/microWave-project/out/libs/board/lpc_startup/src/vendor_interrupt.o
 .debug_aranges
                0x000007e0       0x20 projects/microWave-project/out/libs/board/lpc_startup/src/sysinit.o
 .debug_aranges
                0x00000800       0x18 projects/microWave-project/out/libs/board/lpc_startup/src/crp.o
 .debug_aranges
                0x00000818       0x90 projects/microWave-project/out/libs/cmsis_core/src/armv7m_startup.o
 .debug_aranges
                0x000008a8       0x50 projects/microWave-project/out/projects/microWave-project/src/main.o
 .debug_aranges
                0x000008f8       0x48 projects/microWave-project/out/projects/microWave-project/src/TimerTicks.o

.debug_ranges   0x00000000      0x9c8
 .debug_ranges  0x00000000      0x250 projects/microWave-project/out/projects/microWave-project/gen/MicroWave.o
 .debug_ranges  0x00000250       0x50 projects/microWave-project/out/libs/board/edu_ciaa_nxp/src/board_sysinit.o
 .debug_ranges  0x000002a0       0xf8 projects/microWave-project/out/libs/board/edu_ciaa_nxp/src/board.o
 .debug_ranges  0x00000398       0x18 projects/microWave-project/out/libs/board/lpc_chip_43xx/src/gpio_18xx_43xx.o
 .debug_ranges  0x000003b0       0x28 projects/microWave-project/out/libs/board/lpc_chip_43xx/src/chip_18xx_43xx.o
 .debug_ranges  0x000003d8      0x190 projects/microWave-project/out/libs/board/lpc_chip_43xx/src/clock_18xx_43xx.o
 .debug_ranges  0x00000568       0xf0 projects/microWave-project/out/libs/board/lpc_chip_43xx/src/ssp_18xx_43xx.o
 .debug_ranges  0x00000658       0xb0 projects/microWave-project/out/libs/board/lpc_chip_43xx/src/uart_18xx_43xx.o
 .debug_ranges  0x00000708      0x100 projects/microWave-project/out/libs/board/lpc_chip_43xx/src/i2c_18xx_43xx.o
 .debug_ranges  0x00000808       0x80 projects/microWave-project/out/libs/board/lpc_chip_43xx/src/adc_18xx_43xx.o
 .debug_ranges  0x00000888       0x28 projects/microWave-project/out/libs/board/lpc_chip_43xx/src/sysinit_18xx_43xx.o
 .debug_ranges  0x000008b0       0x10 projects/microWave-project/out/libs/board/lpc_startup/src/vendor_interrupt.o
 .debug_ranges  0x000008c0       0x10 projects/microWave-project/out/libs/board/lpc_startup/src/sysinit.o
 .debug_ranges  0x000008d0       0x80 projects/microWave-project/out/libs/cmsis_core/src/armv7m_startup.o
 .debug_ranges  0x00000950       0x40 projects/microWave-project/out/projects/microWave-project/src/main.o
 .debug_ranges  0x00000990       0x38 projects/microWave-project/out/projects/microWave-project/src/TimerTicks.o

.debug_macro    0x00000000     0x813a
 .debug_macro   0x00000000       0x9a projects/microWave-project/out/projects/microWave-project/gen/MicroWave.o
 .debug_macro   0x0000009a      0xaba projects/microWave-project/out/projects/microWave-project/gen/MicroWave.o
 .debug_macro   0x00000b54       0x22 projects/microWave-project/out/projects/microWave-project/gen/MicroWave.o
 .debug_macro   0x00000b76       0x56 projects/microWave-project/out/projects/microWave-project/gen/MicroWave.o
 .debug_macro   0x00000bcc       0x51 projects/microWave-project/out/projects/microWave-project/gen/MicroWave.o
 .debug_macro   0x00000c1d       0xef projects/microWave-project/out/projects/microWave-project/gen/MicroWave.o
 .debug_macro   0x00000d0c       0x6a projects/microWave-project/out/projects/microWave-project/gen/MicroWave.o
 .debug_macro   0x00000d76      0x1df projects/microWave-project/out/projects/microWave-project/gen/MicroWave.o
 .debug_macro   0x00000f55       0x22 projects/microWave-project/out/projects/microWave-project/gen/MicroWave.o
 .debug_macro   0x00000f77       0x1c projects/microWave-project/out/projects/microWave-project/gen/MicroWave.o
 .debug_macro   0x00000f93       0x52 projects/microWave-project/out/projects/microWave-project/gen/MicroWave.o
 .debug_macro   0x00000fe5      0x42b projects/microWave-project/out/libs/board/edu_ciaa_nxp/src/board_sysinit.o
 .debug_macro   0x00001410       0x10 projects/microWave-project/out/libs/board/edu_ciaa_nxp/src/board_sysinit.o
 .debug_macro   0x00001420       0x73 projects/microWave-project/out/libs/board/edu_ciaa_nxp/src/board_sysinit.o
 .debug_macro   0x00001493       0x22 projects/microWave-project/out/libs/board/edu_ciaa_nxp/src/board_sysinit.o
 .debug_macro   0x000014b5       0x1c projects/microWave-project/out/libs/board/edu_ciaa_nxp/src/board_sysinit.o
 .debug_macro   0x000014d1       0x22 projects/microWave-project/out/libs/board/edu_ciaa_nxp/src/board_sysinit.o
 .debug_macro   0x000014f3       0xdf projects/microWave-project/out/libs/board/edu_ciaa_nxp/src/board_sysinit.o
 .debug_macro   0x000015d2     0x102d projects/microWave-project/out/libs/board/edu_ciaa_nxp/src/board_sysinit.o
 .debug_macro   0x000025ff      0x11f projects/microWave-project/out/libs/board/edu_ciaa_nxp/src/board_sysinit.o
 .debug_macro   0x0000271e      0x2c3 projects/microWave-project/out/libs/board/edu_ciaa_nxp/src/board_sysinit.o
 .debug_macro   0x000029e1      0x112 projects/microWave-project/out/libs/board/edu_ciaa_nxp/src/board_sysinit.o
 .debug_macro   0x00002af3       0x11 projects/microWave-project/out/libs/board/edu_ciaa_nxp/src/board_sysinit.o
 .debug_macro   0x00002b04       0x2a projects/microWave-project/out/libs/board/edu_ciaa_nxp/src/board_sysinit.o
 .debug_macro   0x00002b2e       0x16 projects/microWave-project/out/libs/board/edu_ciaa_nxp/src/board_sysinit.o
 .debug_macro   0x00002b44      0x2e6 projects/microWave-project/out/libs/board/edu_ciaa_nxp/src/board_sysinit.o
 .debug_macro   0x00002e2a       0x82 projects/microWave-project/out/libs/board/edu_ciaa_nxp/src/board_sysinit.o
 .debug_macro   0x00002eac      0x13d projects/microWave-project/out/libs/board/edu_ciaa_nxp/src/board_sysinit.o
 .debug_macro   0x00002fe9      0x198 projects/microWave-project/out/libs/board/edu_ciaa_nxp/src/board_sysinit.o
 .debug_macro   0x00003181       0x34 projects/microWave-project/out/libs/board/edu_ciaa_nxp/src/board_sysinit.o
 .debug_macro   0x000031b5       0x58 projects/microWave-project/out/libs/board/edu_ciaa_nxp/src/board_sysinit.o
 .debug_macro   0x0000320d      0x236 projects/microWave-project/out/libs/board/edu_ciaa_nxp/src/board_sysinit.o
 .debug_macro   0x00003443      0x572 projects/microWave-project/out/libs/board/edu_ciaa_nxp/src/board_sysinit.o
 .debug_macro   0x000039b5       0x16 projects/microWave-project/out/libs/board/edu_ciaa_nxp/src/board_sysinit.o
 .debug_macro   0x000039cb      0x18a projects/microWave-project/out/libs/board/edu_ciaa_nxp/src/board_sysinit.o
 .debug_macro   0x00003b55       0x88 projects/microWave-project/out/libs/board/edu_ciaa_nxp/src/board_sysinit.o
 .debug_macro   0x00003bdd      0x1b9 projects/microWave-project/out/libs/board/edu_ciaa_nxp/src/board_sysinit.o
 .debug_macro   0x00003d96      0x1da projects/microWave-project/out/libs/board/edu_ciaa_nxp/src/board_sysinit.o
 .debug_macro   0x00003f70       0x40 projects/microWave-project/out/libs/board/edu_ciaa_nxp/src/board_sysinit.o
 .debug_macro   0x00003fb0       0x1c projects/microWave-project/out/libs/board/edu_ciaa_nxp/src/board_sysinit.o
 .debug_macro   0x00003fcc       0x2e projects/microWave-project/out/libs/board/edu_ciaa_nxp/src/board_sysinit.o
 .debug_macro   0x00003ffa       0x2e projects/microWave-project/out/libs/board/edu_ciaa_nxp/src/board_sysinit.o
 .debug_macro   0x00004028       0x22 projects/microWave-project/out/libs/board/edu_ciaa_nxp/src/board_sysinit.o
 .debug_macro   0x0000404a      0x201 projects/microWave-project/out/libs/board/edu_ciaa_nxp/src/board_sysinit.o
 .debug_macro   0x0000424b       0xe0 projects/microWave-project/out/libs/board/edu_ciaa_nxp/src/board_sysinit.o
 .debug_macro   0x0000432b      0x34c projects/microWave-project/out/libs/board/edu_ciaa_nxp/src/board_sysinit.o
 .debug_macro   0x00004677       0xdc projects/microWave-project/out/libs/board/edu_ciaa_nxp/src/board_sysinit.o
 .debug_macro   0x00004753       0xc4 projects/microWave-project/out/libs/board/edu_ciaa_nxp/src/board_sysinit.o
 .debug_macro   0x00004817       0x8f projects/microWave-project/out/libs/board/edu_ciaa_nxp/src/board_sysinit.o
 .debug_macro   0x000048a6       0x94 projects/microWave-project/out/libs/board/edu_ciaa_nxp/src/board_sysinit.o
 .debug_macro   0x0000493a       0xb8 projects/microWave-project/out/libs/board/edu_ciaa_nxp/src/board_sysinit.o
 .debug_macro   0x000049f2       0x4c projects/microWave-project/out/libs/board/edu_ciaa_nxp/src/board_sysinit.o
 .debug_macro   0x00004a3e       0x16 projects/microWave-project/out/libs/board/edu_ciaa_nxp/src/board_sysinit.o
 .debug_macro   0x00004a54      0x328 projects/microWave-project/out/libs/board/edu_ciaa_nxp/src/board_sysinit.o
 .debug_macro   0x00004d7c       0x3a projects/microWave-project/out/libs/board/edu_ciaa_nxp/src/board_sysinit.o
 .debug_macro   0x00004db6       0xd0 projects/microWave-project/out/libs/board/edu_ciaa_nxp/src/board_sysinit.o
 .debug_macro   0x00004e86       0x18 projects/microWave-project/out/libs/board/edu_ciaa_nxp/src/board_sysinit.o
 .debug_macro   0x00004e9e       0x22 projects/microWave-project/out/libs/board/edu_ciaa_nxp/src/board_sysinit.o
 .debug_macro   0x00004ec0       0x40 projects/microWave-project/out/libs/board/edu_ciaa_nxp/src/board_sysinit.o
 .debug_macro   0x00004f00       0x5e projects/microWave-project/out/libs/board/edu_ciaa_nxp/src/board_sysinit.o
 .debug_macro   0x00004f5e       0x18 projects/microWave-project/out/libs/board/edu_ciaa_nxp/src/board_sysinit.o
 .debug_macro   0x00004f76       0x35 projects/microWave-project/out/libs/board/edu_ciaa_nxp/src/board_sysinit.o
 .debug_macro   0x00004fab       0x34 projects/microWave-project/out/libs/board/edu_ciaa_nxp/src/board_sysinit.o
 .debug_macro   0x00004fdf       0x16 projects/microWave-project/out/libs/board/edu_ciaa_nxp/src/board_sysinit.o
 .debug_macro   0x00004ff5       0x97 projects/microWave-project/out/libs/board/edu_ciaa_nxp/src/board_sysinit.o
 .debug_macro   0x0000508c      0x356 projects/microWave-project/out/libs/board/edu_ciaa_nxp/src/board_sysinit.o
 .debug_macro   0x000053e2       0xf6 projects/microWave-project/out/libs/board/edu_ciaa_nxp/src/board_sysinit.o
 .debug_macro   0x000054d8       0x10 projects/microWave-project/out/libs/board/edu_ciaa_nxp/src/board_sysinit.o
 .debug_macro   0x000054e8       0x58 projects/microWave-project/out/libs/board/edu_ciaa_nxp/src/board_sysinit.o
 .debug_macro   0x00005540       0x1f projects/microWave-project/out/libs/board/edu_ciaa_nxp/src/board_sysinit.o
 .debug_macro   0x0000555f       0x43 projects/microWave-project/out/libs/board/edu_ciaa_nxp/src/board_sysinit.o
 .debug_macro   0x000055a2       0x20 projects/microWave-project/out/libs/board/edu_ciaa_nxp/src/board_sysinit.o
 .debug_macro   0x000055c2      0x18e projects/microWave-project/out/libs/board/edu_ciaa_nxp/src/board_sysinit.o
 .debug_macro   0x00005750       0x10 projects/microWave-project/out/libs/board/edu_ciaa_nxp/src/board_sysinit.o
 .debug_macro   0x00005760       0xb6 projects/microWave-project/out/libs/board/edu_ciaa_nxp/src/board_sysinit.o
 .debug_macro   0x00005816       0x16 projects/microWave-project/out/libs/board/edu_ciaa_nxp/src/board_sysinit.o
 .debug_macro   0x0000582c      0x129 projects/microWave-project/out/libs/board/edu_ciaa_nxp/src/board_sysinit.o
 .debug_macro   0x00005955       0x20 projects/microWave-project/out/libs/board/edu_ciaa_nxp/src/board_sysinit.o
 .debug_macro   0x00005975       0xee projects/microWave-project/out/libs/board/edu_ciaa_nxp/src/board_sysinit.o
 .debug_macro   0x00005a63      0x43d projects/microWave-project/out/libs/board/edu_ciaa_nxp/src/board.o
 .debug_macro   0x00005ea0      0x315 projects/microWave-project/out/libs/board/lpc_chip_43xx/src/gpio_18xx_43xx.o
 .debug_macro   0x000061b5      0x315 projects/microWave-project/out/libs/board/lpc_chip_43xx/src/chip_18xx_43xx.o
 .debug_macro   0x000064ca      0x31b projects/microWave-project/out/libs/board/lpc_chip_43xx/src/clock_18xx_43xx.o
 .debug_macro   0x000067e5      0x315 projects/microWave-project/out/libs/board/lpc_chip_43xx/src/ssp_18xx_43xx.o
 .debug_macro   0x00006afa      0x315 projects/microWave-project/out/libs/board/lpc_chip_43xx/src/uart_18xx_43xx.o
 .debug_macro   0x00006e0f      0x327 projects/microWave-project/out/libs/board/lpc_chip_43xx/src/i2c_18xx_43xx.o
 .debug_macro   0x00007136      0x315 projects/microWave-project/out/libs/board/lpc_chip_43xx/src/adc_18xx_43xx.o
 .debug_macro   0x0000744b      0x315 projects/microWave-project/out/libs/board/lpc_chip_43xx/src/sysinit_18xx_43xx.o
 .debug_macro   0x00007760       0x1d projects/microWave-project/out/libs/board/lpc_startup/src/vendor_interrupt.o
 .debug_macro   0x0000777d      0x42b projects/microWave-project/out/libs/board/lpc_startup/src/sysinit.o
 .debug_macro   0x00007ba8       0x17 projects/microWave-project/out/libs/board/lpc_startup/src/crp.o
 .debug_macro   0x00007bbf       0x1d projects/microWave-project/out/libs/cmsis_core/src/armv7m_startup.o
 .debug_macro   0x00007bdc      0x45c projects/microWave-project/out/projects/microWave-project/src/main.o
 .debug_macro   0x00008038       0x22 projects/microWave-project/out/projects/microWave-project/src/main.o
 .debug_macro   0x0000805a       0x4c projects/microWave-project/out/projects/microWave-project/src/main.o
 .debug_macro   0x000080a6       0x94 projects/microWave-project/out/projects/microWave-project/src/TimerTicks.o

.debug_line     0x00000000     0xb558
 .debug_line    0x00000000     0x10c2 projects/microWave-project/out/projects/microWave-project/gen/MicroWave.o
 .debug_line    0x000010c2      0x9a8 projects/microWave-project/out/libs/board/edu_ciaa_nxp/src/board_sysinit.o
 .debug_line    0x00001a6a      0xe2b projects/microWave-project/out/libs/board/edu_ciaa_nxp/src/board.o
 .debug_line    0x00002895      0x7c2 projects/microWave-project/out/libs/board/lpc_chip_43xx/src/gpio_18xx_43xx.o
 .debug_line    0x00003057      0x850 projects/microWave-project/out/libs/board/lpc_chip_43xx/src/chip_18xx_43xx.o
 .debug_line    0x000038a7     0x1539 projects/microWave-project/out/libs/board/lpc_chip_43xx/src/clock_18xx_43xx.o
 .debug_line    0x00004de0     0x1337 projects/microWave-project/out/libs/board/lpc_chip_43xx/src/ssp_18xx_43xx.o
 .debug_line    0x00006117      0xfb6 projects/microWave-project/out/libs/board/lpc_chip_43xx/src/uart_18xx_43xx.o
 .debug_line    0x000070cd     0x110f projects/microWave-project/out/libs/board/lpc_chip_43xx/src/i2c_18xx_43xx.o
 .debug_line    0x000081dc      0xb27 projects/microWave-project/out/libs/board/lpc_chip_43xx/src/adc_18xx_43xx.o
 .debug_line    0x00008d03      0xa04 projects/microWave-project/out/libs/board/lpc_chip_43xx/src/sysinit_18xx_43xx.o
 .debug_line    0x00009707       0x73 projects/microWave-project/out/libs/board/lpc_startup/src/vendor_interrupt.o
 .debug_line    0x0000977a      0x8d8 projects/microWave-project/out/libs/board/lpc_startup/src/sysinit.o
 .debug_line    0x0000a052       0x41 projects/microWave-project/out/libs/board/lpc_startup/src/crp.o
 .debug_line    0x0000a093      0x2e8 projects/microWave-project/out/libs/cmsis_core/src/armv7m_startup.o
 .debug_line    0x0000a37b      0xb19 projects/microWave-project/out/projects/microWave-project/src/main.o
 .debug_line    0x0000ae94      0x6c4 projects/microWave-project/out/projects/microWave-project/src/TimerTicks.o

.debug_str      0x00000000    0x1e52b
 .debug_str     0x00000000     0x4a12 projects/microWave-project/out/projects/microWave-project/gen/MicroWave.o
                               0x4bb6 (size before relaxing)
 .debug_str     0x00004a12    0x17285 projects/microWave-project/out/libs/board/edu_ciaa_nxp/src/board_sysinit.o
                              0x1b0f3 (size before relaxing)
 .debug_str     0x0001bc97      0x991 projects/microWave-project/out/libs/board/edu_ciaa_nxp/src/board.o
                              0x1b778 (size before relaxing)
 .debug_str     0x0001c628       0x3f projects/microWave-project/out/libs/board/lpc_chip_43xx/src/gpio_18xx_43xx.o
                              0x16909 (size before relaxing)
 .debug_str     0x0001c667      0x157 projects/microWave-project/out/libs/board/lpc_chip_43xx/src/chip_18xx_43xx.o
                              0x176a7 (size before relaxing)
 .debug_str     0x0001c7be      0x53b projects/microWave-project/out/libs/board/lpc_chip_43xx/src/clock_18xx_43xx.o
                              0x17b7a (size before relaxing)
 .debug_str     0x0001ccf9      0x3f5 projects/microWave-project/out/libs/board/lpc_chip_43xx/src/ssp_18xx_43xx.o
                              0x17348 (size before relaxing)
 .debug_str     0x0001d0ee      0x381 projects/microWave-project/out/libs/board/lpc_chip_43xx/src/uart_18xx_43xx.o
                              0x177b7 (size before relaxing)
 .debug_str     0x0001d46f      0x597 projects/microWave-project/out/libs/board/lpc_chip_43xx/src/i2c_18xx_43xx.o
                              0x178e9 (size before relaxing)
 .debug_str     0x0001da06      0x142 projects/microWave-project/out/libs/board/lpc_chip_43xx/src/adc_18xx_43xx.o
                              0x17152 (size before relaxing)
 .debug_str     0x0001db48       0xb9 projects/microWave-project/out/libs/board/lpc_chip_43xx/src/sysinit_18xx_43xx.o
                              0x17608 (size before relaxing)
 .debug_str     0x0001dc01       0xaf projects/microWave-project/out/libs/board/lpc_startup/src/vendor_interrupt.o
                               0x2edf (size before relaxing)
 .debug_str     0x0001dcb0       0xc3 projects/microWave-project/out/libs/board/lpc_startup/src/sysinit.o
                              0x1a3cc (size before relaxing)
 .debug_str     0x0001dd73       0x40 projects/microWave-project/out/libs/board/lpc_startup/src/crp.o
                               0x2e70 (size before relaxing)
 .debug_str     0x0001ddb3      0x219 projects/microWave-project/out/libs/cmsis_core/src/armv7m_startup.o
                               0x3072 (size before relaxing)
 .debug_str     0x0001dfcc      0x533 projects/microWave-project/out/projects/microWave-project/src/main.o
                              0x1bac8 (size before relaxing)
 .debug_str     0x0001e4ff       0x2c projects/microWave-project/out/projects/microWave-project/src/TimerTicks.o
                               0x4161 (size before relaxing)

.comment        0x00000000       0x79
 .comment       0x00000000       0x79 projects/microWave-project/out/projects/microWave-project/gen/MicroWave.o
                                 0x7a (size before relaxing)
 .comment       0x00000079       0x7a projects/microWave-project/out/libs/board/edu_ciaa_nxp/src/board_sysinit.o
 .comment       0x00000079       0x7a projects/microWave-project/out/libs/board/edu_ciaa_nxp/src/board.o
 .comment       0x00000079       0x7a projects/microWave-project/out/libs/board/lpc_chip_43xx/src/gpio_18xx_43xx.o
 .comment       0x00000079       0x7a projects/microWave-project/out/libs/board/lpc_chip_43xx/src/chip_18xx_43xx.o
 .comment       0x00000079       0x7a projects/microWave-project/out/libs/board/lpc_chip_43xx/src/clock_18xx_43xx.o
 .comment       0x00000079       0x7a projects/microWave-project/out/libs/board/lpc_chip_43xx/src/ssp_18xx_43xx.o
 .comment       0x00000079       0x7a projects/microWave-project/out/libs/board/lpc_chip_43xx/src/uart_18xx_43xx.o
 .comment       0x00000079       0x7a projects/microWave-project/out/libs/board/lpc_chip_43xx/src/i2c_18xx_43xx.o
 .comment       0x00000079       0x7a projects/microWave-project/out/libs/board/lpc_chip_43xx/src/adc_18xx_43xx.o
 .comment       0x00000079       0x7a projects/microWave-project/out/libs/board/lpc_chip_43xx/src/sysinit_18xx_43xx.o
 .comment       0x00000079       0x7a projects/microWave-project/out/libs/board/lpc_startup/src/vendor_interrupt.o
 .comment       0x00000079       0x7a projects/microWave-project/out/libs/board/lpc_startup/src/sysinit.o
 .comment       0x00000079       0x7a projects/microWave-project/out/libs/board/lpc_startup/src/crp.o
 .comment       0x00000079       0x7a projects/microWave-project/out/libs/cmsis_core/src/armv7m_startup.o
 .comment       0x00000079       0x7a projects/microWave-project/out/projects/microWave-project/src/main.o
 .comment       0x00000079       0x7a projects/microWave-project/out/projects/microWave-project/src/TimerTicks.o

.ARM.attributes
                0x00000000       0x34
 .ARM.attributes
                0x00000000       0x34 projects/microWave-project/out/projects/microWave-project/gen/MicroWave.o
 .ARM.attributes
                0x00000034       0x34 projects/microWave-project/out/libs/board/edu_ciaa_nxp/src/board_sysinit.o
 .ARM.attributes
                0x00000068       0x34 projects/microWave-project/out/libs/board/edu_ciaa_nxp/src/board.o
 .ARM.attributes
                0x0000009c       0x34 projects/microWave-project/out/libs/board/lpc_chip_43xx/src/gpio_18xx_43xx.o
 .ARM.attributes
                0x000000d0       0x34 projects/microWave-project/out/libs/board/lpc_chip_43xx/src/chip_18xx_43xx.o
 .ARM.attributes
                0x00000104       0x34 projects/microWave-project/out/libs/board/lpc_chip_43xx/src/clock_18xx_43xx.o
 .ARM.attributes
                0x00000138       0x34 projects/microWave-project/out/libs/board/lpc_chip_43xx/src/ssp_18xx_43xx.o
 .ARM.attributes
                0x0000016c       0x34 projects/microWave-project/out/libs/board/lpc_chip_43xx/src/uart_18xx_43xx.o
 .ARM.attributes
                0x000001a0       0x34 projects/microWave-project/out/libs/board/lpc_chip_43xx/src/i2c_18xx_43xx.o
 .ARM.attributes
                0x000001d4       0x34 projects/microWave-project/out/libs/board/lpc_chip_43xx/src/adc_18xx_43xx.o
 .ARM.attributes
                0x00000208       0x34 projects/microWave-project/out/libs/board/lpc_chip_43xx/src/sysinit_18xx_43xx.o
 .ARM.attributes
                0x0000023c       0x34 projects/microWave-project/out/libs/board/lpc_startup/src/vendor_interrupt.o
 .ARM.attributes
                0x00000270       0x34 projects/microWave-project/out/libs/board/lpc_startup/src/sysinit.o
 .ARM.attributes
                0x000002a4       0x39 projects/microWave-project/out/libs/board/lpc_startup/src/crp.o
 .ARM.attributes
                0x000002dd       0x34 projects/microWave-project/out/libs/cmsis_core/src/armv7m_startup.o
 .ARM.attributes
                0x00000311       0x34 projects/microWave-project/out/projects/microWave-project/src/main.o
 .ARM.attributes
                0x00000345       0x34 projects/microWave-project/out/projects/microWave-project/src/TimerTicks.o
 .ARM.attributes
                0x00000379       0x1e c:/nxp/mcuxpressoide_11.2.1_4149/ide/plugins/com.nxp.mcuxpresso.tools.win32_11.2.0.202008311134/tools/bin/../lib/gcc/arm-none-eabi/9.2.1/thumb/v7e-m+fp/hard\libgcc.a(_aeabi_uldivmod.o)
 .ARM.attributes
                0x00000397       0x34 c:/nxp/mcuxpressoide_11.2.1_4149/ide/plugins/com.nxp.mcuxpresso.tools.win32_11.2.0.202008311134/tools/bin/../lib/gcc/arm-none-eabi/9.2.1/thumb/v7e-m+fp/hard\libgcc.a(_udivmoddi4.o)
 .ARM.attributes
                0x000003cb       0x1e c:/nxp/mcuxpressoide_11.2.1_4149/ide/plugins/com.nxp.mcuxpresso.tools.win32_11.2.0.202008311134/tools/bin/../lib/gcc/arm-none-eabi/9.2.1/thumb/v7e-m+fp/hard\libgcc.a(_dvmd_tls.o)
 .ARM.attributes
                0x000003e9       0x34 c:/nxp/mcuxpressoide_11.2.1_4149/ide/plugins/com.nxp.mcuxpresso.tools.win32_11.2.0.202008311134/tools/bin/../lib/gcc/arm-none-eabi/9.2.1/../../../../arm-none-eabi/lib/thumb/v7e-m+fp/hard\libc_nano.a(lib_a-init.o)
 .ARM.attributes
                0x0000041d       0x34 c:/nxp/mcuxpressoide_11.2.1_4149/ide/plugins/com.nxp.mcuxpresso.tools.win32_11.2.0.202008311134/tools/bin/../lib/gcc/arm-none-eabi/9.2.1/../../../../arm-none-eabi/lib/thumb/v7e-m+fp/hard\libc_nano.a(lib_a-memset.o)

.debug_frame    0x00000000     0x17b4
 .debug_frame   0x00000000      0x624 projects/microWave-project/out/projects/microWave-project/gen/MicroWave.o
 .debug_frame   0x00000624       0x5c projects/microWave-project/out/libs/board/edu_ciaa_nxp/src/board_sysinit.o
 .debug_frame   0x00000680      0x204 projects/microWave-project/out/libs/board/edu_ciaa_nxp/src/board.o
 .debug_frame   0x00000884       0x30 projects/microWave-project/out/libs/board/lpc_chip_43xx/src/gpio_18xx_43xx.o
 .debug_frame   0x000008b4       0x70 projects/microWave-project/out/libs/board/lpc_chip_43xx/src/chip_18xx_43xx.o
 .debug_frame   0x00000924      0x320 projects/microWave-project/out/libs/board/lpc_chip_43xx/src/clock_18xx_43xx.o
 .debug_frame   0x00000c44      0x1a0 projects/microWave-project/out/libs/board/lpc_chip_43xx/src/ssp_18xx_43xx.o
 .debug_frame   0x00000de4      0x1f4 projects/microWave-project/out/libs/board/lpc_chip_43xx/src/uart_18xx_43xx.o
 .debug_frame   0x00000fd8      0x278 projects/microWave-project/out/libs/board/lpc_chip_43xx/src/i2c_18xx_43xx.o
 .debug_frame   0x00001250      0x160 projects/microWave-project/out/libs/board/lpc_chip_43xx/src/adc_18xx_43xx.o
 .debug_frame   0x000013b0       0x80 projects/microWave-project/out/libs/board/lpc_chip_43xx/src/sysinit_18xx_43xx.o
 .debug_frame   0x00001430       0x20 projects/microWave-project/out/libs/board/lpc_startup/src/vendor_interrupt.o
 .debug_frame   0x00001450       0x28 projects/microWave-project/out/libs/board/lpc_startup/src/sysinit.o
 .debug_frame   0x00001478      0x114 projects/microWave-project/out/libs/cmsis_core/src/armv7m_startup.o
 .debug_frame   0x0000158c       0xbc projects/microWave-project/out/projects/microWave-project/src/main.o
 .debug_frame   0x00001648       0xc0 projects/microWave-project/out/projects/microWave-project/src/TimerTicks.o
 .debug_frame   0x00001708       0x2c c:/nxp/mcuxpressoide_11.2.1_4149/ide/plugins/com.nxp.mcuxpresso.tools.win32_11.2.0.202008311134/tools/bin/../lib/gcc/arm-none-eabi/9.2.1/thumb/v7e-m+fp/hard\libgcc.a(_aeabi_uldivmod.o)
 .debug_frame   0x00001734       0x34 c:/nxp/mcuxpressoide_11.2.1_4149/ide/plugins/com.nxp.mcuxpresso.tools.win32_11.2.0.202008311134/tools/bin/../lib/gcc/arm-none-eabi/9.2.1/thumb/v7e-m+fp/hard\libgcc.a(_udivmoddi4.o)
 .debug_frame   0x00001768       0x2c c:/nxp/mcuxpressoide_11.2.1_4149/ide/plugins/com.nxp.mcuxpresso.tools.win32_11.2.0.202008311134/tools/bin/../lib/gcc/arm-none-eabi/9.2.1/../../../../arm-none-eabi/lib/thumb/v7e-m+fp/hard\libc_nano.a(lib_a-init.o)
 .debug_frame   0x00001794       0x20 c:/nxp/mcuxpressoide_11.2.1_4149/ide/plugins/com.nxp.mcuxpresso.tools.win32_11.2.0.202008311134/tools/bin/../lib/gcc/arm-none-eabi/9.2.1/../../../../arm-none-eabi/lib/thumb/v7e-m+fp/hard\libc_nano.a(lib_a-memset.o)

Cross Reference Table

Symbol                                            File
ADC0_IRQHandler                                   projects/microWave-project/out/libs/board/lpc_startup/src/vendor_interrupt.o
ADC1_IRQHandler                                   projects/microWave-project/out/libs/board/lpc_startup/src/vendor_interrupt.o
ADCHS_IRQHandler                                  projects/microWave-project/out/libs/board/lpc_startup/src/vendor_interrupt.o
ATIMER_IRQHandler                                 projects/microWave-project/out/libs/board/lpc_startup/src/vendor_interrupt.o
Board_ADC_ReadBegin                               projects/microWave-project/out/libs/board/edu_ciaa_nxp/src/board.o
Board_ADC_ReadEnd                                 projects/microWave-project/out/libs/board/edu_ciaa_nxp/src/board.o
Board_ADC_ReadWait                                projects/microWave-project/out/libs/board/edu_ciaa_nxp/src/board.o
Board_Debug_Init                                  projects/microWave-project/out/libs/board/edu_ciaa_nxp/src/board.o
Board_Init                                        projects/microWave-project/out/libs/board/edu_ciaa_nxp/src/board.o
                                                  projects/microWave-project/out/projects/microWave-project/src/main.o
                                                  projects/microWave-project/out/libs/board/lpc_startup/src/sysinit.o
Board_LED_Set                                     projects/microWave-project/out/libs/board/edu_ciaa_nxp/src/board.o
                                                  projects/microWave-project/out/projects/microWave-project/src/main.o
Board_LED_Test                                    projects/microWave-project/out/libs/board/edu_ciaa_nxp/src/board.o
Board_LED_Toggle                                  projects/microWave-project/out/libs/board/edu_ciaa_nxp/src/board.o
Board_SetupClocking                               projects/microWave-project/out/libs/board/edu_ciaa_nxp/src/board_sysinit.o
Board_SetupMuxing                                 projects/microWave-project/out/libs/board/edu_ciaa_nxp/src/board_sysinit.o
Board_SystemInit                                  projects/microWave-project/out/libs/board/edu_ciaa_nxp/src/board_sysinit.o
                                                  projects/microWave-project/out/libs/board/lpc_startup/src/sysinit.o
Board_TEC_GetStatus                               projects/microWave-project/out/libs/board/edu_ciaa_nxp/src/board.o
                                                  projects/microWave-project/out/projects/microWave-project/src/main.o
Board_UARTGetChar                                 projects/microWave-project/out/libs/board/edu_ciaa_nxp/src/board.o
Board_UARTPutChar                                 projects/microWave-project/out/libs/board/edu_ciaa_nxp/src/board.o
Board_UARTPutSTR                                  projects/microWave-project/out/libs/board/edu_ciaa_nxp/src/board.o
BusFault_Handler                                  projects/microWave-project/out/libs/cmsis_core/src/armv7m_startup.o
Buttons_GetStatus_                                projects/microWave-project/out/projects/microWave-project/src/main.o
CAN0_IRQHandler                                   projects/microWave-project/out/libs/board/lpc_startup/src/vendor_interrupt.o
CAN1_IRQHandler                                   projects/microWave-project/out/libs/board/lpc_startup/src/vendor_interrupt.o
CRP_WORD                                          projects/microWave-project/out/libs/board/lpc_startup/src/crp.o
Chip_ADC_DeInit                                   projects/microWave-project/out/libs/board/lpc_chip_43xx/src/adc_18xx_43xx.o
Chip_ADC_EnableChannel                            projects/microWave-project/out/libs/board/lpc_chip_43xx/src/adc_18xx_43xx.o
                                                  projects/microWave-project/out/libs/board/edu_ciaa_nxp/src/board.o
Chip_ADC_Init                                     projects/microWave-project/out/libs/board/lpc_chip_43xx/src/adc_18xx_43xx.o
                                                  projects/microWave-project/out/libs/board/edu_ciaa_nxp/src/board.o
Chip_ADC_Int_SetChannelCmd                        projects/microWave-project/out/libs/board/lpc_chip_43xx/src/adc_18xx_43xx.o
Chip_ADC_ReadByte                                 projects/microWave-project/out/libs/board/lpc_chip_43xx/src/adc_18xx_43xx.o
Chip_ADC_ReadStatus                               projects/microWave-project/out/libs/board/lpc_chip_43xx/src/adc_18xx_43xx.o
                                                  projects/microWave-project/out/libs/board/edu_ciaa_nxp/src/board.o
Chip_ADC_ReadValue                                projects/microWave-project/out/libs/board/lpc_chip_43xx/src/adc_18xx_43xx.o
                                                  projects/microWave-project/out/libs/board/edu_ciaa_nxp/src/board.o
Chip_ADC_SetBurstCmd                              projects/microWave-project/out/libs/board/lpc_chip_43xx/src/adc_18xx_43xx.o
                                                  projects/microWave-project/out/libs/board/edu_ciaa_nxp/src/board.o
Chip_ADC_SetResolution                            projects/microWave-project/out/libs/board/lpc_chip_43xx/src/adc_18xx_43xx.o
                                                  projects/microWave-project/out/libs/board/edu_ciaa_nxp/src/board.o
Chip_ADC_SetSampleRate                            projects/microWave-project/out/libs/board/lpc_chip_43xx/src/adc_18xx_43xx.o
                                                  projects/microWave-project/out/libs/board/edu_ciaa_nxp/src/board.o
Chip_ADC_SetStartMode                             projects/microWave-project/out/libs/board/lpc_chip_43xx/src/adc_18xx_43xx.o
                                                  projects/microWave-project/out/libs/board/edu_ciaa_nxp/src/board.o
Chip_AES_Config_DMA                               projects/microWave-project/out/libs/board/lpc_chip_43xx/src/aes_18xx_43xx.o
Chip_AES_GetStatusDMA                             projects/microWave-project/out/libs/board/lpc_chip_43xx/src/aes_18xx_43xx.o
Chip_AES_Init                                     projects/microWave-project/out/libs/board/lpc_chip_43xx/src/aes_18xx_43xx.o
Chip_AES_LoadIV_IC                                projects/microWave-project/out/libs/board/lpc_chip_43xx/src/aes_18xx_43xx.o
Chip_AES_LoadIV_SW                                projects/microWave-project/out/libs/board/lpc_chip_43xx/src/aes_18xx_43xx.o
Chip_AES_LoadKey                                  projects/microWave-project/out/libs/board/lpc_chip_43xx/src/aes_18xx_43xx.o
Chip_AES_LoadKeyRNG                               projects/microWave-project/out/libs/board/lpc_chip_43xx/src/aes_18xx_43xx.o
Chip_AES_LoadKeySW                                projects/microWave-project/out/libs/board/lpc_chip_43xx/src/aes_18xx_43xx.o
Chip_AES_Operate                                  projects/microWave-project/out/libs/board/lpc_chip_43xx/src/aes_18xx_43xx.o
Chip_AES_OperateDMA                               projects/microWave-project/out/libs/board/lpc_chip_43xx/src/aes_18xx_43xx.o
Chip_AES_ProgramKey                               projects/microWave-project/out/libs/board/lpc_chip_43xx/src/aes_18xx_43xx.o
Chip_AES_SetMode                                  projects/microWave-project/out/libs/board/lpc_chip_43xx/src/aes_18xx_43xx.o
Chip_ATIMER_DeInit                                projects/microWave-project/out/libs/board/lpc_chip_43xx/src/atimer_18xx_43xx.o
Chip_ATIMER_Init                                  projects/microWave-project/out/libs/board/lpc_chip_43xx/src/atimer_18xx_43xx.o
Chip_CCAN_AddReceiveID                            projects/microWave-project/out/libs/board/lpc_chip_43xx/src/ccan_18xx_43xx.o
Chip_CCAN_ClearStatus                             projects/microWave-project/out/libs/board/lpc_chip_43xx/src/ccan_18xx_43xx.o
Chip_CCAN_DeInit                                  projects/microWave-project/out/libs/board/lpc_chip_43xx/src/ccan_18xx_43xx.o
Chip_CCAN_DeleteReceiveID                         projects/microWave-project/out/libs/board/lpc_chip_43xx/src/ccan_18xx_43xx.o
Chip_CCAN_GetMsgObject                            projects/microWave-project/out/libs/board/lpc_chip_43xx/src/ccan_18xx_43xx.o
Chip_CCAN_Init                                    projects/microWave-project/out/libs/board/lpc_chip_43xx/src/ccan_18xx_43xx.o
Chip_CCAN_Send                                    projects/microWave-project/out/libs/board/lpc_chip_43xx/src/ccan_18xx_43xx.o
Chip_CCAN_SetBitRate                              projects/microWave-project/out/libs/board/lpc_chip_43xx/src/ccan_18xx_43xx.o
Chip_CCAN_SetMsgObject                            projects/microWave-project/out/libs/board/lpc_chip_43xx/src/ccan_18xx_43xx.o
Chip_CCAN_SetValidMsg                             projects/microWave-project/out/libs/board/lpc_chip_43xx/src/ccan_18xx_43xx.o
Chip_CCAN_TransferMsgObject                       projects/microWave-project/out/libs/board/lpc_chip_43xx/src/ccan_18xx_43xx.o
Chip_Clock_CalcMainPLLValue                       projects/microWave-project/out/libs/board/lpc_chip_43xx/src/clock_18xx_43xx.o
                                                  projects/microWave-project/out/libs/board/lpc_chip_43xx/src/sysinit_18xx_43xx.o
Chip_Clock_ClearPowerDown                         projects/microWave-project/out/libs/board/lpc_chip_43xx/src/clock_18xx_43xx.o
Chip_Clock_Disable                                projects/microWave-project/out/libs/board/lpc_chip_43xx/src/clock_18xx_43xx.o
                                                  projects/microWave-project/out/libs/board/lpc_chip_43xx/src/ccan_18xx_43xx.o
                                                  projects/microWave-project/out/libs/board/lpc_chip_43xx/src/dac_18xx_43xx.o
                                                  projects/microWave-project/out/libs/board/lpc_chip_43xx/src/lcd_18xx_43xx.o
                                                  projects/microWave-project/out/libs/board/lpc_chip_43xx/src/gpdma_18xx_43xx.o
                                                  projects/microWave-project/out/libs/board/lpc_chip_43xx/src/sct_18xx_43xx.o
                                                  projects/microWave-project/out/libs/board/lpc_chip_43xx/src/i2cm_18xx_43xx.o
                                                  projects/microWave-project/out/libs/board/lpc_chip_43xx/src/adc_18xx_43xx.o
                                                  projects/microWave-project/out/libs/board/lpc_chip_43xx/src/ritimer_18xx_43xx.o
                                                  projects/microWave-project/out/libs/board/lpc_chip_43xx/src/timer_18xx_43xx.o
                                                  projects/microWave-project/out/libs/board/lpc_chip_43xx/src/i2c_18xx_43xx.o
                                                  projects/microWave-project/out/libs/board/lpc_chip_43xx/src/enet_18xx_43xx.o
                                                  projects/microWave-project/out/libs/board/lpc_chip_43xx/src/uart_18xx_43xx.o
                                                  projects/microWave-project/out/libs/board/lpc_chip_43xx/src/ssp_18xx_43xx.o
                                                  projects/microWave-project/out/libs/board/lpc_chip_43xx/src/i2s_18xx_43xx.o
                                                  projects/microWave-project/out/libs/board/lpc_chip_43xx/src/spi_18xx_43xx.o
                                                  projects/microWave-project/out/libs/board/lpc_chip_43xx/src/sdif_18xx_43xx.o
Chip_Clock_DisableBaseClock                       projects/microWave-project/out/libs/board/lpc_chip_43xx/src/clock_18xx_43xx.o
Chip_Clock_DisableCrystal                         projects/microWave-project/out/libs/board/lpc_chip_43xx/src/clock_18xx_43xx.o
Chip_Clock_DisablePLL                             projects/microWave-project/out/libs/board/lpc_chip_43xx/src/clock_18xx_43xx.o
Chip_Clock_Enable                                 projects/microWave-project/out/libs/board/lpc_chip_43xx/src/clock_18xx_43xx.o
                                                  projects/microWave-project/out/libs/board/lpc_chip_43xx/src/i2cm_18xx_43xx.o
                                                  projects/microWave-project/out/libs/board/lpc_chip_43xx/src/timer_18xx_43xx.o
                                                  projects/microWave-project/out/libs/board/lpc_chip_43xx/src/i2c_18xx_43xx.o
                                                  projects/microWave-project/out/libs/board/lpc_chip_43xx/src/ssp_18xx_43xx.o
                                                  projects/microWave-project/out/libs/board/lpc_chip_43xx/src/i2s_18xx_43xx.o
                                                  projects/microWave-project/out/libs/board/lpc_chip_43xx/src/spi_18xx_43xx.o
Chip_Clock_EnableBaseClock                        projects/microWave-project/out/libs/board/lpc_chip_43xx/src/clock_18xx_43xx.o
                                                  projects/microWave-project/out/libs/board/lpc_chip_43xx/src/chip_18xx_43xx.o
Chip_Clock_EnableCrystal                          projects/microWave-project/out/libs/board/lpc_chip_43xx/src/clock_18xx_43xx.o
                                                  projects/microWave-project/out/libs/board/lpc_chip_43xx/src/sysinit_18xx_43xx.o
Chip_Clock_EnableOpts                             projects/microWave-project/out/libs/board/lpc_chip_43xx/src/clock_18xx_43xx.o
                                                  projects/microWave-project/out/libs/board/lpc_chip_43xx/src/ccan_18xx_43xx.o
                                                  projects/microWave-project/out/libs/board/lpc_chip_43xx/src/dac_18xx_43xx.o
                                                  projects/microWave-project/out/libs/board/lpc_chip_43xx/src/lcd_18xx_43xx.o
                                                  projects/microWave-project/out/libs/board/lpc_chip_43xx/src/gpdma_18xx_43xx.o
                                                  projects/microWave-project/out/libs/board/lpc_chip_43xx/src/sct_18xx_43xx.o
                                                  projects/microWave-project/out/libs/board/lpc_chip_43xx/src/adc_18xx_43xx.o
                                                  projects/microWave-project/out/libs/board/lpc_chip_43xx/src/ritimer_18xx_43xx.o
                                                  projects/microWave-project/out/libs/board/lpc_chip_43xx/src/enet_18xx_43xx.o
                                                  projects/microWave-project/out/libs/board/lpc_chip_43xx/src/uart_18xx_43xx.o
                                                  projects/microWave-project/out/libs/board/lpc_chip_43xx/src/sdif_18xx_43xx.o
                                                  projects/microWave-project/out/libs/board/lpc_chip_43xx/src/chip_18xx_43xx.o
Chip_Clock_EnablePLL                              projects/microWave-project/out/libs/board/lpc_chip_43xx/src/clock_18xx_43xx.o
                                                  projects/microWave-project/out/libs/board/lpc_chip_43xx/src/chip_18xx_43xx.o
Chip_Clock_GetBaseClock                           projects/microWave-project/out/libs/board/lpc_chip_43xx/src/clock_18xx_43xx.o
Chip_Clock_GetBaseClockOpts                       projects/microWave-project/out/libs/board/lpc_chip_43xx/src/clock_18xx_43xx.o
Chip_Clock_GetBaseClocktHz                        projects/microWave-project/out/libs/board/lpc_chip_43xx/src/clock_18xx_43xx.o
                                                  projects/microWave-project/out/libs/board/lpc_chip_43xx/src/sdio_18xx_43xx.o
                                                  projects/microWave-project/out/libs/board/lpc_chip_43xx/src/sdmmc_18xx_43xx.o
Chip_Clock_GetClockInputHz                        projects/microWave-project/out/libs/board/lpc_chip_43xx/src/clock_18xx_43xx.o
                                                  projects/microWave-project/out/libs/board/lpc_chip_43xx/src/chip_18xx_43xx.o
Chip_Clock_GetDividerDivisor                      projects/microWave-project/out/libs/board/lpc_chip_43xx/src/clock_18xx_43xx.o
Chip_Clock_GetDividerSource                       projects/microWave-project/out/libs/board/lpc_chip_43xx/src/clock_18xx_43xx.o
Chip_Clock_GetEMCRate                             projects/microWave-project/out/libs/board/lpc_chip_43xx/src/clock_18xx_43xx.o
                                                  projects/microWave-project/out/libs/board/lpc_chip_43xx/src/emc_18xx_43xx.o
Chip_Clock_GetMainPLLHz                           projects/microWave-project/out/libs/board/lpc_chip_43xx/src/clock_18xx_43xx.o
Chip_Clock_GetPLLStatus                           projects/microWave-project/out/libs/board/lpc_chip_43xx/src/clock_18xx_43xx.o
                                                  projects/microWave-project/out/libs/board/lpc_chip_43xx/src/chip_18xx_43xx.o
Chip_Clock_GetRate                                projects/microWave-project/out/libs/board/lpc_chip_43xx/src/clock_18xx_43xx.o