Archive member included to satisfy reference by file (symbol)

c:/nxp/mcuxpressoide_11.2.1_4149/ide/plugins/com.nxp.mcuxpresso.tools.win32_11.2.0.202008311134/tools/bin/../lib/gcc/arm-none-eabi/9.2.1/thumb/v7e-m+fp/hard\libgcc.a(_aeabi_uldivmod.o)
                              projects/funcGen-project/out/libs/board/lpc_chip_43xx/src/i2s_18xx_43xx.o (__aeabi_uldivmod)
c:/nxp/mcuxpressoide_11.2.1_4149/ide/plugins/com.nxp.mcuxpresso.tools.win32_11.2.0.202008311134/tools/bin/../lib/gcc/arm-none-eabi/9.2.1/thumb/v7e-m+fp/hard\libgcc.a(_udivmoddi4.o)
                              c:/nxp/mcuxpressoide_11.2.1_4149/ide/plugins/com.nxp.mcuxpresso.tools.win32_11.2.0.202008311134/tools/bin/../lib/gcc/arm-none-eabi/9.2.1/thumb/v7e-m+fp/hard\libgcc.a(_aeabi_uldivmod.o) (__udivmoddi4)
c:/nxp/mcuxpressoide_11.2.1_4149/ide/plugins/com.nxp.mcuxpresso.tools.win32_11.2.0.202008311134/tools/bin/../lib/gcc/arm-none-eabi/9.2.1/thumb/v7e-m+fp/hard\libgcc.a(_dvmd_tls.o)
                              c:/nxp/mcuxpressoide_11.2.1_4149/ide/plugins/com.nxp.mcuxpresso.tools.win32_11.2.0.202008311134/tools/bin/../lib/gcc/arm-none-eabi/9.2.1/thumb/v7e-m+fp/hard\libgcc.a(_aeabi_uldivmod.o) (__aeabi_ldiv0)
c:/nxp/mcuxpressoide_11.2.1_4149/ide/plugins/com.nxp.mcuxpresso.tools.win32_11.2.0.202008311134/tools/bin/../lib/gcc/arm-none-eabi/9.2.1/../../../../arm-none-eabi/lib/thumb/v7e-m+fp/hard\libc_nano.a(lib_a-init.o)
                              projects/funcGen-project/out/libs/cmsis_core/src/armv7m_startup.o (__libc_init_array)
c:/nxp/mcuxpressoide_11.2.1_4149/ide/plugins/com.nxp.mcuxpresso.tools.win32_11.2.0.202008311134/tools/bin/../lib/gcc/arm-none-eabi/9.2.1/../../../../arm-none-eabi/lib/thumb/v7e-m+fp/hard\libc_nano.a(lib_a-memcpy-stub.o)
                              projects/funcGen-project/out/libs/board/lpc_chip_43xx/src/ring_buffer.o (memcpy)
c:/nxp/mcuxpressoide_11.2.1_4149/ide/plugins/com.nxp.mcuxpresso.tools.win32_11.2.0.202008311134/tools/bin/../lib/gcc/arm-none-eabi/9.2.1/../../../../arm-none-eabi/lib/thumb/v7e-m+fp/hard\libc_nano.a(lib_a-memset.o)
                              projects/funcGen-project/out/libs/board/lpc_chip_43xx/src/clock_18xx_43xx.o (memset)

Allocating common symbols
Common symbol       size              file

SystemCoreClock     0x4               projects/funcGen-project/out/libs/board/lpc_chip_43xx/src/chip_18xx_43xx.o
ticks               0x10              projects/funcGen-project/out/projects/funcGen-project/src/main.o

Discarded input sections

 .group         0x00000000        0xc projects/funcGen-project/out/projects/funcGen-project/gen/FuncGen.o
 .group         0x00000000        0xc projects/funcGen-project/out/projects/funcGen-project/gen/FuncGen.o
 .group         0x00000000        0xc projects/funcGen-project/out/projects/funcGen-project/gen/FuncGen.o
 .group         0x00000000        0xc projects/funcGen-project/out/projects/funcGen-project/gen/FuncGen.o
 .group         0x00000000        0xc projects/funcGen-project/out/projects/funcGen-project/gen/FuncGen.o
 .group         0x00000000        0xc projects/funcGen-project/out/projects/funcGen-project/gen/FuncGen.o
 .group         0x00000000        0xc projects/funcGen-project/out/projects/funcGen-project/gen/FuncGen.o
 .group         0x00000000        0xc projects/funcGen-project/out/projects/funcGen-project/gen/FuncGen.o
 .group         0x00000000        0xc projects/funcGen-project/out/projects/funcGen-project/gen/FuncGen.o
 .group         0x00000000        0xc projects/funcGen-project/out/projects/funcGen-project/gen/FuncGen.o
 .text          0x00000000        0x0 projects/funcGen-project/out/projects/funcGen-project/gen/FuncGen.o
 .data          0x00000000        0x0 projects/funcGen-project/out/projects/funcGen-project/gen/FuncGen.o
 .bss           0x00000000        0x0 projects/funcGen-project/out/projects/funcGen-project/gen/FuncGen.o
 .text.exseq_form_region
                0x00000000       0x24 projects/funcGen-project/out/projects/funcGen-project/gen/FuncGen.o
 .text.exseq_control_region
                0x00000000       0x1a projects/funcGen-project/out/projects/funcGen-project/gen/FuncGen.o
 .text.exseq_main_region
                0x00000000       0x10 projects/funcGen-project/out/projects/funcGen-project/gen/FuncGen.o
 .text.exseq_TEC
                0x00000000       0x2a projects/funcGen-project/out/projects/funcGen-project/gen/FuncGen.o
 .text.funcGen_exit
                0x00000000       0x1c projects/funcGen-project/out/projects/funcGen-project/gen/FuncGen.o
 .text.funcGen_isActive
                0x00000000       0x22 projects/funcGen-project/out/projects/funcGen-project/gen/FuncGen.o
 .text.funcGen_isFinal
                0x00000000        0x4 projects/funcGen-project/out/projects/funcGen-project/gen/FuncGen.o
 .text.funcGen_isStateActive
                0x00000000       0x90 projects/funcGen-project/out/projects/funcGen-project/gen/FuncGen.o
 .text.funcGenIface_raise_evTecNotPressed
[...]
Memory Configuration

Name             Origin             Length             Attributes
MFlashA512       0x1a000000         0x00080000         xr
MFlashB512       0x1b000000         0x00080000         xr
RamLoc32         0x10000000         0x00008000         xrw
RamLoc40         0x10080000         0x0000a000         xrw
RamAHB32         0x20000000         0x00008000         xrw
RamAHB16         0x20008000         0x00004000         xrw
RamAHB_ETB16     0x2000c000         0x00004000         xrw
*default*        0x00000000         0xffffffff

Linker script and memory map

START GROUP
LOAD projects/funcGen-project/out/projects/funcGen-project/gen/FuncGen.o
LOAD projects/funcGen-project/out/libs/board/edu_ciaa_nxp/src/board_sysinit.o
LOAD projects/funcGen-project/out/libs/board/edu_ciaa_nxp/src/board.o
LOAD projects/funcGen-project/out/libs/board/lpc_chip_43xx/src/pinint_18xx_43xx.o
LOAD projects/funcGen-project/out/libs/board/lpc_chip_43xx/src/otp_18xx_43xx.o
LOAD projects/funcGen-project/out/libs/board/lpc_chip_43xx/src/gpio_18xx_43xx.o
LOAD projects/funcGen-project/out/libs/board/lpc_chip_43xx/src/emc_18xx_43xx.o
LOAD projects/funcGen-project/out/libs/board/lpc_chip_43xx/src/chip_18xx_43xx.o
LOAD projects/funcGen-project/out/libs/board/lpc_chip_43xx/src/wwdt_18xx_43xx.o
LOAD projects/funcGen-project/out/libs/board/lpc_chip_43xx/src/sdif_18xx_43xx.o
LOAD projects/funcGen-project/out/libs/board/lpc_chip_43xx/src/spi_18xx_43xx.o
LOAD projects/funcGen-project/out/libs/board/lpc_chip_43xx/src/i2s_18xx_43xx.o
LOAD projects/funcGen-project/out/libs/board/lpc_chip_43xx/src/clock_18xx_43xx.o
LOAD projects/funcGen-project/out/libs/board/lpc_chip_43xx/src/pmc_18xx_43xx.o
LOAD projects/funcGen-project/out/libs/board/lpc_chip_43xx/src/ring_buffer.o
LOAD projects/funcGen-project/out/libs/board/lpc_chip_43xx/src/stopwatch_18xx_43xx.o
LOAD projects/funcGen-project/out/libs/board/lpc_chip_43xx/src/ssp_18xx_43xx.o
LOAD projects/funcGen-project/out/libs/board/lpc_chip_43xx/src/uart_18xx_43xx.o
LOAD projects/funcGen-project/out/libs/board/lpc_chip_43xx/src/enet_18xx_43xx.o
LOAD projects/funcGen-project/out/libs/board/lpc_chip_43xx/src/i2c_18xx_43xx.o
LOAD projects/funcGen-project/out/libs/board/lpc_chip_43xx/src/sdmmc_18xx_43xx.o
LOAD projects/funcGen-project/out/libs/board/lpc_chip_43xx/src/timer_18xx_43xx.o
LOAD projects/funcGen-project/out/libs/board/lpc_chip_43xx/src/ritimer_18xx_43xx.o
LOAD projects/funcGen-project/out/libs/board/lpc_chip_43xx/src/sct_pwm_18xx_43xx.o
LOAD projects/funcGen-project/out/libs/board/lpc_chip_43xx/src/adc_18xx_43xx.o
LOAD projects/funcGen-project/out/libs/board/lpc_chip_43xx/src/sysinit_18xx_43xx.o
LOAD projects/funcGen-project/out/libs/board/lpc_chip_43xx/src/iap_18xx_43xx.o
LOAD projects/funcGen-project/out/libs/board/lpc_chip_43xx/src/i2cm_18xx_43xx.o
LOAD projects/funcGen-project/out/libs/board/lpc_chip_43xx/src/evrt_18xx_43xx.o
LOAD projects/funcGen-project/out/libs/board/lpc_chip_43xx/src/sct_18xx_43xx.o
LOAD projects/funcGen-project/out/libs/board/lpc_chip_43xx/src/rtc_18xx_43xx.o
LOAD projects/funcGen-project/out/libs/board/lpc_chip_43xx/src/gpdma_18xx_43xx.o
LOAD projects/funcGen-project/out/libs/board/lpc_chip_43xx/src/atimer_18xx_43xx.o
LOAD projects/funcGen-project/out/libs/board/lpc_chip_43xx/src/eeprom_18xx_43xx.o
LOAD projects/funcGen-project/out/libs/board/lpc_chip_43xx/src/aes_18xx_43xx.o
LOAD projects/funcGen-project/out/libs/board/lpc_chip_43xx/src/lcd_18xx_43xx.o
LOAD projects/funcGen-project/out/libs/board/lpc_chip_43xx/src/dac_18xx_43xx.o
LOAD projects/funcGen-project/out/libs/board/lpc_chip_43xx/src/sdio_18xx_43xx.o
LOAD projects/funcGen-project/out/libs/board/lpc_chip_43xx/src/gpiogroup_18xx_43xx.o
LOAD projects/funcGen-project/out/libs/board/lpc_chip_43xx/src/ccan_18xx_43xx.o
LOAD projects/funcGen-project/out/libs/board/lpc_startup/src/vendor_interrupt.o
LOAD projects/funcGen-project/out/libs/board/lpc_startup/src/sysinit.o
LOAD projects/funcGen-project/out/libs/board/lpc_startup/src/crp.o
LOAD projects/funcGen-project/out/libs/cmsis_core/src/armv7m_startup.o
LOAD projects/funcGen-project/out/projects/funcGen-project/src/main.o
LOAD projects/funcGen-project/out/projects/funcGen-project/src/TimerTicks.o
END GROUP
LOAD c:/nxp/mcuxpressoide_11.2.1_4149/ide/plugins/com.nxp.mcuxpresso.tools.win32_11.2.0.202008311134/tools/bin/../lib/gcc/arm-none-eabi/9.2.1/../../../../arm-none-eabi/lib/thumb/v7e-m+fp/hard\libstdc++_nano.a
LOAD c:/nxp/mcuxpressoide_11.2.1_4149/ide/plugins/com.nxp.mcuxpresso.tools.win32_11.2.0.202008311134/tools/bin/../lib/gcc/arm-none-eabi/9.2.1/../../../../arm-none-eabi/lib/thumb/v7e-m+fp/hard\libm.a
START GROUP
LOAD c:/nxp/mcuxpressoide_11.2.1_4149/ide/plugins/com.nxp.mcuxpresso.tools.win32_11.2.0.202008311134/tools/bin/../lib/gcc/arm-none-eabi/9.2.1/thumb/v7e-m+fp/hard\libgcc.a
LOAD c:/nxp/mcuxpressoide_11.2.1_4149/ide/plugins/com.nxp.mcuxpresso.tools.win32_11.2.0.202008311134/tools/bin/../lib/gcc/arm-none-eabi/9.2.1/../../../../arm-none-eabi/lib/thumb/v7e-m+fp/hard\libc_nano.a
END GROUP
START GROUP
LOAD c:/nxp/mcuxpressoide_11.2.1_4149/ide/plugins/com.nxp.mcuxpresso.tools.win32_11.2.0.202008311134/tools/bin/../lib/gcc/arm-none-eabi/9.2.1/thumb/v7e-m+fp/hard\libgcc.a
LOAD c:/nxp/mcuxpressoide_11.2.1_4149/ide/plugins/com.nxp.mcuxpresso.tools.win32_11.2.0.202008311134/tools/bin/../lib/gcc/arm-none-eabi/9.2.1/../../../../arm-none-eabi/lib/thumb/v7e-m+fp/hard\libc_nano.a
END GROUP
                0x1a080000                __top_MFlashA512 = 0x1a080000
                0x1b080000                __top_MFlashB512 = 0x1b080000
                0x10008000                __top_RamLoc32 = 0x10008000
                0x1008a000                __top_RamLoc40 = 0x1008a000
                0x20008000                __top_RamAHB32 = 0x20008000
                0x2000c000                __top_RamAHB16 = 0x2000c000
                0x20010000                __top_RamAHB_ETB16 = 0x20010000
START GROUP
LOAD c:/nxp/mcuxpressoide_11.2.1_4149/ide/plugins/com.nxp.mcuxpresso.tools.win32_11.2.0.202008311134/tools/bin/../lib/gcc/arm-none-eabi/9.2.1/thumb/v7e-m+fp/hard\libgcc.a
LOAD c:/nxp/mcuxpressoide_11.2.1_4149/ide/plugins/com.nxp.mcuxpresso.tools.win32_11.2.0.202008311134/tools/bin/../lib/gcc/arm-none-eabi/9.2.1/../../../../arm-none-eabi/lib/thumb/v7e-m+fp/hard\libc.a
LOAD c:/nxp/mcuxpressoide_11.2.1_4149/ide/plugins/com.nxp.mcuxpresso.tools.win32_11.2.0.202008311134/tools/bin/../lib/gcc/arm-none-eabi/9.2.1/../../../../arm-none-eabi/lib/thumb/v7e-m+fp/hard\libm.a
END GROUP

.text_Flash2    0x1b000000        0x0
 FILL mask 0xff
 *(.text_Flash2*)
 *(.text_MFlashB512*)
 *(.text.$Flash2*)
 *(.text.$MFlashB512*)
 *(.rodata.$Flash2*)
 *(.rodata.$MFlashB512*)

.text           0x1a000000     0x1c44
 FILL mask 0xff
                0x1a000000                __vectors_start__ = ABSOLUTE (.)
 *(.isr_vector)
 .isr_vector    0x1a000000       0x40 projects/funcGen-project/out/libs/cmsis_core/src/armv7m_startup.o
                0x1a000000                g_pfnVectors
 *(.isr_vendor_vector)
 .isr_vendor_vector
                0x1a000040       0xd4 projects/funcGen-project/out/libs/board/lpc_startup/src/vendor_interrupt.o
                0x1a000040                g_pfnVendorVectors
                0x1a000114                . = ALIGN (0x4)
                0x1a000114                __section_table_start = .
                0x1a000114                __data_section_table = .
                0x1a000114        0x4 LONG 0x1a001c4c LOADADDR (.data)
                0x1a000118        0x4 LONG 0x10000000 ADDR (.data)
                0x1a00011c        0x4 LONG 0x38 SIZEOF (.data)
                0x1a000120        0x4 LONG 0x1a001c4c LOADADDR (.data_RAM2)
                0x1a000124        0x4 LONG 0x10080000 ADDR (.data_RAM2)
                0x1a000128        0x4 LONG 0x0 SIZEOF (.data_RAM2)
                0x1a00012c        0x4 LONG 0x1a001c4c LOADADDR (.data_RAM3)
                0x1a000130        0x4 LONG 0x20000000 ADDR (.data_RAM3)
                0x1a000134        0x4 LONG 0x0 SIZEOF (.data_RAM3)
                0x1a000138        0x4 LONG 0x1a001c4c LOADADDR (.data_RAM4)
                0x1a00013c        0x4 LONG 0x20008000 ADDR (.data_RAM4)
                0x1a000140        0x4 LONG 0x0 SIZEOF (.data_RAM4)
                0x1a000144        0x4 LONG 0x1a001c4c LOADADDR (.data_RAM5)
                0x1a000148        0x4 LONG 0x2000c000 ADDR (.data_RAM5)
                0x1a00014c        0x4 LONG 0x0 SIZEOF (.data_RAM5)
                0x1a000150                __data_section_table_end = .
                0x1a000150                __bss_section_table = .
                0x1a000150        0x4 LONG 0x10000038 ADDR (.bss)
                0x1a000154        0x4 LONG 0x48 SIZEOF (.bss)
                0x1a000158        0x4 LONG 0x10080000 ADDR (.bss_RAM2)
                0x1a00015c        0x4 LONG 0x0 SIZEOF (.bss_RAM2)
                0x1a000160        0x4 LONG 0x20000000 ADDR (.bss_RAM3)
                0x1a000164        0x4 LONG 0x0 SIZEOF (.bss_RAM3)
                0x1a000168        0x4 LONG 0x20008000 ADDR (.bss_RAM4)
                0x1a00016c        0x4 LONG 0x0 SIZEOF (.bss_RAM4)
                0x1a000170        0x4 LONG 0x2000c000 ADDR (.bss_RAM5)
                0x1a000174        0x4 LONG 0x0 SIZEOF (.bss_RAM5)
                0x1a000178                __bss_section_table_end = .
                0x1a000178                __section_table_end = .
 *(.after_vectors*)
 .after_vectors
                0x1a000178        0x2 projects/funcGen-project/out/libs/board/lpc_startup/src/vendor_interrupt.o
                0x1a000178                TIMER2_IRQHandler
                0x1a000178                RIT_IRQHandler
                0x1a000178                ADCHS_IRQHandler
                0x1a000178                FLASH_EEPROM_IRQHandler
                0x1a000178                I2C0_IRQHandler
                0x1a000178                SDIO_IRQHandler
                0x1a000178                ATIMER_IRQHandler
                0x1a000178                I2C1_IRQHandler
                0x1a000178                UART1_IRQHandler
                0x1a000178                GPIO5_IRQHandler
                0x1a000178                CAN1_IRQHandler
                0x1a000178                USB1_IRQHandler
                0x1a000178                I2S0_IRQHandler
                0x1a000178                TIMER3_IRQHandler
                0x1a000178                UART0_IRQHandler
                0x1a000178                SGPIO_IRQHandler
                0x1a000178                ADC0_IRQHandler
                0x1a000178                GPIO6_IRQHandler
                0x1a000178                IntDefaultHandler
                0x1a000178                GPIO1_IRQHandler
                0x1a000178                SSP0_IRQHandler
                0x1a000178                ADC1_IRQHandler
                0x1a000178                RTC_IRQHandler
                0x1a000178                TIMER0_IRQHandler
                0x1a000178                SPI_IRQHandler
                0x1a000178                LCD_IRQHandler
                0x1a000178                TIMER1_IRQHandler
                0x1a000178                UART2_IRQHandler
                0x1a000178                GPIO2_IRQHandler
                0x1a000178                I2S1_IRQHandler
                0x1a000178                SSP1_IRQHandler
                0x1a000178                USB0_IRQHandler
                0x1a000178                GPIO3_IRQHandler
                0x1a000178                SCT_IRQHandler
                0x1a000178                WDT_IRQHandler
                0x1a000178                GPIO7_IRQHandler
                0x1a000178                SPIFI_IRQHandler
                0x1a000178                QEI_IRQHandler
                0x1a000178                ETH_IRQHandler
                0x1a000178                CAN0_IRQHandler
                0x1a000178                GINT0_IRQHandler
                0x1a000178                DAC_IRQHandler
                0x1a000178                M0SUB_IRQHandler
                0x1a000178                GPIO0_IRQHandler
                0x1a000178                DMA_IRQHandler
                0x1a000178                EVRT_IRQHandler
                0x1a000178                UART3_IRQHandler
                0x1a000178                MCPWM_IRQHandler
                0x1a000178                M0APP_IRQHandler
                0x1a000178                GINT1_IRQHandler
                0x1a000178                GPIO4_IRQHandler
 .after_vectors
                0x1a00017a       0x42 projects/funcGen-project/out/libs/cmsis_core/src/armv7m_startup.o
                0x1a00017a                NMI_Handler
                0x1a00017c                HardFault_Handler
                0x1a00017e                MemManage_Handler
                0x1a000180                BusFault_Handler
                0x1a000182                UsageFault_Handler
                0x1a000184                SVC_Handler
                0x1a000186                DebugMon_Handler
                0x1a000188                PendSV_Handler
                0x1a00018c                data_init
                0x1a0001aa                bss_init
                0x000002fc                . = 0x2fc
 *fill*         0x1a0001bc      0x140 ff
                0x1a0002fc                PROVIDE (__CRP_WORD_START__ = .)
 *(.crp)
 .crp           0x1a0002fc        0x4 projects/funcGen-project/out/libs/board/lpc_startup/src/crp.o
                0x1a0002fc                CRP_WORD
                0x1a000300                PROVIDE (__CRP_WORD_END__ = .)
                0x00000001                ASSERT (! ((__CRP_WORD_START__ == __CRP_WORD_END__)), Linker CRP Enabled, but no CRP_WORD provided within application)
 *(.text*)
 .text.clearInEvents
                0x1a000300       0x16 projects/funcGen-project/out/projects/funcGen-project/gen/FuncGen.o
 .text.enact_form_region_SQUARE
                0x1a000316        0x6 projects/funcGen-project/out/projects/funcGen-project/gen/FuncGen.o
 .text.enact_form_region_SINOIDAL
                0x1a00031c        0x6 projects/funcGen-project/out/projects/funcGen-project/gen/FuncGen.o
 .text.enact_form_region_TRIANGULAR
                0x1a000322        0x6 projects/funcGen-project/out/projects/funcGen-project/gen/FuncGen.o
 .text.enact_control_region_VOLTAGE
                0x1a000328        0x6 projects/funcGen-project/out/projects/funcGen-project/gen/FuncGen.o
 .text.enact_control_region_FREQUENCY
                0x1a00032e        0x6 projects/funcGen-project/out/projects/funcGen-project/gen/FuncGen.o
 .text.enact_TEC_PRESSED
                0x1a000334        0xa projects/funcGen-project/out/projects/funcGen-project/gen/FuncGen.o
 .text.enseq_form_region_SQUARE_default
                0x1a00033e       0x12 projects/funcGen-project/out/projects/funcGen-project/gen/FuncGen.o
 .text.enseq_form_region_SINOIDAL_default
                0x1a000350       0x12 projects/funcGen-project/out/projects/funcGen-project/gen/FuncGen.o
 .text.enseq_form_region_TRIANGULAR_default
                0x1a000362       0x12 projects/funcGen-project/out/projects/funcGen-project/gen/FuncGen.o
 .text.enseq_control_region_VOLTAGE_default
                0x1a000374       0x12 projects/funcGen-project/out/projects/funcGen-project/gen/FuncGen.o
 .text.enseq_control_region_FREQUENCY_default
                0x1a000386       0x12 projects/funcGen-project/out/projects/funcGen-project/gen/FuncGen.o
 .text.enseq_TEC_NOT_PRESSED_default
                0x1a000398        0xa projects/funcGen-project/out/projects/funcGen-project/gen/FuncGen.o
 .text.enseq_TEC_PRESSED_default
                0x1a0003a2       0x12 projects/funcGen-project/out/projects/funcGen-project/gen/FuncGen.o
 .text.enseq_TEC_VALIDATION_default
                0x1a0003b4        0xa projects/funcGen-project/out/projects/funcGen-project/gen/FuncGen.o
 .text.enseq_main_region_WAIT_default
                0x1a0003be        0xa projects/funcGen-project/out/projects/funcGen-project/gen/FuncGen.o
 .text.exseq_form_region_SQUARE
                0x1a0003c8        0x8 projects/funcGen-project/out/projects/funcGen-project/gen/FuncGen.o
 .text.exseq_form_region_SINOIDAL
                0x1a0003d0        0x8 projects/funcGen-project/out/projects/funcGen-project/gen/FuncGen.o
 .text.exseq_form_region_TRIANGULAR
                0x1a0003d8        0x8 projects/funcGen-project/out/projects/funcGen-project/gen/FuncGen.o
 .text.exseq_control_region_VOLTAGE
                0x1a0003e0        0xa projects/funcGen-project/out/projects/funcGen-project/gen/FuncGen.o
 .text.exseq_control_region_FREQUENCY
                0x1a0003ea        0xa projects/funcGen-project/out/projects/funcGen-project/gen/FuncGen.o
 .text.exseq_TEC_NOT_PRESSED
                0x1a0003f4        0xa projects/funcGen-project/out/projects/funcGen-project/gen/FuncGen.o
 .text.exseq_TEC_PRESSED
                0x1a0003fe        0xa projects/funcGen-project/out/projects/funcGen-project/gen/FuncGen.o
 .text.exseq_TEC_VALIDATION
                0x1a000408        0xa projects/funcGen-project/out/projects/funcGen-project/gen/FuncGen.o
 .text.exseq_main_region_WAIT
                0x1a000412        0xa projects/funcGen-project/out/projects/funcGen-project/gen/FuncGen.o
 .text.react_form_region__entry_Default
                0x1a00041c        0x8 projects/funcGen-project/out/projects/funcGen-project/gen/FuncGen.o
 .text.enseq_form_region_default
                0x1a000424        0x8 projects/funcGen-project/out/projects/funcGen-project/gen/FuncGen.o
 .text.react_control_region__entry_Default
                0x1a00042c        0x8 projects/funcGen-project/out/projects/funcGen-project/gen/FuncGen.o
 .text.enseq_control_region_default
                0x1a000434        0x8 projects/funcGen-project/out/projects/funcGen-project/gen/FuncGen.o
 .text.react_TEC__entry_Default
                0x1a00043c        0x8 projects/funcGen-project/out/projects/funcGen-project/gen/FuncGen.o
 .text.enseq_TEC_default
                0x1a000444        0x8 projects/funcGen-project/out/projects/funcGen-project/gen/FuncGen.o
 .text.react_main_region__entry_Default
                0x1a00044c        0x8 projects/funcGen-project/out/projects/funcGen-project/gen/FuncGen.o
 .text.enseq_main_region_default
                0x1a000454        0x8 projects/funcGen-project/out/projects/funcGen-project/gen/FuncGen.o
 .text.react    0x1a00045c        0x4 projects/funcGen-project/out/projects/funcGen-project/gen/FuncGen.o
 .text.form_region_SQUARE_react
                0x1a000460       0x26 projects/funcGen-project/out/projects/funcGen-project/gen/FuncGen.o
 .text.form_region_SINOIDAL_react
                0x1a000486       0x26 projects/funcGen-project/out/projects/funcGen-project/gen/FuncGen.o
 .text.form_region_TRIANGULAR_react
                0x1a0004ac       0x26 projects/funcGen-project/out/projects/funcGen-project/gen/FuncGen.o
 .text.TEC_PRESSED_react
                0x1a0004d2       0x1e projects/funcGen-project/out/projects/funcGen-project/gen/FuncGen.o
 .text.TEC_VALIDATION_react
                0x1a0004f0       0x2e projects/funcGen-project/out/projects/funcGen-project/gen/FuncGen.o
 .text.main_region_WAIT_react
                0x1a00051e       0x7a projects/funcGen-project/out/projects/funcGen-project/gen/FuncGen.o
 .text.control_region_VOLTAGE_react
                0x1a000598       0x4a projects/funcGen-project/out/projects/funcGen-project/gen/FuncGen.o
 .text.control_region_FREQUENCY_react
                0x1a0005e2       0x4a projects/funcGen-project/out/projects/funcGen-project/gen/FuncGen.o
 .text.exact_TEC_DEBOUNCE
                0x1a00062c        0xc projects/funcGen-project/out/projects/funcGen-project/gen/FuncGen.o
 .text.exseq_TEC_DEBOUNCE
                0x1a000638       0x10 projects/funcGen-project/out/projects/funcGen-project/gen/FuncGen.o
 .text.TEC_DEBOUNCE_react
                0x1a000648       0x20 projects/funcGen-project/out/projects/funcGen-project/gen/FuncGen.o
 .text.enact_TEC_DEBOUNCE
                0x1a000668       0x10 projects/funcGen-project/out/projects/funcGen-project/gen/FuncGen.o
 .text.enseq_TEC_DEBOUNCE_default
                0x1a000678       0x12 projects/funcGen-project/out/projects/funcGen-project/gen/FuncGen.o
 .text.TEC_NOT_PRESSED_react
                0x1a00068a       0x1e projects/funcGen-project/out/projects/funcGen-project/gen/FuncGen.o
 .text.funcGen_init
                0x1a0006a8       0x24 projects/funcGen-project/out/projects/funcGen-project/gen/FuncGen.o
                0x1a0006a8                funcGen_init
 .text.funcGen_enter
                0x1a0006cc       0x1c projects/funcGen-project/out/projects/funcGen-project/gen/FuncGen.o
                0x1a0006cc                funcGen_enter
 .text.funcGen_runCycle
                0x1a0006e8       0xb8 projects/funcGen-project/out/projects/funcGen-project/gen/FuncGen.o
                0x1a0006e8                funcGen_runCycle
 .text.funcGen_raiseTimeEvent
                0x1a0007a0       0x12 projects/funcGen-project/out/projects/funcGen-project/gen/FuncGen.o
                0x1a0007a0                funcGen_raiseTimeEvent
 *fill*         0x1a0007b2        0x2 ff
 .text.Board_SetupMuxing
                0x1a0007b4       0x38 projects/funcGen-project/out/libs/board/edu_ciaa_nxp/src/board_sysinit.o
                0x1a0007b4                Board_SetupMuxing
 .text.Board_SetupClocking
                0x1a0007ec       0x6c projects/funcGen-project/out/libs/board/edu_ciaa_nxp/src/board_sysinit.o
                0x1a0007ec                Board_SetupClocking
 .text.Board_SystemInit
                0x1a000858        0xc projects/funcGen-project/out/libs/board/edu_ciaa_nxp/src/board_sysinit.o
                0x1a000858                Board_SystemInit
 .text.Board_LED_Init
                0x1a000864       0x44 projects/funcGen-project/out/libs/board/edu_ciaa_nxp/src/board.o
 .text.Board_TEC_Init
                0x1a0008a8       0x40 projects/funcGen-project/out/libs/board/edu_ciaa_nxp/src/board.o
 .text.Board_GPIO_Init
                0x1a0008e8       0x40 projects/funcGen-project/out/libs/board/edu_ciaa_nxp/src/board.o
 .text.Board_ADC_Init
                0x1a000928       0x30 projects/funcGen-project/out/libs/board/edu_ciaa_nxp/src/board.o
 .text.Board_SPI_Init
                0x1a000958       0x38 projects/funcGen-project/out/libs/board/edu_ciaa_nxp/src/board.o
 .text.Board_I2C_Init
                0x1a000990       0x24 projects/funcGen-project/out/libs/board/edu_ciaa_nxp/src/board.o
 .text.Board_Debug_Init
                0x1a0009b4       0x24 projects/funcGen-project/out/libs/board/edu_ciaa_nxp/src/board.o
                0x1a0009b4                Board_Debug_Init
 .text.Board_LED_Set
                0x1a0009d8       0x24 projects/funcGen-project/out/libs/board/edu_ciaa_nxp/src/board.o
                0x1a0009d8                Board_LED_Set
 .text.Board_Init
                0x1a0009fc       0x30 projects/funcGen-project/out/libs/board/edu_ciaa_nxp/src/board.o
                0x1a0009fc                Board_Init
 .text.Chip_GPIO_Init
                0x1a000a2c        0x2 projects/funcGen-project/out/libs/board/lpc_chip_43xx/src/gpio_18xx_43xx.o
                0x1a000a2c                Chip_GPIO_Init
 *fill*         0x1a000a2e        0x2 ff
 .text.SystemCoreClockUpdate
                0x1a000a30       0x14 projects/funcGen-project/out/libs/board/lpc_chip_43xx/src/chip_18xx_43xx.o
                0x1a000a30                SystemCoreClockUpdate
 .text.pll_calc_divs
                0x1a000a44       0xa0 projects/funcGen-project/out/libs/board/lpc_chip_43xx/src/clock_18xx_43xx.o
 .text.pll_get_frac
                0x1a000ae4      0x10c projects/funcGen-project/out/libs/board/lpc_chip_43xx/src/clock_18xx_43xx.o
 .text.Chip_Clock_FindBaseClock
                0x1a000bf0       0x48 projects/funcGen-project/out/libs/board/lpc_chip_43xx/src/clock_18xx_43xx.o
 .text.Chip_Clock_EnableCrystal
                0x1a000c38       0x4c projects/funcGen-project/out/libs/board/lpc_chip_43xx/src/clock_18xx_43xx.o
                0x1a000c38                Chip_Clock_EnableCrystal
 .text.Chip_Clock_GetDividerSource
                0x1a000c84       0x1c projects/funcGen-project/out/libs/board/lpc_chip_43xx/src/clock_18xx_43xx.o
                0x1a000c84                Chip_Clock_GetDividerSource
 .text.Chip_Clock_GetDividerDivisor
                0x1a000ca0       0x1c projects/funcGen-project/out/libs/board/lpc_chip_43xx/src/clock_18xx_43xx.o
                0x1a000ca0                Chip_Clock_GetDividerDivisor
 .text.Chip_Clock_GetClockInputHz
                0x1a000cbc       0xb8 projects/funcGen-project/out/libs/board/lpc_chip_43xx/src/clock_18xx_43xx.o
                0x1a000cbc                Chip_Clock_GetClockInputHz
 .text.Chip_Clock_CalcMainPLLValue
                0x1a000d74       0x80 projects/funcGen-project/out/libs/board/lpc_chip_43xx/src/clock_18xx_43xx.o
                0x1a000d74                Chip_Clock_CalcMainPLLValue
 .text.Chip_Clock_GetMainPLLHz
                0x1a000df4       0x68 projects/funcGen-project/out/libs/board/lpc_chip_43xx/src/clock_18xx_43xx.o
                0x1a000df4                Chip_Clock_GetMainPLLHz
 .text.Chip_Clock_GetDivRate
                0x1a000e5c       0x22 projects/funcGen-project/out/libs/board/lpc_chip_43xx/src/clock_18xx_43xx.o
 *fill*         0x1a000e7e        0x2 ff
 .text.Chip_Clock_SetBaseClock
                0x1a000e80       0x58 projects/funcGen-project/out/libs/board/lpc_chip_43xx/src/clock_18xx_43xx.o
                0x1a000e80                Chip_Clock_SetBaseClock
 .text.Chip_Clock_GetBaseClock
                0x1a000ed8       0x28 projects/funcGen-project/out/libs/board/lpc_chip_43xx/src/clock_18xx_43xx.o
                0x1a000ed8                Chip_Clock_GetBaseClock
 .text.Chip_Clock_GetBaseClocktHz
                0x1a000f00        0xc projects/funcGen-project/out/libs/board/lpc_chip_43xx/src/clock_18xx_43xx.o
                0x1a000f00                Chip_Clock_GetBaseClocktHz
 .text.Chip_Clock_EnableOpts
                0x1a000f0c       0x3c projects/funcGen-project/out/libs/board/lpc_chip_43xx/src/clock_18xx_43xx.o
                0x1a000f0c                Chip_Clock_EnableOpts
 .text.Chip_Clock_Enable
                0x1a000f48       0x34 projects/funcGen-project/out/libs/board/lpc_chip_43xx/src/clock_18xx_43xx.o
                0x1a000f48                Chip_Clock_Enable
 .text.Chip_Clock_GetRate
                0x1a000f7c       0x4c projects/funcGen-project/out/libs/board/lpc_chip_43xx/src/clock_18xx_43xx.o
                0x1a000f7c                Chip_Clock_GetRate
 .text.Chip_SSP_GetClockIndex
                0x1a000fc8       0x14 projects/funcGen-project/out/libs/board/lpc_chip_43xx/src/ssp_18xx_43xx.o
 .text.Chip_SSP_GetPeriphClockIndex
                0x1a000fdc       0x18 projects/funcGen-project/out/libs/board/lpc_chip_43xx/src/ssp_18xx_43xx.o
 .text.Chip_SSP_SetClockRate
                0x1a000ff4       0x12 projects/funcGen-project/out/libs/board/lpc_chip_43xx/src/ssp_18xx_43xx.o
                0x1a000ff4                Chip_SSP_SetClockRate
 .text.Chip_SSP_SetBitRate
                0x1a001006       0x3e projects/funcGen-project/out/libs/board/lpc_chip_43xx/src/ssp_18xx_43xx.o
                0x1a001006                Chip_SSP_SetBitRate
 .text.Chip_SSP_Init
                0x1a001044       0x38 projects/funcGen-project/out/libs/board/lpc_chip_43xx/src/ssp_18xx_43xx.o
                0x1a001044                Chip_SSP_Init
 .text.Chip_UART_GetIndex
                0x1a00107c       0x2c projects/funcGen-project/out/libs/board/lpc_chip_43xx/src/uart_18xx_43xx.o
 .text.Chip_UART_Init
                0x1a0010a8       0x54 projects/funcGen-project/out/libs/board/lpc_chip_43xx/src/uart_18xx_43xx.o
                0x1a0010a8                Chip_UART_Init
 .text.Chip_UART_SetBaudFDR
                0x1a0010fc       0xdc projects/funcGen-project/out/libs/board/lpc_chip_43xx/src/uart_18xx_43xx.o
                0x1a0010fc                Chip_UART_SetBaudFDR
 .text.Chip_I2C_EventHandler
                0x1a0011d8       0x20 projects/funcGen-project/out/libs/board/lpc_chip_43xx/src/i2c_18xx_43xx.o
                0x1a0011d8                Chip_I2C_EventHandler
 .text.Chip_I2C_Init
                0x1a0011f8       0x28 projects/funcGen-project/out/libs/board/lpc_chip_43xx/src/i2c_18xx_43xx.o
                0x1a0011f8                Chip_I2C_Init
 .text.Chip_I2C_SetClockRate
                0x1a001220       0x3c projects/funcGen-project/out/libs/board/lpc_chip_43xx/src/i2c_18xx_43xx.o
                0x1a001220                Chip_I2C_SetClockRate
 .text.Chip_ADC_GetClockIndex
                0x1a00125c       0x14 projects/funcGen-project/out/libs/board/lpc_chip_43xx/src/adc_18xx_43xx.o
 .text.getClkDiv
                0x1a001270       0x32 projects/funcGen-project/out/libs/board/lpc_chip_43xx/src/adc_18xx_43xx.o
 *fill*         0x1a0012a2        0x2 ff
 .text.Chip_ADC_Init
                0x1a0012a4       0x40 projects/funcGen-project/out/libs/board/lpc_chip_43xx/src/adc_18xx_43xx.o
                0x1a0012a4                Chip_ADC_Init
 .text.Chip_ADC_SetSampleRate
                0x1a0012e4       0x32 projects/funcGen-project/out/libs/board/lpc_chip_43xx/src/adc_18xx_43xx.o
                0x1a0012e4                Chip_ADC_SetSampleRate
 .text.Chip_ADC_SetResolution
                0x1a001316        0xc projects/funcGen-project/out/libs/board/lpc_chip_43xx/src/adc_18xx_43xx.o
                0x1a001316                Chip_ADC_SetResolution
 *fill*         0x1a001322        0x2 ff
 .text.Chip_SetupCoreClock
                0x1a001324      0x158 projects/funcGen-project/out/libs/board/lpc_chip_43xx/src/sysinit_18xx_43xx.o
                0x1a001324                Chip_SetupCoreClock
 .text.SystemInit
                0x1a00147c       0x38 projects/funcGen-project/out/libs/board/lpc_startup/src/sysinit.o
                0x1a00147c                SystemInit
 .text.initialise_monitor_handles
                0x1a0014b4        0x2 projects/funcGen-project/out/libs/cmsis_core/src/armv7m_startup.o
                0x1a0014b4                initialise_monitor_handles
 *fill*         0x1a0014b6        0x2 ff
 .text.Reset_Handler
                0x1a0014b8       0x88 projects/funcGen-project/out/libs/cmsis_core/src/armv7m_startup.o
                0x1a0014b8                Reset_Handler
 .text._fini    0x1a001540        0x2 projects/funcGen-project/out/libs/cmsis_core/src/armv7m_startup.o
                0x1a001540                _fini
 .text._init    0x1a001542        0x2 projects/funcGen-project/out/libs/cmsis_core/src/armv7m_startup.o
                0x1a001542                _init
 .text.funcGenIface_opAddV
                0x1a001544        0xc projects/funcGen-project/out/projects/funcGen-project/src/main.o
                0x1a001544                funcGenIface_opAddV
 .text.funcGenIface_opSubV
                0x1a001550        0xc projects/funcGen-project/out/projects/funcGen-project/src/main.o
                0x1a001550                funcGenIface_opSubV
 .text.funcGenIface_opAddF
                0x1a00155c        0xc projects/funcGen-project/out/projects/funcGen-project/src/main.o
                0x1a00155c                funcGenIface_opAddF
 .text.funcGenIface_opSubF
                0x1a001568        0xc projects/funcGen-project/out/projects/funcGen-project/src/main.o
                0x1a001568                funcGenIface_opSubF
 .text.funcGen_setTimer
                0x1a001574       0x1c projects/funcGen-project/out/projects/funcGen-project/src/main.o
                0x1a001574                funcGen_setTimer
 .text.funcGen_unsetTimer
                0x1a001590       0x14 projects/funcGen-project/out/projects/funcGen-project/src/main.o
                0x1a001590                funcGen_unsetTimer
 .text.SysTick_Handler
                0x1a0015a4        0xc projects/funcGen-project/out/projects/funcGen-project/src/main.o
                0x1a0015a4                SysTick_Handler
 .text.main     0x1a0015b0       0xb0 projects/funcGen-project/out/projects/funcGen-project/src/main.o
                0x1a0015b0                main
 .text.InitTimerTicks
                0x1a001660       0x24 projects/funcGen-project/out/projects/funcGen-project/src/TimerTicks.o
                0x1a001660                InitTimerTicks
 .text.SetNewTimerTick
                0x1a001684       0x34 projects/funcGen-project/out/projects/funcGen-project/src/TimerTicks.o
                0x1a001684                SetNewTimerTick
 .text.UnsetTimerTick
                0x1a0016b8       0x36 projects/funcGen-project/out/projects/funcGen-project/src/TimerTicks.o
                0x1a0016b8                UnsetTimerTick
 .text.IsPendEvent
                0x1a0016ee       0x28 projects/funcGen-project/out/projects/funcGen-project/src/TimerTicks.o
                0x1a0016ee                IsPendEvent
 .text.MarkAsAttEvent
                0x1a001716       0x26 projects/funcGen-project/out/projects/funcGen-project/src/TimerTicks.o
                0x1a001716                MarkAsAttEvent
 .text.UpdateTimers
                0x1a00173c       0x44 projects/funcGen-project/out/projects/funcGen-project/src/TimerTicks.o
                0x1a00173c                UpdateTimers
 .text          0x1a001780       0x30 c:/nxp/mcuxpressoide_11.2.1_4149/ide/plugins/com.nxp.mcuxpresso.tools.win32_11.2.0.202008311134/tools/bin/../lib/gcc/arm-none-eabi/9.2.1/thumb/v7e-m+fp/hard\libgcc.a(_aeabi_uldivmod.o)
                0x1a001780                __aeabi_uldivmod
 .text          0x1a0017b0      0x2c4 c:/nxp/mcuxpressoide_11.2.1_4149/ide/plugins/com.nxp.mcuxpresso.tools.win32_11.2.0.202008311134/tools/bin/../lib/gcc/arm-none-eabi/9.2.1/thumb/v7e-m+fp/hard\libgcc.a(_udivmoddi4.o)
                0x1a0017b0                __udivmoddi4
 .text          0x1a001a74        0x4 c:/nxp/mcuxpressoide_11.2.1_4149/ide/plugins/com.nxp.mcuxpresso.tools.win32_11.2.0.202008311134/tools/bin/../lib/gcc/arm-none-eabi/9.2.1/thumb/v7e-m+fp/hard\libgcc.a(_dvmd_tls.o)
                0x1a001a74                __aeabi_idiv0
                0x1a001a74                __aeabi_ldiv0
 .text.__libc_init_array
                0x1a001a78       0x48 c:/nxp/mcuxpressoide_11.2.1_4149/ide/plugins/com.nxp.mcuxpresso.tools.win32_11.2.0.202008311134/tools/bin/../lib/gcc/arm-none-eabi/9.2.1/../../../../arm-none-eabi/lib/thumb/v7e-m+fp/hard\libc_nano.a(lib_a-init.o)
                0x1a001a78                __libc_init_array
 .text.memset   0x1a001ac0       0x10 c:/nxp/mcuxpressoide_11.2.1_4149/ide/plugins/com.nxp.mcuxpresso.tools.win32_11.2.0.202008311134/tools/bin/../lib/gcc/arm-none-eabi/9.2.1/../../../../arm-none-eabi/lib/thumb/v7e-m+fp/hard\libc_nano.a(lib_a-memset.o)
                0x1a001ac0                memset
 *(.rodata .rodata.* .constdata .constdata.*)
 .rodata.InitClkStates
                0x1a001ad0        0x4 projects/funcGen-project/out/libs/board/edu_ciaa_nxp/src/board_sysinit.o
 .rodata.pinmuxing
                0x1a001ad4       0x74 projects/funcGen-project/out/libs/board/edu_ciaa_nxp/src/board_sysinit.o
 .rodata.ExtRateIn
                0x1a001b48        0x4 projects/funcGen-project/out/libs/board/edu_ciaa_nxp/src/board.o
                0x1a001b48                ExtRateIn
 .rodata.GpioButtons
                0x1a001b4c        0x8 projects/funcGen-project/out/libs/board/edu_ciaa_nxp/src/board.o
 .rodata.GpioLeds
                0x1a001b54        0xc projects/funcGen-project/out/libs/board/edu_ciaa_nxp/src/board.o
 .rodata.GpioPorts
                0x1a001b60       0x12 projects/funcGen-project/out/libs/board/edu_ciaa_nxp/src/board.o
 *fill*         0x1a001b72        0x2 ff
 .rodata.OscRateIn
                0x1a001b74        0x4 projects/funcGen-project/out/libs/board/edu_ciaa_nxp/src/board.o
                0x1a001b74                OscRateIn
 .rodata.Chip_Clock_SetDivider.str1.4
                0x1a001b78        0x6 projects/funcGen-project/out/libs/board/lpc_chip_43xx/src/clock_18xx_43xx.o
 *fill*         0x1a001b7e        0x2 ff
 .rodata.periph_to_base
                0x1a001b80       0x6c projects/funcGen-project/out/libs/board/lpc_chip_43xx/src/clock_18xx_43xx.o
 .rodata.UART_BClock
                0x1a001bec        0x8 projects/funcGen-project/out/libs/board/lpc_chip_43xx/src/uart_18xx_43xx.o
 .rodata.UART_PClock
                0x1a001bf4        0x8 projects/funcGen-project/out/libs/board/lpc_chip_43xx/src/uart_18xx_43xx.o
 .rodata.InitClkStates
                0x1a001bfc       0x48 projects/funcGen-project/out/libs/board/lpc_chip_43xx/src/sysinit_18xx_43xx.o
                0x1a001c44                . = ALIGN (0x4)

.glue_7         0x1a001c44        0x0
 .glue_7        0x1a001c44        0x0 linker stubs

.glue_7t        0x1a001c44        0x0
 .glue_7t       0x1a001c44        0x0 linker stubs

.vfp11_veneer   0x1a001c44        0x0
 .vfp11_veneer  0x1a001c44        0x0 linker stubs

.v4_bx          0x1a001c44        0x0
 .v4_bx         0x1a001c44        0x0 linker stubs

.iplt           0x1a001c44        0x0
 .iplt          0x1a001c44        0x0 projects/funcGen-project/out/projects/funcGen-project/gen/FuncGen.o
                0x1a001c44                . = ALIGN (0x4)

.preinit_array  0x1a001c44        0x0
                0x1a001c44                PROVIDE (__preinit_array_start = .)
 *(.preinit_array*)
                0x1a001c44                PROVIDE (__preinit_array_end = .)

.init_array     0x1a001c44        0x0
                0x1a001c44                PROVIDE (__init_array_start = .)
 *(SORT_BY_NAME(.init_array.*))
 *(.init_array*)
                0x1a001c44                PROVIDE (__init_array_end = .)
                0x1a001c44                . = ALIGN (0x4)

.ARM.extab
 *(.ARM.extab* .gnu.linkonce.armextab.*)
                0x1a001c44                __exidx_start = .

.ARM.exidx      0x1a001c44        0x8
 *(.ARM.exidx* .gnu.linkonce.armexidx.*)
 .ARM.exidx     0x1a001c44        0x8 c:/nxp/mcuxpressoide_11.2.1_4149/ide/plugins/com.nxp.mcuxpresso.tools.win32_11.2.0.202008311134/tools/bin/../lib/gcc/arm-none-eabi/9.2.1/thumb/v7e-m+fp/hard\libgcc.a(_udivmoddi4.o)
                0x1a001c4c                __exidx_end = .
                0x1a001c4c                _etext = .

.rel.dyn        0x1a001c4c        0x0
 .rel.iplt      0x1a001c4c        0x0 projects/funcGen-project/out/projects/funcGen-project/gen/FuncGen.o

.data_RAM2      0x10080000        0x0 load address 0x1a001c4c
 FILL mask 0xff
 *(.ramfunc.$RAM2)
 *(.ramfunc.$RamLoc40)
 *(.data.$RAM2*)
 *(.data.$RamLoc40*)
                0x10080000                . = ALIGN (0x4)

.data_RAM3      0x20000000        0x0 load address 0x1a001c4c
 FILL mask 0xff
 *(.ramfunc.$RAM3)
 *(.ramfunc.$RamAHB32)
 *(.data.$RAM3*)
 *(.data.$RamAHB32*)
                0x20000000                . = ALIGN (0x4)

.data_RAM4      0x20008000        0x0 load address 0x1a001c4c
 FILL mask 0xff
 *(.ramfunc.$RAM4)
 *(.ramfunc.$RamAHB16)
 *(.data.$RAM4*)
 *(.data.$RamAHB16*)
                0x20008000                . = ALIGN (0x4)

.data_RAM5      0x2000c000        0x0 load address 0x1a001c4c
 FILL mask 0xff
 *(.ramfunc.$RAM5)
 *(.ramfunc.$RamAHB_ETB16)
 *(.data.$RAM5*)
 *(.data.$RamAHB_ETB16*)
                0x2000c000                . = ALIGN (0x4)

.uninit_RESERVED
                0x10000000        0x0
 *(.bss.$RESERVED*)
                0x10000000                . = ALIGN (0x4)
                0x10000000                _end_uninit_RESERVED = .

.data           0x10000000       0x38 load address 0x1a001c4c
 FILL mask 0xff
                0x10000000                _data = .
 *(vtable)
 *(.ramfunc*)
 *(.data*)
 .data.i2c      0x10000000       0x38 projects/funcGen-project/out/libs/board/lpc_chip_43xx/src/i2c_18xx_43xx.o
                0x10000038                . = ALIGN (0x4)
                0x10000038                _edata = .

.igot.plt       0x10000038        0x0 load address 0x1a001c84
 .igot.plt      0x10000038        0x0 projects/funcGen-project/out/projects/funcGen-project/gen/FuncGen.o

.bss_RAM2       0x10080000        0x0
 *(.bss.$RAM2*)
 *(.bss.$RamLoc40*)
                0x10080000                . = ALIGN (0x4)

.bss_RAM3       0x20000000        0x0
 *(.bss.$RAM3*)
 *(.bss.$RamAHB32*)
                0x20000000                . = ALIGN (0x4)

.bss_RAM4       0x20008000        0x0
 *(.bss.$RAM4*)
 *(.bss.$RamAHB16*)
                0x20008000                . = ALIGN (0x4)

.bss_RAM5       0x2000c000        0x0
 *(.bss.$RAM5*)
 *(.bss.$RamAHB_ETB16*)
                0x2000c000                . = ALIGN (0x4)

.bss            0x10000038       0x48
                0x10000038                _bss = .
 *(.bss*)
 .bss.audio_usb_pll_freq
                0x10000038        0x8 projects/funcGen-project/out/libs/board/lpc_chip_43xx/src/clock_18xx_43xx.o
 .bss.SysTick_Time_Flag
                0x10000040        0x1 projects/funcGen-project/out/projects/funcGen-project/src/main.o
                0x10000040                SysTick_Time_Flag
 *fill*         0x10000041        0x3 
 .bss.statechart
                0x10000044       0x28 projects/funcGen-project/out/projects/funcGen-project/src/main.o
 *(COMMON)
 COMMON         0x1000006c        0x4 projects/funcGen-project/out/libs/board/lpc_chip_43xx/src/chip_18xx_43xx.o
                0x1000006c                SystemCoreClock
 COMMON         0x10000070       0x10 projects/funcGen-project/out/projects/funcGen-project/src/main.o
                0x10000070                ticks
                0x10000080                . = ALIGN (0x4)
                0x10000080                _ebss = .
                [!provide]                PROVIDE (end = .)

.noinit_RAM2    0x10080000        0x0
 *(.noinit.$RAM2*)
 *(.noinit.$RamLoc40*)
                0x10080000                . = ALIGN (0x4)

.noinit_RAM3    0x20000000        0x0
 *(.noinit.$RAM3*)
 *(.noinit.$RamAHB32*)
                0x20000000                . = ALIGN (0x4)

.noinit_RAM4    0x20008000        0x0
 *(.noinit.$RAM4*)
 *(.noinit.$RamAHB16*)
                0x20008000                . = ALIGN (0x4)

.noinit_RAM5    0x2000c000        0x0
 *(.noinit.$RAM5*)
 *(.noinit.$RamAHB_ETB16*)
                0x2000c000                . = ALIGN (0x4)

.noinit         0x10000080        0x0
                0x10000080                _noinit = .
 *(.noinit*)
                0x10000080                . = ALIGN (0x4)
                0x10000080                _end_noinit = .
                [!provide]                PROVIDE (_pvHeapStart = .)
                0x10008000                PROVIDE (_vStackTop = (__top_RamLoc32 - 0x0))
                0x53ff63cc                PROVIDE (__valid_user_code_checksum = (0x0 - ((((((_vStackTop + (Reset_Handler + 0x1)) + (NMI_Handler + 0x1)) + (HardFault_Handler + 0x1)) + (DEFINED (MemManage_Handler)?MemManage_Handler:0x0 + 0x1)) + (DEFINED (BusFault_Handler)?BusFault_Handler:0x0 + 0x1)) + (DEFINED (UsageFault_Handler)?UsageFault_Handler:0x0 + 0x1))))
OUTPUT(projects/funcGen-project/out/funcGen-project.elf elf32-littlearm)

.debug_info     0x00000000    0x10c37
 .debug_info    0x00000000     0x1870 projects/funcGen-project/out/projects/funcGen-project/gen/FuncGen.o
 .debug_info    0x00001870     0x15c8 projects/funcGen-project/out/libs/board/edu_ciaa_nxp/src/board_sysinit.o
 .debug_info    0x00002e38     0x23f7 projects/funcGen-project/out/libs/board/edu_ciaa_nxp/src/board.o
 .debug_info    0x0000522f      0x232 projects/funcGen-project/out/libs/board/lpc_chip_43xx/src/gpio_18xx_43xx.o
 .debug_info    0x00005461      0xc97 projects/funcGen-project/out/libs/board/lpc_chip_43xx/src/chip_18xx_43xx.o
 .debug_info    0x000060f8     0x1b89 projects/funcGen-project/out/libs/board/lpc_chip_43xx/src/clock_18xx_43xx.o
 .debug_info    0x00007c81     0x1a32 projects/funcGen-project/out/libs/board/lpc_chip_43xx/src/ssp_18xx_43xx.o
 .debug_info    0x000096b3     0x1988 projects/funcGen-project/out/libs/board/lpc_chip_43xx/src/uart_18xx_43xx.o
 .debug_info    0x0000b03b     0x158d projects/funcGen-project/out/libs/board/lpc_chip_43xx/src/i2c_18xx_43xx.o
 .debug_info    0x0000c5c8      0xc12 projects/funcGen-project/out/libs/board/lpc_chip_43xx/src/adc_18xx_43xx.o
 .debug_info    0x0000d1da      0xb39 projects/funcGen-project/out/libs/board/lpc_chip_43xx/src/sysinit_18xx_43xx.o
 .debug_info    0x0000dd13       0x76 projects/funcGen-project/out/libs/board/lpc_startup/src/vendor_interrupt.o
 .debug_info    0x0000dd89      0xc81 projects/funcGen-project/out/libs/board/lpc_startup/src/sysinit.o
 .debug_info    0x0000ea0a       0x40 projects/funcGen-project/out/libs/board/lpc_startup/src/crp.o
 .debug_info    0x0000ea4a      0x35d projects/funcGen-project/out/libs/cmsis_core/src/armv7m_startup.o
 .debug_info    0x0000eda7     0x1a7f projects/funcGen-project/out/projects/funcGen-project/src/main.o
 .debug_info    0x00010826      0x411 projects/funcGen-project/out/projects/funcGen-project/src/TimerTicks.o

.debug_abbrev   0x00000000     0x2a81
 .debug_abbrev  0x00000000      0x255 projects/funcGen-project/out/projects/funcGen-project/gen/FuncGen.o
 .debug_abbrev  0x00000255      0x352 projects/funcGen-project/out/libs/board/edu_ciaa_nxp/src/board_sysinit.o
 .debug_abbrev  0x000005a7      0x512 projects/funcGen-project/out/libs/board/edu_ciaa_nxp/src/board.o
 .debug_abbrev  0x00000ab9      0x114 projects/funcGen-project/out/libs/board/lpc_chip_43xx/src/gpio_18xx_43xx.o
 .debug_abbrev  0x00000bcd      0x1ee projects/funcGen-project/out/libs/board/lpc_chip_43xx/src/chip_18xx_43xx.o
 .debug_abbrev  0x00000dbb      0x3f1 projects/funcGen-project/out/libs/board/lpc_chip_43xx/src/clock_18xx_43xx.o
 .debug_abbrev  0x000011ac      0x393 projects/funcGen-project/out/libs/board/lpc_chip_43xx/src/ssp_18xx_43xx.o
 .debug_abbrev  0x0000153f      0x42c projects/funcGen-project/out/libs/board/lpc_chip_43xx/src/uart_18xx_43xx.o
 .debug_abbrev  0x0000196b      0x3d7 projects/funcGen-project/out/libs/board/lpc_chip_43xx/src/i2c_18xx_43xx.o
 .debug_abbrev  0x00001d42      0x219 projects/funcGen-project/out/libs/board/lpc_chip_43xx/src/adc_18xx_43xx.o
 .debug_abbrev  0x00001f5b      0x245 projects/funcGen-project/out/libs/board/lpc_chip_43xx/src/sysinit_18xx_43xx.o
 .debug_abbrev  0x000021a0       0x78 projects/funcGen-project/out/libs/board/lpc_startup/src/vendor_interrupt.o
 .debug_abbrev  0x00002218      0x257 projects/funcGen-project/out/libs/board/lpc_startup/src/sysinit.o
 .debug_abbrev  0x0000246f       0x38 projects/funcGen-project/out/libs/board/lpc_startup/src/crp.o
 .debug_abbrev  0x000024a7      0x127 projects/funcGen-project/out/libs/cmsis_core/src/armv7m_startup.o
 .debug_abbrev  0x000025ce      0x38f projects/funcGen-project/out/projects/funcGen-project/src/main.o
 .debug_abbrev  0x0000295d      0x124 projects/funcGen-project/out/projects/funcGen-project/src/TimerTicks.o

.debug_loc      0x00000000     0x6df9
 .debug_loc     0x00000000     0x1326 projects/funcGen-project/out/projects/funcGen-project/gen/FuncGen.o
 .debug_loc     0x00001326      0x10f projects/funcGen-project/out/libs/board/edu_ciaa_nxp/src/board_sysinit.o
 .debug_loc     0x00001435      0x659 projects/funcGen-project/out/libs/board/edu_ciaa_nxp/src/board.o
 .debug_loc     0x00001a8e     0x156a projects/funcGen-project/out/libs/board/lpc_chip_43xx/src/clock_18xx_43xx.o
 .debug_loc     0x00002ff8     0x1007 projects/funcGen-project/out/libs/board/lpc_chip_43xx/src/ssp_18xx_43xx.o
 .debug_loc     0x00003fff      0xf0e projects/funcGen-project/out/libs/board/lpc_chip_43xx/src/uart_18xx_43xx.o
 .debug_loc     0x00004f0d      0xe23 projects/funcGen-project/out/libs/board/lpc_chip_43xx/src/i2c_18xx_43xx.o
 .debug_loc     0x00005d30      0x7a3 projects/funcGen-project/out/libs/board/lpc_chip_43xx/src/adc_18xx_43xx.o
 .debug_loc     0x000064d3      0x1e2 projects/funcGen-project/out/libs/board/lpc_chip_43xx/src/sysinit_18xx_43xx.o
 .debug_loc     0x000066b5       0x15 projects/funcGen-project/out/libs/board/lpc_startup/src/sysinit.o
 .debug_loc     0x000066ca      0x268 projects/funcGen-project/out/libs/cmsis_core/src/armv7m_startup.o
 .debug_loc     0x00006932      0x21e projects/funcGen-project/out/projects/funcGen-project/src/main.o
 .debug_loc     0x00006b50      0x2a9 projects/funcGen-project/out/projects/funcGen-project/src/TimerTicks.o

.debug_aranges  0x00000000      0x938
 .debug_aranges
                0x00000000      0x250 projects/funcGen-project/out/projects/funcGen-project/gen/FuncGen.o
 .debug_aranges
                0x00000250       0x30 projects/funcGen-project/out/libs/board/edu_ciaa_nxp/src/board_sysinit.o
 .debug_aranges
                0x00000280       0xc0 projects/funcGen-project/out/libs/board/edu_ciaa_nxp/src/board.o
 .debug_aranges
                0x00000340       0x28 projects/funcGen-project/out/libs/board/lpc_chip_43xx/src/gpio_18xx_43xx.o
 .debug_aranges
                0x00000368       0x38 projects/funcGen-project/out/libs/board/lpc_chip_43xx/src/chip_18xx_43xx.o
 .debug_aranges
                0x000003a0      0x128 projects/funcGen-project/out/libs/board/lpc_chip_43xx/src/clock_18xx_43xx.o
 .debug_aranges
                0x000004c8       0xa0 projects/funcGen-project/out/libs/board/lpc_chip_43xx/src/ssp_18xx_43xx.o
 .debug_aranges
                0x00000568       0xa8 projects/funcGen-project/out/libs/board/lpc_chip_43xx/src/uart_18xx_43xx.o
 .debug_aranges
                0x00000610       0xd8 projects/funcGen-project/out/libs/board/lpc_chip_43xx/src/i2c_18xx_43xx.o
 .debug_aranges
                0x000006e8       0x90 projects/funcGen-project/out/libs/board/lpc_chip_43xx/src/adc_18xx_43xx.o
 .debug_aranges
                0x00000778       0x38 projects/funcGen-project/out/libs/board/lpc_chip_43xx/src/sysinit_18xx_43xx.o
 .debug_aranges
                0x000007b0       0x20 projects/funcGen-project/out/libs/board/lpc_startup/src/vendor_interrupt.o
 .debug_aranges
                0x000007d0       0x20 projects/funcGen-project/out/libs/board/lpc_startup/src/sysinit.o
 .debug_aranges
                0x000007f0       0x18 projects/funcGen-project/out/libs/board/lpc_startup/src/crp.o
 .debug_aranges
                0x00000808       0x90 projects/funcGen-project/out/libs/cmsis_core/src/armv7m_startup.o
 .debug_aranges
                0x00000898       0x58 projects/funcGen-project/out/projects/funcGen-project/src/main.o
 .debug_aranges
                0x000008f0       0x48 projects/funcGen-project/out/projects/funcGen-project/src/TimerTicks.o

.debug_ranges   0x00000000      0x9c0
 .debug_ranges  0x00000000      0x240 projects/funcGen-project/out/projects/funcGen-project/gen/FuncGen.o
 .debug_ranges  0x00000240       0x50 projects/funcGen-project/out/libs/board/edu_ciaa_nxp/src/board_sysinit.o
 .debug_ranges  0x00000290       0xf8 projects/funcGen-project/out/libs/board/edu_ciaa_nxp/src/board.o
 .debug_ranges  0x00000388       0x18 projects/funcGen-project/out/libs/board/lpc_chip_43xx/src/gpio_18xx_43xx.o
 .debug_ranges  0x000003a0       0x28 projects/funcGen-project/out/libs/board/lpc_chip_43xx/src/chip_18xx_43xx.o
 .debug_ranges  0x000003c8      0x190 projects/funcGen-project/out/libs/board/lpc_chip_43xx/src/clock_18xx_43xx.o
 .debug_ranges  0x00000558       0xf0 projects/funcGen-project/out/libs/board/lpc_chip_43xx/src/ssp_18xx_43xx.o
 .debug_ranges  0x00000648       0xb0 projects/funcGen-project/out/libs/board/lpc_chip_43xx/src/uart_18xx_43xx.o
 .debug_ranges  0x000006f8      0x100 projects/funcGen-project/out/libs/board/lpc_chip_43xx/src/i2c_18xx_43xx.o
 .debug_ranges  0x000007f8       0x80 projects/funcGen-project/out/libs/board/lpc_chip_43xx/src/adc_18xx_43xx.o
 .debug_ranges  0x00000878       0x28 projects/funcGen-project/out/libs/board/lpc_chip_43xx/src/sysinit_18xx_43xx.o
 .debug_ranges  0x000008a0       0x10 projects/funcGen-project/out/libs/board/lpc_startup/src/vendor_interrupt.o
 .debug_ranges  0x000008b0       0x10 projects/funcGen-project/out/libs/board/lpc_startup/src/sysinit.o
 .debug_ranges  0x000008c0       0x80 projects/funcGen-project/out/libs/cmsis_core/src/armv7m_startup.o
 .debug_ranges  0x00000940       0x48 projects/funcGen-project/out/projects/funcGen-project/src/main.o
 .debug_ranges  0x00000988       0x38 projects/funcGen-project/out/projects/funcGen-project/src/TimerTicks.o

.debug_macro    0x00000000     0x811f
 .debug_macro   0x00000000       0x9a projects/funcGen-project/out/projects/funcGen-project/gen/FuncGen.o
 .debug_macro   0x0000009a      0xaba projects/funcGen-project/out/projects/funcGen-project/gen/FuncGen.o
 .debug_macro   0x00000b54       0x22 projects/funcGen-project/out/projects/funcGen-project/gen/FuncGen.o
 .debug_macro   0x00000b76       0x56 projects/funcGen-project/out/projects/funcGen-project/gen/FuncGen.o
 .debug_macro   0x00000bcc       0x51 projects/funcGen-project/out/projects/funcGen-project/gen/FuncGen.o
 .debug_macro   0x00000c1d       0xef projects/funcGen-project/out/projects/funcGen-project/gen/FuncGen.o
 .debug_macro   0x00000d0c       0x6a projects/funcGen-project/out/projects/funcGen-project/gen/FuncGen.o
 .debug_macro   0x00000d76      0x1df projects/funcGen-project/out/projects/funcGen-project/gen/FuncGen.o
 .debug_macro   0x00000f55       0x22 projects/funcGen-project/out/projects/funcGen-project/gen/FuncGen.o
 .debug_macro   0x00000f77       0x1c projects/funcGen-project/out/projects/funcGen-project/gen/FuncGen.o
 .debug_macro   0x00000f93       0x52 projects/funcGen-project/out/projects/funcGen-project/gen/FuncGen.o
 .debug_macro   0x00000fe5      0x42b projects/funcGen-project/out/libs/board/edu_ciaa_nxp/src/board_sysinit.o
 .debug_macro   0x00001410       0x10 projects/funcGen-project/out/libs/board/edu_ciaa_nxp/src/board_sysinit.o
 .debug_macro   0x00001420       0x73 projects/funcGen-project/out/libs/board/edu_ciaa_nxp/src/board_sysinit.o
 .debug_macro   0x00001493       0x22 projects/funcGen-project/out/libs/board/edu_ciaa_nxp/src/board_sysinit.o
 .debug_macro   0x000014b5       0x1c projects/funcGen-project/out/libs/board/edu_ciaa_nxp/src/board_sysinit.o
 .debug_macro   0x000014d1       0x22 projects/funcGen-project/out/libs/board/edu_ciaa_nxp/src/board_sysinit.o
 .debug_macro   0x000014f3       0xdf projects/funcGen-project/out/libs/board/edu_ciaa_nxp/src/board_sysinit.o
 .debug_macro   0x000015d2     0x102d projects/funcGen-project/out/libs/board/edu_ciaa_nxp/src/board_sysinit.o
 .debug_macro   0x000025ff      0x11f projects/funcGen-project/out/libs/board/edu_ciaa_nxp/src/board_sysinit.o
 .debug_macro   0x0000271e      0x2c3 projects/funcGen-project/out/libs/board/edu_ciaa_nxp/src/board_sysinit.o
 .debug_macro   0x000029e1      0x112 projects/funcGen-project/out/libs/board/edu_ciaa_nxp/src/board_sysinit.o
 .debug_macro   0x00002af3       0x11 projects/funcGen-project/out/libs/board/edu_ciaa_nxp/src/board_sysinit.o
 .debug_macro   0x00002b04       0x2a projects/funcGen-project/out/libs/board/edu_ciaa_nxp/src/board_sysinit.o
 .debug_macro   0x00002b2e       0x16 projects/funcGen-project/out/libs/board/edu_ciaa_nxp/src/board_sysinit.o
 .debug_macro   0x00002b44      0x2e6 projects/funcGen-project/out/libs/board/edu_ciaa_nxp/src/board_sysinit.o
 .debug_macro   0x00002e2a       0x82 projects/funcGen-project/out/libs/board/edu_ciaa_nxp/src/board_sysinit.o
 .debug_macro   0x00002eac      0x13d projects/funcGen-project/out/libs/board/edu_ciaa_nxp/src/board_sysinit.o
 .debug_macro   0x00002fe9      0x198 projects/funcGen-project/out/libs/board/edu_ciaa_nxp/src/board_sysinit.o
 .debug_macro   0x00003181       0x34 projects/funcGen-project/out/libs/board/edu_ciaa_nxp/src/board_sysinit.o
 .debug_macro   0x000031b5       0x58 projects/funcGen-project/out/libs/board/edu_ciaa_nxp/src/board_sysinit.o
 .debug_macro   0x0000320d      0x236 projects/funcGen-project/out/libs/board/edu_ciaa_nxp/src/board_sysinit.o
 .debug_macro   0x00003443      0x572 projects/funcGen-project/out/libs/board/edu_ciaa_nxp/src/board_sysinit.o
 .debug_macro   0x000039b5       0x16 projects/funcGen-project/out/libs/board/edu_ciaa_nxp/src/board_sysinit.o
 .debug_macro   0x000039cb      0x18a projects/funcGen-project/out/libs/board/edu_ciaa_nxp/src/board_sysinit.o
 .debug_macro   0x00003b55       0x88 projects/funcGen-project/out/libs/board/edu_ciaa_nxp/src/board_sysinit.o
 .debug_macro   0x00003bdd      0x1b9 projects/funcGen-project/out/libs/board/edu_ciaa_nxp/src/board_sysinit.o
 .debug_macro   0x00003d96      0x1da projects/funcGen-project/out/libs/board/edu_ciaa_nxp/src/board_sysinit.o
 .debug_macro   0x00003f70       0x40 projects/funcGen-project/out/libs/board/edu_ciaa_nxp/src/board_sysinit.o
 .debug_macro   0x00003fb0       0x1c projects/funcGen-project/out/libs/board/edu_ciaa_nxp/src/board_sysinit.o
 .debug_macro   0x00003fcc       0x2e projects/funcGen-project/out/libs/board/edu_ciaa_nxp/src/board_sysinit.o
 .debug_macro   0x00003ffa       0x2e projects/funcGen-project/out/libs/board/edu_ciaa_nxp/src/board_sysinit.o
 .debug_macro   0x00004028       0x22 projects/funcGen-project/out/libs/board/edu_ciaa_nxp/src/board_sysinit.o
 .debug_macro   0x0000404a      0x201 projects/funcGen-project/out/libs/board/edu_ciaa_nxp/src/board_sysinit.o
 .debug_macro   0x0000424b       0xe0 projects/funcGen-project/out/libs/board/edu_ciaa_nxp/src/board_sysinit.o
 .debug_macro   0x0000432b      0x34c projects/funcGen-project/out/libs/board/edu_ciaa_nxp/src/board_sysinit.o
 .debug_macro   0x00004677       0xdc projects/funcGen-project/out/libs/board/edu_ciaa_nxp/src/board_sysinit.o
 .debug_macro   0x00004753       0xc4 projects/funcGen-project/out/libs/board/edu_ciaa_nxp/src/board_sysinit.o
 .debug_macro   0x00004817       0x8f projects/funcGen-project/out/libs/board/edu_ciaa_nxp/src/board_sysinit.o
 .debug_macro   0x000048a6       0x94 projects/funcGen-project/out/libs/board/edu_ciaa_nxp/src/board_sysinit.o
 .debug_macro   0x0000493a       0xb8 projects/funcGen-project/out/libs/board/edu_ciaa_nxp/src/board_sysinit.o
 .debug_macro   0x000049f2       0x4c projects/funcGen-project/out/libs/board/edu_ciaa_nxp/src/board_sysinit.o
 .debug_macro   0x00004a3e       0x16 projects/funcGen-project/out/libs/board/edu_ciaa_nxp/src/board_sysinit.o
 .debug_macro   0x00004a54      0x328 projects/funcGen-project/out/libs/board/edu_ciaa_nxp/src/board_sysinit.o
 .debug_macro   0x00004d7c       0x3a projects/funcGen-project/out/libs/board/edu_ciaa_nxp/src/board_sysinit.o
 .debug_macro   0x00004db6       0xd0 projects/funcGen-project/out/libs/board/edu_ciaa_nxp/src/board_sysinit.o
 .debug_macro   0x00004e86       0x18 projects/funcGen-project/out/libs/board/edu_ciaa_nxp/src/board_sysinit.o
 .debug_macro   0x00004e9e       0x22 projects/funcGen-project/out/libs/board/edu_ciaa_nxp/src/board_sysinit.o
 .debug_macro   0x00004ec0       0x40 projects/funcGen-project/out/libs/board/edu_ciaa_nxp/src/board_sysinit.o
 .debug_macro   0x00004f00       0x5e projects/funcGen-project/out/libs/board/edu_ciaa_nxp/src/board_sysinit.o
 .debug_macro   0x00004f5e       0x18 projects/funcGen-project/out/libs/board/edu_ciaa_nxp/src/board_sysinit.o
 .debug_macro   0x00004f76       0x35 projects/funcGen-project/out/libs/board/edu_ciaa_nxp/src/board_sysinit.o
 .debug_macro   0x00004fab       0x34 projects/funcGen-project/out/libs/board/edu_ciaa_nxp/src/board_sysinit.o
 .debug_macro   0x00004fdf       0x16 projects/funcGen-project/out/libs/board/edu_ciaa_nxp/src/board_sysinit.o
 .debug_macro   0x00004ff5       0x97 projects/funcGen-project/out/libs/board/edu_ciaa_nxp/src/board_sysinit.o
 .debug_macro   0x0000508c      0x356 projects/funcGen-project/out/libs/board/edu_ciaa_nxp/src/board_sysinit.o
 .debug_macro   0x000053e2       0xf6 projects/funcGen-project/out/libs/board/edu_ciaa_nxp/src/board_sysinit.o
 .debug_macro   0x000054d8       0x10 projects/funcGen-project/out/libs/board/edu_ciaa_nxp/src/board_sysinit.o
 .debug_macro   0x000054e8       0x58 projects/funcGen-project/out/libs/board/edu_ciaa_nxp/src/board_sysinit.o
 .debug_macro   0x00005540       0x1f projects/funcGen-project/out/libs/board/edu_ciaa_nxp/src/board_sysinit.o
 .debug_macro   0x0000555f       0x43 projects/funcGen-project/out/libs/board/edu_ciaa_nxp/src/board_sysinit.o
 .debug_macro   0x000055a2       0x20 projects/funcGen-project/out/libs/board/edu_ciaa_nxp/src/board_sysinit.o
 .debug_macro   0x000055c2      0x18e projects/funcGen-project/out/libs/board/edu_ciaa_nxp/src/board_sysinit.o
 .debug_macro   0x00005750       0x10 projects/funcGen-project/out/libs/board/edu_ciaa_nxp/src/board_sysinit.o
 .debug_macro   0x00005760       0xb6 projects/funcGen-project/out/libs/board/edu_ciaa_nxp/src/board_sysinit.o
 .debug_macro   0x00005816       0x16 projects/funcGen-project/out/libs/board/edu_ciaa_nxp/src/board_sysinit.o
 .debug_macro   0x0000582c      0x129 projects/funcGen-project/out/libs/board/edu_ciaa_nxp/src/board_sysinit.o
 .debug_macro   0x00005955       0x20 projects/funcGen-project/out/libs/board/edu_ciaa_nxp/src/board_sysinit.o
 .debug_macro   0x00005975       0xee projects/funcGen-project/out/libs/board/edu_ciaa_nxp/src/board_sysinit.o
 .debug_macro   0x00005a63      0x43d projects/funcGen-project/out/libs/board/edu_ciaa_nxp/src/board.o
 .debug_macro   0x00005ea0      0x315 projects/funcGen-project/out/libs/board/lpc_chip_43xx/src/gpio_18xx_43xx.o
 .debug_macro   0x000061b5      0x315 projects/funcGen-project/out/libs/board/lpc_chip_43xx/src/chip_18xx_43xx.o
 .debug_macro   0x000064ca      0x31b projects/funcGen-project/out/libs/board/lpc_chip_43xx/src/clock_18xx_43xx.o
 .debug_macro   0x000067e5      0x315 projects/funcGen-project/out/libs/board/lpc_chip_43xx/src/ssp_18xx_43xx.o
 .debug_macro   0x00006afa      0x315 projects/funcGen-project/out/libs/board/lpc_chip_43xx/src/uart_18xx_43xx.o
 .debug_macro   0x00006e0f      0x327 projects/funcGen-project/out/libs/board/lpc_chip_43xx/src/i2c_18xx_43xx.o
 .debug_macro   0x00007136      0x315 projects/funcGen-project/out/libs/board/lpc_chip_43xx/src/adc_18xx_43xx.o
 .debug_macro   0x0000744b      0x315 projects/funcGen-project/out/libs/board/lpc_chip_43xx/src/sysinit_18xx_43xx.o
 .debug_macro   0x00007760       0x1d projects/funcGen-project/out/libs/board/lpc_startup/src/vendor_interrupt.o
 .debug_macro   0x0000777d      0x42b projects/funcGen-project/out/libs/board/lpc_startup/src/sysinit.o
 .debug_macro   0x00007ba8       0x17 projects/funcGen-project/out/libs/board/lpc_startup/src/crp.o
 .debug_macro   0x00007bbf       0x1d projects/funcGen-project/out/libs/cmsis_core/src/armv7m_startup.o
 .debug_macro   0x00007bdc      0x48d projects/funcGen-project/out/projects/funcGen-project/src/main.o
 .debug_macro   0x00008069       0x22 projects/funcGen-project/out/projects/funcGen-project/src/main.o
 .debug_macro   0x0000808b       0x94 projects/funcGen-project/out/projects/funcGen-project/src/TimerTicks.o

.debug_line     0x00000000     0xb3fc
 .debug_line    0x00000000      0xfe1 projects/funcGen-project/out/projects/funcGen-project/gen/FuncGen.o
 .debug_line    0x00000fe1      0x9a8 projects/funcGen-project/out/libs/board/edu_ciaa_nxp/src/board_sysinit.o
 .debug_line    0x00001989      0xe2b projects/funcGen-project/out/libs/board/edu_ciaa_nxp/src/board.o
 .debug_line    0x000027b4      0x7c2 projects/funcGen-project/out/libs/board/lpc_chip_43xx/src/gpio_18xx_43xx.o
 .debug_line    0x00002f76      0x850 projects/funcGen-project/out/libs/board/lpc_chip_43xx/src/chip_18xx_43xx.o
 .debug_line    0x000037c6     0x1539 projects/funcGen-project/out/libs/board/lpc_chip_43xx/src/clock_18xx_43xx.o
 .debug_line    0x00004cff     0x1337 projects/funcGen-project/out/libs/board/lpc_chip_43xx/src/ssp_18xx_43xx.o
 .debug_line    0x00006036      0xfb6 projects/funcGen-project/out/libs/board/lpc_chip_43xx/src/uart_18xx_43xx.o
 .debug_line    0x00006fec     0x110f projects/funcGen-project/out/libs/board/lpc_chip_43xx/src/i2c_18xx_43xx.o
 .debug_line    0x000080fb      0xb27 projects/funcGen-project/out/libs/board/lpc_chip_43xx/src/adc_18xx_43xx.o
 .debug_line    0x00008c22      0xa04 projects/funcGen-project/out/libs/board/lpc_chip_43xx/src/sysinit_18xx_43xx.o
 .debug_line    0x00009626       0x73 projects/funcGen-project/out/libs/board/lpc_startup/src/vendor_interrupt.o
 .debug_line    0x00009699      0x8d8 projects/funcGen-project/out/libs/board/lpc_startup/src/sysinit.o
 .debug_line    0x00009f71       0x41 projects/funcGen-project/out/libs/board/lpc_startup/src/crp.o
 .debug_line    0x00009fb2      0x2e8 projects/funcGen-project/out/libs/cmsis_core/src/armv7m_startup.o
 .debug_line    0x0000a29a      0xaa8 projects/funcGen-project/out/projects/funcGen-project/src/main.o
 .debug_line    0x0000ad42      0x6ba projects/funcGen-project/out/projects/funcGen-project/src/TimerTicks.o

.debug_str      0x00000000    0x1e3af
 .debug_str     0x00000000     0x48db projects/funcGen-project/out/projects/funcGen-project/gen/FuncGen.o
                               0x4a7f (size before relaxing)
 .debug_str     0x000048db    0x17285 projects/funcGen-project/out/libs/board/edu_ciaa_nxp/src/board_sysinit.o
                              0x1b0f3 (size before relaxing)
 .debug_str     0x0001bb60      0x991 projects/funcGen-project/out/libs/board/edu_ciaa_nxp/src/board.o
                              0x1b778 (size before relaxing)
 .debug_str     0x0001c4f1       0x3f projects/funcGen-project/out/libs/board/lpc_chip_43xx/src/gpio_18xx_43xx.o
                              0x16909 (size before relaxing)
 .debug_str     0x0001c530      0x157 projects/funcGen-project/out/libs/board/lpc_chip_43xx/src/chip_18xx_43xx.o
                              0x176a7 (size before relaxing)
 .debug_str     0x0001c687      0x53b projects/funcGen-project/out/libs/board/lpc_chip_43xx/src/clock_18xx_43xx.o
                              0x17b7a (size before relaxing)
 .debug_str     0x0001cbc2      0x3f5 projects/funcGen-project/out/libs/board/lpc_chip_43xx/src/ssp_18xx_43xx.o
                              0x17348 (size before relaxing)
 .debug_str     0x0001cfb7      0x381 projects/funcGen-project/out/libs/board/lpc_chip_43xx/src/uart_18xx_43xx.o
                              0x177b7 (size before relaxing)
 .debug_str     0x0001d338      0x597 projects/funcGen-project/out/libs/board/lpc_chip_43xx/src/i2c_18xx_43xx.o
                              0x178e9 (size before relaxing)
 .debug_str     0x0001d8cf      0x142 projects/funcGen-project/out/libs/board/lpc_chip_43xx/src/adc_18xx_43xx.o
                              0x17152 (size before relaxing)
 .debug_str     0x0001da11       0xb9 projects/funcGen-project/out/libs/board/lpc_chip_43xx/src/sysinit_18xx_43xx.o
                              0x17608 (size before relaxing)
 .debug_str     0x0001daca       0xaf projects/funcGen-project/out/libs/board/lpc_startup/src/vendor_interrupt.o
                               0x2edf (size before relaxing)
 .debug_str     0x0001db79       0xc3 projects/funcGen-project/out/libs/board/lpc_startup/src/sysinit.o
                              0x1a3cc (size before relaxing)
 .debug_str     0x0001dc3c       0x40 projects/funcGen-project/out/libs/board/lpc_startup/src/crp.o
                               0x2e70 (size before relaxing)
 .debug_str     0x0001dc7c      0x219 projects/funcGen-project/out/libs/cmsis_core/src/armv7m_startup.o
                               0x3072 (size before relaxing)
 .debug_str     0x0001de95      0x4f0 projects/funcGen-project/out/projects/funcGen-project/src/main.o
                              0x1b92f (size before relaxing)
 .debug_str     0x0001e385       0x2a projects/funcGen-project/out/projects/funcGen-project/src/TimerTicks.o
                               0x4100 (size before relaxing)

.comment        0x00000000       0x79
 .comment       0x00000000       0x79 projects/funcGen-project/out/projects/funcGen-project/gen/FuncGen.o
                                 0x7a (size before relaxing)
 .comment       0x00000079       0x7a projects/funcGen-project/out/libs/board/edu_ciaa_nxp/src/board_sysinit.o
 .comment       0x00000079       0x7a projects/funcGen-project/out/libs/board/edu_ciaa_nxp/src/board.o
 .comment       0x00000079       0x7a projects/funcGen-project/out/libs/board/lpc_chip_43xx/src/gpio_18xx_43xx.o
 .comment       0x00000079       0x7a projects/funcGen-project/out/libs/board/lpc_chip_43xx/src/chip_18xx_43xx.o
 .comment       0x00000079       0x7a projects/funcGen-project/out/libs/board/lpc_chip_43xx/src/clock_18xx_43xx.o
 .comment       0x00000079       0x7a projects/funcGen-project/out/libs/board/lpc_chip_43xx/src/ssp_18xx_43xx.o
 .comment       0x00000079       0x7a projects/funcGen-project/out/libs/board/lpc_chip_43xx/src/uart_18xx_43xx.o
 .comment       0x00000079       0x7a projects/funcGen-project/out/libs/board/lpc_chip_43xx/src/i2c_18xx_43xx.o
 .comment       0x00000079       0x7a projects/funcGen-project/out/libs/board/lpc_chip_43xx/src/adc_18xx_43xx.o
 .comment       0x00000079       0x7a projects/funcGen-project/out/libs/board/lpc_chip_43xx/src/sysinit_18xx_43xx.o
 .comment       0x00000079       0x7a projects/funcGen-project/out/libs/board/lpc_startup/src/vendor_interrupt.o
 .comment       0x00000079       0x7a projects/funcGen-project/out/libs/board/lpc_startup/src/sysinit.o
 .comment       0x00000079       0x7a projects/funcGen-project/out/libs/board/lpc_startup/src/crp.o
 .comment       0x00000079       0x7a projects/funcGen-project/out/libs/cmsis_core/src/armv7m_startup.o
 .comment       0x00000079       0x7a projects/funcGen-project/out/projects/funcGen-project/src/main.o
 .comment       0x00000079       0x7a projects/funcGen-project/out/projects/funcGen-project/src/TimerTicks.o

.ARM.attributes
                0x00000000       0x34
 .ARM.attributes
                0x00000000       0x34 projects/funcGen-project/out/projects/funcGen-project/gen/FuncGen.o
 .ARM.attributes
                0x00000034       0x34 projects/funcGen-project/out/libs/board/edu_ciaa_nxp/src/board_sysinit.o
 .ARM.attributes
                0x00000068       0x34 projects/funcGen-project/out/libs/board/edu_ciaa_nxp/src/board.o
 .ARM.attributes
                0x0000009c       0x34 projects/funcGen-project/out/libs/board/lpc_chip_43xx/src/gpio_18xx_43xx.o
 .ARM.attributes
                0x000000d0       0x34 projects/funcGen-project/out/libs/board/lpc_chip_43xx/src/chip_18xx_43xx.o
 .ARM.attributes
                0x00000104       0x34 projects/funcGen-project/out/libs/board/lpc_chip_43xx/src/clock_18xx_43xx.o
 .ARM.attributes
                0x00000138       0x34 projects/funcGen-project/out/libs/board/lpc_chip_43xx/src/ssp_18xx_43xx.o
 .ARM.attributes
                0x0000016c       0x34 projects/funcGen-project/out/libs/board/lpc_chip_43xx/src/uart_18xx_43xx.o
 .ARM.attributes
                0x000001a0       0x34 projects/funcGen-project/out/libs/board/lpc_chip_43xx/src/i2c_18xx_43xx.o
 .ARM.attributes
                0x000001d4       0x34 projects/funcGen-project/out/libs/board/lpc_chip_43xx/src/adc_18xx_43xx.o
 .ARM.attributes
                0x00000208       0x34 projects/funcGen-project/out/libs/board/lpc_chip_43xx/src/sysinit_18xx_43xx.o
 .ARM.attributes
                0x0000023c       0x34 projects/funcGen-project/out/libs/board/lpc_startup/src/vendor_interrupt.o
 .ARM.attributes
                0x00000270       0x34 projects/funcGen-project/out/libs/board/lpc_startup/src/sysinit.o
 .ARM.attributes
                0x000002a4       0x39 projects/funcGen-project/out/libs/board/lpc_startup/src/crp.o
 .ARM.attributes
                0x000002dd       0x34 projects/funcGen-project/out/libs/cmsis_core/src/armv7m_startup.o
 .ARM.attributes
                0x00000311       0x34 projects/funcGen-project/out/projects/funcGen-project/src/main.o
 .ARM.attributes
                0x00000345       0x34 projects/funcGen-project/out/projects/funcGen-project/src/TimerTicks.o
 .ARM.attributes
                0x00000379       0x1e c:/nxp/mcuxpressoide_11.2.1_4149/ide/plugins/com.nxp.mcuxpresso.tools.win32_11.2.0.202008311134/tools/bin/../lib/gcc/arm-none-eabi/9.2.1/thumb/v7e-m+fp/hard\libgcc.a(_aeabi_uldivmod.o)
 .ARM.attributes
                0x00000397       0x34 c:/nxp/mcuxpressoide_11.2.1_4149/ide/plugins/com.nxp.mcuxpresso.tools.win32_11.2.0.202008311134/tools/bin/../lib/gcc/arm-none-eabi/9.2.1/thumb/v7e-m+fp/hard\libgcc.a(_udivmoddi4.o)
 .ARM.attributes
                0x000003cb       0x1e c:/nxp/mcuxpressoide_11.2.1_4149/ide/plugins/com.nxp.mcuxpresso.tools.win32_11.2.0.202008311134/tools/bin/../lib/gcc/arm-none-eabi/9.2.1/thumb/v7e-m+fp/hard\libgcc.a(_dvmd_tls.o)
 .ARM.attributes
                0x000003e9       0x34 c:/nxp/mcuxpressoide_11.2.1_4149/ide/plugins/com.nxp.mcuxpresso.tools.win32_11.2.0.202008311134/tools/bin/../lib/gcc/arm-none-eabi/9.2.1/../../../../arm-none-eabi/lib/thumb/v7e-m+fp/hard\libc_nano.a(lib_a-init.o)
 .ARM.attributes
                0x0000041d       0x34 c:/nxp/mcuxpressoide_11.2.1_4149/ide/plugins/com.nxp.mcuxpresso.tools.win32_11.2.0.202008311134/tools/bin/../lib/gcc/arm-none-eabi/9.2.1/../../../../arm-none-eabi/lib/thumb/v7e-m+fp/hard\libc_nano.a(lib_a-memset.o)

.debug_frame    0x00000000     0x1770
 .debug_frame   0x00000000      0x5cc projects/funcGen-project/out/projects/funcGen-project/gen/FuncGen.o
 .debug_frame   0x000005cc       0x5c projects/funcGen-project/out/libs/board/edu_ciaa_nxp/src/board_sysinit.o
 .debug_frame   0x00000628      0x204 projects/funcGen-project/out/libs/board/edu_ciaa_nxp/src/board.o
 .debug_frame   0x0000082c       0x30 projects/funcGen-project/out/libs/board/lpc_chip_43xx/src/gpio_18xx_43xx.o
 .debug_frame   0x0000085c       0x70 projects/funcGen-project/out/libs/board/lpc_chip_43xx/src/chip_18xx_43xx.o
 .debug_frame   0x000008cc      0x320 projects/funcGen-project/out/libs/board/lpc_chip_43xx/src/clock_18xx_43xx.o
 .debug_frame   0x00000bec      0x1a0 projects/funcGen-project/out/libs/board/lpc_chip_43xx/src/ssp_18xx_43xx.o
 .debug_frame   0x00000d8c      0x1f4 projects/funcGen-project/out/libs/board/lpc_chip_43xx/src/uart_18xx_43xx.o
 .debug_frame   0x00000f80      0x278 projects/funcGen-project/out/libs/board/lpc_chip_43xx/src/i2c_18xx_43xx.o
 .debug_frame   0x000011f8      0x160 projects/funcGen-project/out/libs/board/lpc_chip_43xx/src/adc_18xx_43xx.o
 .debug_frame   0x00001358       0x80 projects/funcGen-project/out/libs/board/lpc_chip_43xx/src/sysinit_18xx_43xx.o
 .debug_frame   0x000013d8       0x20 projects/funcGen-project/out/libs/board/lpc_startup/src/vendor_interrupt.o
 .debug_frame   0x000013f8       0x28 projects/funcGen-project/out/libs/board/lpc_startup/src/sysinit.o
 .debug_frame   0x00001420      0x114 projects/funcGen-project/out/libs/cmsis_core/src/armv7m_startup.o
 .debug_frame   0x00001534       0xd0 projects/funcGen-project/out/projects/funcGen-project/src/main.o
 .debug_frame   0x00001604       0xc0 projects/funcGen-project/out/projects/funcGen-project/src/TimerTicks.o
 .debug_frame   0x000016c4       0x2c c:/nxp/mcuxpressoide_11.2.1_4149/ide/plugins/com.nxp.mcuxpresso.tools.win32_11.2.0.202008311134/tools/bin/../lib/gcc/arm-none-eabi/9.2.1/thumb/v7e-m+fp/hard\libgcc.a(_aeabi_uldivmod.o)
 .debug_frame   0x000016f0       0x34 c:/nxp/mcuxpressoide_11.2.1_4149/ide/plugins/com.nxp.mcuxpresso.tools.win32_11.2.0.202008311134/tools/bin/../lib/gcc/arm-none-eabi/9.2.1/thumb/v7e-m+fp/hard\libgcc.a(_udivmoddi4.o)
 .debug_frame   0x00001724       0x2c c:/nxp/mcuxpressoide_11.2.1_4149/ide/plugins/com.nxp.mcuxpresso.tools.win32_11.2.0.202008311134/tools/bin/../lib/gcc/arm-none-eabi/9.2.1/../../../../arm-none-eabi/lib/thumb/v7e-m+fp/hard\libc_nano.a(lib_a-init.o)
 .debug_frame   0x00001750       0x20 c:/nxp/mcuxpressoide_11.2.1_4149/ide/plugins/com.nxp.mcuxpresso.tools.win32_11.2.0.202008311134/tools/bin/../lib/gcc/arm-none-eabi/9.2.1/../../../../arm-none-eabi/lib/thumb/v7e-m+fp/hard\libc_nano.a(lib_a-memset.o)

Cross Reference Table

Symbol                                            File
ADC0_IRQHandler                                   projects/funcGen-project/out/libs/board/lpc_startup/src/vendor_interrupt.o
ADC1_IRQHandler                                   projects/funcGen-project/out/libs/board/lpc_startup/src/vendor_interrupt.o
ADCHS_IRQHandler                                  projects/funcGen-project/out/libs/board/lpc_startup/src/vendor_interrupt.o
ATIMER_IRQHandler                                 projects/funcGen-project/out/libs/board/lpc_startup/src/vendor_interrupt.o
Board_ADC_ReadBegin                               projects/funcGen-project/out/libs/board/edu_ciaa_nxp/src/board.o
Board_ADC_ReadEnd                                 projects/funcGen-project/out/libs/board/edu_ciaa_nxp/src/board.o
Board_ADC_ReadWait                                projects/funcGen-project/out/libs/board/edu_ciaa_nxp/src/board.o
Board_Debug_Init                                  projects/funcGen-project/out/libs/board/edu_ciaa_nxp/src/board.o
Board_Init                                        projects/funcGen-project/out/libs/board/edu_ciaa_nxp/src/board.o
                                                  projects/funcGen-project/out/projects/funcGen-project/src/main.o
                                                  projects/funcGen-project/out/libs/board/lpc_startup/src/sysinit.o
Board_LED_Set                                     projects/funcGen-project/out/libs/board/edu_ciaa_nxp/src/board.o
                                                  projects/funcGen-project/out/projects/funcGen-project/src/main.o
Board_LED_Test                                    projects/funcGen-project/out/libs/board/edu_ciaa_nxp/src/board.o
Board_LED_Toggle                                  projects/funcGen-project/out/libs/board/edu_ciaa_nxp/src/board.o
Board_SetupClocking                               projects/funcGen-project/out/libs/board/edu_ciaa_nxp/src/board_sysinit.o
Board_SetupMuxing                                 projects/funcGen-project/out/libs/board/edu_ciaa_nxp/src/board_sysinit.o
Board_SystemInit                                  projects/funcGen-project/out/libs/board/edu_ciaa_nxp/src/board_sysinit.o
                                                  projects/funcGen-project/out/libs/board/lpc_startup/src/sysinit.o
Board_TEC_GetStatus                               projects/funcGen-project/out/libs/board/edu_ciaa_nxp/src/board.o
Board_UARTGetChar                                 projects/funcGen-project/out/libs/board/edu_ciaa_nxp/src/board.o
Board_UARTPutChar                                 projects/funcGen-project/out/libs/board/edu_ciaa_nxp/src/board.o
Board_UARTPutSTR                                  projects/funcGen-project/out/libs/board/edu_ciaa_nxp/src/board.o
BusFault_Handler                                  projects/funcGen-project/out/libs/cmsis_core/src/armv7m_startup.o
CAN0_IRQHandler                                   projects/funcGen-project/out/libs/board/lpc_startup/src/vendor_interrupt.o
CAN1_IRQHandler                                   projects/funcGen-project/out/libs/board/lpc_startup/src/vendor_interrupt.o
CRP_WORD                                          projects/funcGen-project/out/libs/board/lpc_startup/src/crp.o
Chip_ADC_DeInit                                   projects/funcGen-project/out/libs/board/lpc_chip_43xx/src/adc_18xx_43xx.o
Chip_ADC_EnableChannel                            projects/funcGen-project/out/libs/board/lpc_chip_43xx/src/adc_18xx_43xx.o
                                                  projects/funcGen-project/out/libs/board/edu_ciaa_nxp/src/board.o
Chip_ADC_Init                                     projects/funcGen-project/out/libs/board/lpc_chip_43xx/src/adc_18xx_43xx.o
                                                  projects/funcGen-project/out/libs/board/edu_ciaa_nxp/src/board.o
Chip_ADC_Int_SetChannelCmd                        projects/funcGen-project/out/libs/board/lpc_chip_43xx/src/adc_18xx_43xx.o
Chip_ADC_ReadByte                                 projects/funcGen-project/out/libs/board/lpc_chip_43xx/src/adc_18xx_43xx.o
Chip_ADC_ReadStatus                               projects/funcGen-project/out/libs/board/lpc_chip_43xx/src/adc_18xx_43xx.o
                                                  projects/funcGen-project/out/libs/board/edu_ciaa_nxp/src/board.o
Chip_ADC_ReadValue                                projects/funcGen-project/out/libs/board/lpc_chip_43xx/src/adc_18xx_43xx.o
                                                  projects/funcGen-project/out/libs/board/edu_ciaa_nxp/src/board.o
Chip_ADC_SetBurstCmd                              projects/funcGen-project/out/libs/board/lpc_chip_43xx/src/adc_18xx_43xx.o
                                                  projects/funcGen-project/out/libs/board/edu_ciaa_nxp/src/board.o
Chip_ADC_SetResolution                            projects/funcGen-project/out/libs/board/lpc_chip_43xx/src/adc_18xx_43xx.o
                                                  projects/funcGen-project/out/libs/board/edu_ciaa_nxp/src/board.o
Chip_ADC_SetSampleRate                            projects/funcGen-project/out/libs/board/lpc_chip_43xx/src/adc_18xx_43xx.o
                                                  projects/funcGen-project/out/libs/board/edu_ciaa_nxp/src/board.o
Chip_ADC_SetStartMode                             projects/funcGen-project/out/libs/board/lpc_chip_43xx/src/adc_18xx_43xx.o
                                                  projects/funcGen-project/out/libs/board/edu_ciaa_nxp/src/board.o
Chip_AES_Config_DMA                               projects/funcGen-project/out/libs/board/lpc_chip_43xx/src/aes_18xx_43xx.o
Chip_AES_GetStatusDMA                             projects/funcGen-project/out/libs/board/lpc_chip_43xx/src/aes_18xx_43xx.o
Chip_AES_Init                                     projects/funcGen-project/out/libs/board/lpc_chip_43xx/src/aes_18xx_43xx.o
Chip_AES_LoadIV_IC                                projects/funcGen-project/out/libs/board/lpc_chip_43xx/src/aes_18xx_43xx.o
Chip_AES_LoadIV_SW                                projects/funcGen-project/out/libs/board/lpc_chip_43xx/src/aes_18xx_43xx.o
Chip_AES_LoadKey                                  projects/funcGen-project/out/libs/board/lpc_chip_43xx/src/aes_18xx_43xx.o
Chip_AES_LoadKeyRNG                               projects/funcGen-project/out/libs/board/lpc_chip_43xx/src/aes_18xx_43xx.o
Chip_AES_LoadKeySW                                projects/funcGen-project/out/libs/board/lpc_chip_43xx/src/aes_18xx_43xx.o
Chip_AES_Operate                                  projects/funcGen-project/out/libs/board/lpc_chip_43xx/src/aes_18xx_43xx.o
Chip_AES_OperateDMA                               projects/funcGen-project/out/libs/board/lpc_chip_43xx/src/aes_18xx_43xx.o
Chip_AES_ProgramKey                               projects/funcGen-project/out/libs/board/lpc_chip_43xx/src/aes_18xx_43xx.o
Chip_AES_SetMode                                  projects/funcGen-project/out/libs/board/lpc_chip_43xx/src/aes_18xx_43xx.o
Chip_ATIMER_DeInit                                projects/funcGen-project/out/libs/board/lpc_chip_43xx/src/atimer_18xx_43xx.o
Chip_ATIMER_Init                                  projects/funcGen-project/out/libs/board/lpc_chip_43xx/src/atimer_18xx_43xx.o
Chip_CCAN_AddReceiveID                            projects/funcGen-project/out/libs/board/lpc_chip_43xx/src/ccan_18xx_43xx.o
Chip_CCAN_ClearStatus                             projects/funcGen-project/out/libs/board/lpc_chip_43xx/src/ccan_18xx_43xx.o
Chip_CCAN_DeInit                                  projects/funcGen-project/out/libs/board/lpc_chip_43xx/src/ccan_18xx_43xx.o
Chip_CCAN_DeleteReceiveID                         projects/funcGen-project/out/libs/board/lpc_chip_43xx/src/ccan_18xx_43xx.o
Chip_CCAN_GetMsgObject                            projects/funcGen-project/out/libs/board/lpc_chip_43xx/src/ccan_18xx_43xx.o
Chip_CCAN_Init                                    projects/funcGen-project/out/libs/board/lpc_chip_43xx/src/ccan_18xx_43xx.o
Chip_CCAN_Send                                    projects/funcGen-project/out/libs/board/lpc_chip_43xx/src/ccan_18xx_43xx.o
Chip_CCAN_SetBitRate                              projects/funcGen-project/out/libs/board/lpc_chip_43xx/src/ccan_18xx_43xx.o
Chip_CCAN_SetMsgObject                            projects/funcGen-project/out/libs/board/lpc_chip_43xx/src/ccan_18xx_43xx.o
Chip_CCAN_SetValidMsg                             projects/funcGen-project/out/libs/board/lpc_chip_43xx/src/ccan_18xx_43xx.o
Chip_CCAN_TransferMsgObject                       projects/funcGen-project/out/libs/board/lpc_chip_43xx/src/ccan_18xx_43xx.o
Chip_Clock_CalcMainPLLValue                       projects/funcGen-project/out/libs/board/lpc_chip_43xx/src/clock_18xx_43xx.o
                                                  projects/funcGen-project/out/libs/board/lpc_chip_43xx/src/sysinit_18xx_43xx.o
Chip_Clock_ClearPowerDown                         projects/funcGen-project/out/libs/board/lpc_chip_43xx/src/clock_18xx_43xx.o
Chip_Clock_Disable                                projects/funcGen-project/out/libs/board/lpc_chip_43xx/src/clock_18xx_43xx.o
                                                  projects/funcGen-project/out/libs/board/lpc_chip_43xx/src/ccan_18xx_43xx.o
                                                  projects/funcGen-project/out/libs/board/lpc_chip_43xx/src/dac_18xx_43xx.o
                                                  projects/funcGen-project/out/libs/board/lpc_chip_43xx/src/lcd_18xx_43xx.o
                                                  projects/funcGen-project/out/libs/board/lpc_chip_43xx/src/gpdma_18xx_43xx.o
                                                  projects/funcGen-project/out/libs/board/lpc_chip_43xx/src/sct_18xx_43xx.o
                                                  projects/funcGen-project/out/libs/board/lpc_chip_43xx/src/i2cm_18xx_43xx.o
                                                  projects/funcGen-project/out/libs/board/lpc_chip_43xx/src/adc_18xx_43xx.o
                                                  projects/funcGen-project/out/libs/board/lpc_chip_43xx/src/ritimer_18xx_43xx.o
                                                  projects/funcGen-project/out/libs/board/lpc_chip_43xx/src/timer_18xx_43xx.o
                                                  projects/funcGen-project/out/libs/board/lpc_chip_43xx/src/i2c_18xx_43xx.o
                                                  projects/funcGen-project/out/libs/board/lpc_chip_43xx/src/enet_18xx_43xx.o
                                                  projects/funcGen-project/out/libs/board/lpc_chip_43xx/src/uart_18xx_43xx.o
                                                  projects/funcGen-project/out/libs/board/lpc_chip_43xx/src/ssp_18xx_43xx.o
                                                  projects/funcGen-project/out/libs/board/lpc_chip_43xx/src/i2s_18xx_43xx.o
                                                  projects/funcGen-project/out/libs/board/lpc_chip_43xx/src/spi_18xx_43xx.o
                                                  projects/funcGen-project/out/libs/board/lpc_chip_43xx/src/sdif_18xx_43xx.o
Chip_Clock_DisableBaseClock                       projects/funcGen-project/out/libs/board/lpc_chip_43xx/src/clock_18xx_43xx.o
Chip_Clock_DisableCrystal                         projects/funcGen-project/out/libs/board/lpc_chip_43xx/src/clock_18xx_43xx.o
Chip_Clock_DisablePLL                             projects/funcGen-project/out/libs/board/lpc_chip_43xx/src/clock_18xx_43xx.o
Chip_Clock_Enable                                 projects/funcGen-project/out/libs/board/lpc_chip_43xx/src/clock_18xx_43xx.o
                                                  projects/funcGen-project/out/libs/board/lpc_chip_43xx/src/i2cm_18xx_43xx.o
                                                  projects/funcGen-project/out/libs/board/lpc_chip_43xx/src/timer_18xx_43xx.o
                                                  projects/funcGen-project/out/libs/board/lpc_chip_43xx/src/i2c_18xx_43xx.o
                                                  projects/funcGen-project/out/libs/board/lpc_chip_43xx/src/ssp_18xx_43xx.o
                                                  projects/funcGen-project/out/libs/board/lpc_chip_43xx/src/i2s_18xx_43xx.o
                                                  projects/funcGen-project/out/libs/board/lpc_chip_43xx/src/spi_18xx_43xx.o
Chip_Clock_EnableBaseClock                        projects/funcGen-project/out/libs/board/lpc_chip_43xx/src/clock_18xx_43xx.o
                                                  projects/funcGen-project/out/libs/board/lpc_chip_43xx/src/chip_18xx_43xx.o
Chip_Clock_EnableCrystal                          projects/funcGen-project/out/libs/board/lpc_chip_43xx/src/clock_18xx_43xx.o
                                                  projects/funcGen-project/out/libs/board/lpc_chip_43xx/src/sysinit_18xx_43xx.o
Chip_Clock_EnableOpts                             projects/funcGen-project/out/libs/board/lpc_chip_43xx/src/clock_18xx_43xx.o
                                                  projects/funcGen-project/out/libs/board/lpc_chip_43xx/src/ccan_18xx_43xx.o
                                                  projects/funcGen-project/out/libs/board/lpc_chip_43xx/src/dac_18xx_43xx.o
                                                  projects/funcGen-project/out/libs/board/lpc_chip_43xx/src/lcd_18xx_43xx.o
                                                  projects/funcGen-project/out/libs/board/lpc_chip_43xx/src/gpdma_18xx_43xx.o
                                                  projects/funcGen-project/out/libs/board/lpc_chip_43xx/src/sct_18xx_43xx.o
                                                  projects/funcGen-project/out/libs/board/lpc_chip_43xx/src/adc_18xx_43xx.o
                                                  projects/funcGen-project/out/libs/board/lpc_chip_43xx/src/ritimer_18xx_43xx.o
                                                  projects/funcGen-project/out/libs/board/lpc_chip_43xx/src/enet_18xx_43xx.o
                                                  projects/funcGen-project/out/libs/board/lpc_chip_43xx/src/uart_18xx_43xx.o
                                                  projects/funcGen-project/out/libs/board/lpc_chip_43xx/src/sdif_18xx_43xx.o
                                                  projects/funcGen-project/out/libs/board/lpc_chip_43xx/src/chip_18xx_43xx.o
Chip_Clock_EnablePLL                              projects/funcGen-project/out/libs/board/lpc_chip_43xx/src/clock_18xx_43xx.o
                                                  projects/funcGen-project/out/libs/board/lpc_chip_43xx/src/chip_18xx_43xx.o
Chip_Clock_GetBaseClock                           projects/funcGen-project/out/libs/board/lpc_chip_43xx/src/clock_18xx_43xx.o
Chip_Clock_GetBaseClockOpts                       projects/funcGen-project/out/libs/board/lpc_chip_43xx/src/clock_18xx_43xx.o
Chip_Clock_GetBaseClocktHz                        projects/funcGen-project/out/libs/board/lpc_chip_43xx/src/clock_18xx_43xx.o
                                                  projects/funcGen-project/out/libs/board/lpc_chip_43xx/src/sdio_18xx_43xx.o
                                                  projects/funcGen-project/out/libs/board/lpc_chip_43xx/src/sdmmc_18xx_43xx.o
Chip_Clock_GetClockInputHz                        projects/funcGen-project/out/libs/board/lpc_chip_43xx/src/clock_18xx_43xx.o
                                                  projects/funcGen-project/out/libs/board/lpc_chip_43xx/src/chip_18xx_43xx.o
Chip_Clock_GetDividerDivisor                      projects/funcGen-project/out/libs/board/lpc_chip_43xx/src/clock_18xx_43xx.o
Chip_Clock_GetDividerSource                       projects/funcGen-project/out/libs/board/lpc_chip_43xx/src/clock_18xx_43xx.o
Chip_Clock_GetEMCRate                             projects/funcGen-project/out/libs/board/lpc_chip_43xx/src/clock_18xx_43xx.o
                                                  projects/funcGen-project/out/libs/board/lpc_chip_43xx/src/emc_18xx_43xx.o
Chip_Clock_GetMainPLLHz                           projects/funcGen-project/out/libs/board/lpc_chip_43xx/src/clock_18xx_43xx.o
Chip_Clock_GetPLLStatus                           projects/funcGen-project/out/libs/board/lpc_chip_43xx/src/clock_18xx_43xx.o
                                                  projects/funcGen-project/out/libs/board/lpc_chip_43xx/src/chip_18xx_43xx.o
Chip_Clock_GetRate                                projects/funcGen-project/out/libs/board/lpc_chip_43xx/src/clock_18xx_43xx.o
                                                  projects/funcGen-project/out/libs/board/lpc_chip_43xx/src/ccan_18xx_43xx.o
                                                  projects/funcGen-project/out/libs/board/lpc_chip_43xx/src/eeprom_18xx_43xx.o
                                                  projects/funcGen-project/out/libs/board/lpc_chip_43xx/src/i2cm_18xx_43xx.o
                                                  projects/funcGen-project/out/libs/board/lpc_chip_43xx/src/adc_18xx_43xx.o
                                                  projects/funcGen-project/out/libs/board/lpc_chip_43xx/src/sct_pwm_18xx_43xx.o
                                                  projects/funcGen-project/out/libs/board/lpc_chip_43xx/src/ritimer_18xx_43xx.o
                                                  projects/funcGen-project/out/libs/board/lpc_chip_43xx/src/i2c_18xx_43xx.o
                                                  projects/funcGen-project/out/libs/board/lpc_chip_43xx/src/uart_18xx_43xx.o
                                                  projects/funcGen-project/out/libs/board/lpc_chip_43xx/src/ssp_18xx_43xx.o
                                                  projects/funcGen-project/out/libs/board/lpc_chip_43xx/src/stopwatch_18xx_43xx.o
                                                  projects/funcGen-project/out/libs/board/lpc_chip_43xx/src/i2s_18xx_43xx.o
                                                  projects/funcGen-project/out/libs/board/lpc_chip_43xx/src/spi_18xx_43xx.o
                                                  projects/funcGen-project/out/libs/board/lpc_chip_43xx/src/chip_18xx_43xx.o
Chip_Clock_IsBaseClockEnabled                     projects/funcGen-project/out/libs/board/lpc_chip_43xx/src/clock_18xx_43xx.o
Chip_Clock_RTCEnable                              projects/funcGen-project/out/libs/board/lpc_chip_43xx/src/clock_18xx_43xx.o
                                                  projects/funcGen-project/out/libs/board/lpc_chip_43xx/src/rtc_18xx_43xx.o
Chip_Clock_SetBaseClock                           projects/funcGen-project/out/libs/board/lpc_chip_43xx/src/clock_18xx_43xx.o
                                                  projects/funcGen-project/out/libs/board/lpc_chip_43xx/src/sysinit_18xx_43xx.o
                                                  projects/funcGen-project/out/libs/board/lpc_chip_43xx/src/chip_18xx_43xx.o
                                                  projects/funcGen-project/out/libs/board/edu_ciaa_nxp/src/board_sysinit.o