Archive member included to satisfy reference by file (symbol)

c:/nxp/mcuxpressoide_11.2.1_4149/ide/plugins/com.nxp.mcuxpresso.tools.win32_11.2.0.202008311134/tools/bin/../lib/gcc/arm-none-eabi/9.2.1/thumb/v7e-m+fp/hard\libgcc.a(_aeabi_uldivmod.o)
                              projects/slideDoor-project/out/libs/board/lpc_chip_43xx/src/i2s_18xx_43xx.o (__aeabi_uldivmod)
c:/nxp/mcuxpressoide_11.2.1_4149/ide/plugins/com.nxp.mcuxpresso.tools.win32_11.2.0.202008311134/tools/bin/../lib/gcc/arm-none-eabi/9.2.1/thumb/v7e-m+fp/hard\libgcc.a(_udivmoddi4.o)
                              c:/nxp/mcuxpressoide_11.2.1_4149/ide/plugins/com.nxp.mcuxpresso.tools.win32_11.2.0.202008311134/tools/bin/../lib/gcc/arm-none-eabi/9.2.1/thumb/v7e-m+fp/hard\libgcc.a(_aeabi_uldivmod.o) (__udivmoddi4)
c:/nxp/mcuxpressoide_11.2.1_4149/ide/plugins/com.nxp.mcuxpresso.tools.win32_11.2.0.202008311134/tools/bin/../lib/gcc/arm-none-eabi/9.2.1/thumb/v7e-m+fp/hard\libgcc.a(_dvmd_tls.o)
                              c:/nxp/mcuxpressoide_11.2.1_4149/ide/plugins/com.nxp.mcuxpresso.tools.win32_11.2.0.202008311134/tools/bin/../lib/gcc/arm-none-eabi/9.2.1/thumb/v7e-m+fp/hard\libgcc.a(_aeabi_uldivmod.o) (__aeabi_ldiv0)
c:/nxp/mcuxpressoide_11.2.1_4149/ide/plugins/com.nxp.mcuxpresso.tools.win32_11.2.0.202008311134/tools/bin/../lib/gcc/arm-none-eabi/9.2.1/../../../../arm-none-eabi/lib/thumb/v7e-m+fp/hard\libc_nano.a(lib_a-init.o)
                              projects/slideDoor-project/out/libs/cmsis_core/src/armv7m_startup.o (__libc_init_array)
c:/nxp/mcuxpressoide_11.2.1_4149/ide/plugins/com.nxp.mcuxpresso.tools.win32_11.2.0.202008311134/tools/bin/../lib/gcc/arm-none-eabi/9.2.1/../../../../arm-none-eabi/lib/thumb/v7e-m+fp/hard\libc_nano.a(lib_a-memcpy-stub.o)
                              projects/slideDoor-project/out/libs/board/lpc_chip_43xx/src/ring_buffer.o (memcpy)
c:/nxp/mcuxpressoide_11.2.1_4149/ide/plugins/com.nxp.mcuxpresso.tools.win32_11.2.0.202008311134/tools/bin/../lib/gcc/arm-none-eabi/9.2.1/../../../../arm-none-eabi/lib/thumb/v7e-m+fp/hard\libc_nano.a(lib_a-memset.o)
                              projects/slideDoor-project/out/libs/board/lpc_chip_43xx/src/clock_18xx_43xx.o (memset)

Allocating common symbols
Common symbol       size              file

SystemCoreClock     0x4               projects/slideDoor-project/out/libs/board/lpc_chip_43xx/src/chip_18xx_43xx.o
ticks               0x30              projects/slideDoor-project/out/projects/slideDoor-project/src/main.o

Discarded input sections

 .group         0x00000000        0xc projects/slideDoor-project/out/projects/slideDoor-project/gen/SlideDoor.o
 .group         0x00000000        0xc projects/slideDoor-project/out/projects/slideDoor-project/gen/SlideDoor.o
 .group         0x00000000        0xc projects/slideDoor-project/out/projects/slideDoor-project/gen/SlideDoor.o
 .group         0x00000000        0xc projects/slideDoor-project/out/projects/slideDoor-project/gen/SlideDoor.o
 .group         0x00000000        0xc projects/slideDoor-project/out/projects/slideDoor-project/gen/SlideDoor.o
 .group         0x00000000        0xc projects/slideDoor-project/out/projects/slideDoor-project/gen/SlideDoor.o
 .group         0x00000000        0xc projects/slideDoor-project/out/projects/slideDoor-project/gen/SlideDoor.o
 .group         0x00000000        0xc projects/slideDoor-project/out/projects/slideDoor-project/gen/SlideDoor.o
 .group         0x00000000        0xc projects/slideDoor-project/out/projects/slideDoor-project/gen/SlideDoor.o
 .group         0x00000000        0xc projects/slideDoor-project/out/projects/slideDoor-project/gen/SlideDoor.o
 .text          0x00000000        0x0 projects/slideDoor-project/out/projects/slideDoor-project/gen/SlideDoor.o
 .data          0x00000000        0x0 projects/slideDoor-project/out/projects/slideDoor-project/gen/SlideDoor.o
 .bss           0x00000000        0x0 projects/slideDoor-project/out/projects/slideDoor-project/gen/SlideDoor.o
 .text.exseq_main_region
                0x00000000       0x10 projects/slideDoor-project/out/projects/slideDoor-project/gen/SlideDoor.o
 .text.exseq_TEC
                0x00000000       0x2a projects/slideDoor-project/out/projects/slideDoor-project/gen/SlideDoor.o
 .text.exseq_door
                0x00000000       0x32 projects/slideDoor-project/out/projects/slideDoor-project/gen/SlideDoor.o
 .text.slideDoor_exit
                0x00000000       0x16 projects/slideDoor-project/out/projects/slideDoor-project/gen/SlideDoor.o
 .text.slideDoor_isActive
                0x00000000       0x22 projects/slideDoor-project/out/projects/slideDoor-project/gen/SlideDoor.o
 .text.slideDoor_isFinal
                0x00000000        0x4 projects/slideDoor-project/out/projects/slideDoor-project/gen/SlideDoor.o
 .text.slideDoor_isStateActive
                0x00000000       0x90 projects/slideDoor-project/out/projects/slideDoor-project/gen/SlideDoor.o
 .text.slideDoorIface_get_tIME_CLOSE
[...]
Memory Configuration

Name             Origin             Length             Attributes
MFlashA512       0x1a000000         0x00080000         xr
MFlashB512       0x1b000000         0x00080000         xr
RamLoc32         0x10000000         0x00008000         xrw
RamLoc40         0x10080000         0x0000a000         xrw
RamAHB32         0x20000000         0x00008000         xrw
RamAHB16         0x20008000         0x00004000         xrw
RamAHB_ETB16     0x2000c000         0x00004000         xrw
*default*        0x00000000         0xffffffff

Linker script and memory map

START GROUP
LOAD projects/slideDoor-project/out/projects/slideDoor-project/gen/SlideDoor.o
LOAD projects/slideDoor-project/out/libs/board/edu_ciaa_nxp/src/board_sysinit.o
LOAD projects/slideDoor-project/out/libs/board/edu_ciaa_nxp/src/board.o
LOAD projects/slideDoor-project/out/libs/board/lpc_chip_43xx/src/pinint_18xx_43xx.o
LOAD projects/slideDoor-project/out/libs/board/lpc_chip_43xx/src/otp_18xx_43xx.o
LOAD projects/slideDoor-project/out/libs/board/lpc_chip_43xx/src/gpio_18xx_43xx.o
LOAD projects/slideDoor-project/out/libs/board/lpc_chip_43xx/src/emc_18xx_43xx.o
LOAD projects/slideDoor-project/out/libs/board/lpc_chip_43xx/src/chip_18xx_43xx.o
LOAD projects/slideDoor-project/out/libs/board/lpc_chip_43xx/src/wwdt_18xx_43xx.o
LOAD projects/slideDoor-project/out/libs/board/lpc_chip_43xx/src/sdif_18xx_43xx.o
LOAD projects/slideDoor-project/out/libs/board/lpc_chip_43xx/src/spi_18xx_43xx.o
LOAD projects/slideDoor-project/out/libs/board/lpc_chip_43xx/src/i2s_18xx_43xx.o
LOAD projects/slideDoor-project/out/libs/board/lpc_chip_43xx/src/clock_18xx_43xx.o
LOAD projects/slideDoor-project/out/libs/board/lpc_chip_43xx/src/pmc_18xx_43xx.o
LOAD projects/slideDoor-project/out/libs/board/lpc_chip_43xx/src/ring_buffer.o
LOAD projects/slideDoor-project/out/libs/board/lpc_chip_43xx/src/stopwatch_18xx_43xx.o
LOAD projects/slideDoor-project/out/libs/board/lpc_chip_43xx/src/ssp_18xx_43xx.o
LOAD projects/slideDoor-project/out/libs/board/lpc_chip_43xx/src/uart_18xx_43xx.o
LOAD projects/slideDoor-project/out/libs/board/lpc_chip_43xx/src/enet_18xx_43xx.o
LOAD projects/slideDoor-project/out/libs/board/lpc_chip_43xx/src/i2c_18xx_43xx.o
LOAD projects/slideDoor-project/out/libs/board/lpc_chip_43xx/src/sdmmc_18xx_43xx.o
LOAD projects/slideDoor-project/out/libs/board/lpc_chip_43xx/src/timer_18xx_43xx.o
LOAD projects/slideDoor-project/out/libs/board/lpc_chip_43xx/src/ritimer_18xx_43xx.o
LOAD projects/slideDoor-project/out/libs/board/lpc_chip_43xx/src/sct_pwm_18xx_43xx.o
LOAD projects/slideDoor-project/out/libs/board/lpc_chip_43xx/src/adc_18xx_43xx.o
LOAD projects/slideDoor-project/out/libs/board/lpc_chip_43xx/src/sysinit_18xx_43xx.o
LOAD projects/slideDoor-project/out/libs/board/lpc_chip_43xx/src/iap_18xx_43xx.o
LOAD projects/slideDoor-project/out/libs/board/lpc_chip_43xx/src/i2cm_18xx_43xx.o
LOAD projects/slideDoor-project/out/libs/board/lpc_chip_43xx/src/evrt_18xx_43xx.o
LOAD projects/slideDoor-project/out/libs/board/lpc_chip_43xx/src/sct_18xx_43xx.o
LOAD projects/slideDoor-project/out/libs/board/lpc_chip_43xx/src/rtc_18xx_43xx.o
LOAD projects/slideDoor-project/out/libs/board/lpc_chip_43xx/src/gpdma_18xx_43xx.o
LOAD projects/slideDoor-project/out/libs/board/lpc_chip_43xx/src/atimer_18xx_43xx.o
LOAD projects/slideDoor-project/out/libs/board/lpc_chip_43xx/src/eeprom_18xx_43xx.o
LOAD projects/slideDoor-project/out/libs/board/lpc_chip_43xx/src/aes_18xx_43xx.o
LOAD projects/slideDoor-project/out/libs/board/lpc_chip_43xx/src/lcd_18xx_43xx.o
LOAD projects/slideDoor-project/out/libs/board/lpc_chip_43xx/src/dac_18xx_43xx.o
LOAD projects/slideDoor-project/out/libs/board/lpc_chip_43xx/src/sdio_18xx_43xx.o
LOAD projects/slideDoor-project/out/libs/board/lpc_chip_43xx/src/gpiogroup_18xx_43xx.o
LOAD projects/slideDoor-project/out/libs/board/lpc_chip_43xx/src/ccan_18xx_43xx.o
LOAD projects/slideDoor-project/out/libs/board/lpc_startup/src/vendor_interrupt.o
LOAD projects/slideDoor-project/out/libs/board/lpc_startup/src/sysinit.o
LOAD projects/slideDoor-project/out/libs/board/lpc_startup/src/crp.o
LOAD projects/slideDoor-project/out/libs/cmsis_core/src/armv7m_startup.o
LOAD projects/slideDoor-project/out/projects/slideDoor-project/src/main.o
LOAD projects/slideDoor-project/out/projects/slideDoor-project/src/TimerTicks.o
END GROUP
LOAD c:/nxp/mcuxpressoide_11.2.1_4149/ide/plugins/com.nxp.mcuxpresso.tools.win32_11.2.0.202008311134/tools/bin/../lib/gcc/arm-none-eabi/9.2.1/../../../../arm-none-eabi/lib/thumb/v7e-m+fp/hard\libstdc++_nano.a
LOAD c:/nxp/mcuxpressoide_11.2.1_4149/ide/plugins/com.nxp.mcuxpresso.tools.win32_11.2.0.202008311134/tools/bin/../lib/gcc/arm-none-eabi/9.2.1/../../../../arm-none-eabi/lib/thumb/v7e-m+fp/hard\libm.a
START GROUP
LOAD c:/nxp/mcuxpressoide_11.2.1_4149/ide/plugins/com.nxp.mcuxpresso.tools.win32_11.2.0.202008311134/tools/bin/../lib/gcc/arm-none-eabi/9.2.1/thumb/v7e-m+fp/hard\libgcc.a
LOAD c:/nxp/mcuxpressoide_11.2.1_4149/ide/plugins/com.nxp.mcuxpresso.tools.win32_11.2.0.202008311134/tools/bin/../lib/gcc/arm-none-eabi/9.2.1/../../../../arm-none-eabi/lib/thumb/v7e-m+fp/hard\libc_nano.a
END GROUP
START GROUP
LOAD c:/nxp/mcuxpressoide_11.2.1_4149/ide/plugins/com.nxp.mcuxpresso.tools.win32_11.2.0.202008311134/tools/bin/../lib/gcc/arm-none-eabi/9.2.1/thumb/v7e-m+fp/hard\libgcc.a
LOAD c:/nxp/mcuxpressoide_11.2.1_4149/ide/plugins/com.nxp.mcuxpresso.tools.win32_11.2.0.202008311134/tools/bin/../lib/gcc/arm-none-eabi/9.2.1/../../../../arm-none-eabi/lib/thumb/v7e-m+fp/hard\libc_nano.a
END GROUP
                0x1a080000                __top_MFlashA512 = 0x1a080000
                0x1b080000                __top_MFlashB512 = 0x1b080000
                0x10008000                __top_RamLoc32 = 0x10008000
                0x1008a000                __top_RamLoc40 = 0x1008a000
                0x20008000                __top_RamAHB32 = 0x20008000
                0x2000c000                __top_RamAHB16 = 0x2000c000
                0x20010000                __top_RamAHB_ETB16 = 0x20010000
START GROUP
LOAD c:/nxp/mcuxpressoide_11.2.1_4149/ide/plugins/com.nxp.mcuxpresso.tools.win32_11.2.0.202008311134/tools/bin/../lib/gcc/arm-none-eabi/9.2.1/thumb/v7e-m+fp/hard\libgcc.a
LOAD c:/nxp/mcuxpressoide_11.2.1_4149/ide/plugins/com.nxp.mcuxpresso.tools.win32_11.2.0.202008311134/tools/bin/../lib/gcc/arm-none-eabi/9.2.1/../../../../arm-none-eabi/lib/thumb/v7e-m+fp/hard\libc.a
LOAD c:/nxp/mcuxpressoide_11.2.1_4149/ide/plugins/com.nxp.mcuxpresso.tools.win32_11.2.0.202008311134/tools/bin/../lib/gcc/arm-none-eabi/9.2.1/../../../../arm-none-eabi/lib/thumb/v7e-m+fp/hard\libm.a
END GROUP

.text_Flash2    0x1b000000        0x0
 FILL mask 0xff
 *(.text_Flash2*)
 *(.text_MFlashB512*)
 *(.text.$Flash2*)
 *(.text.$MFlashB512*)
 *(.rodata.$Flash2*)
 *(.rodata.$MFlashB512*)

.text           0x1a000000     0x1cc0
 FILL mask 0xff
                0x1a000000                __vectors_start__ = ABSOLUTE (.)
 *(.isr_vector)
 .isr_vector    0x1a000000       0x40 projects/slideDoor-project/out/libs/cmsis_core/src/armv7m_startup.o
                0x1a000000                g_pfnVectors
 *(.isr_vendor_vector)
 .isr_vendor_vector
                0x1a000040       0xd4 projects/slideDoor-project/out/libs/board/lpc_startup/src/vendor_interrupt.o
                0x1a000040                g_pfnVendorVectors
                0x1a000114                . = ALIGN (0x4)
                0x1a000114                __section_table_start = .
                0x1a000114                __data_section_table = .
                0x1a000114        0x4 LONG 0x1a001cc8 LOADADDR (.data)
                0x1a000118        0x4 LONG 0x10000000 ADDR (.data)
                0x1a00011c        0x4 LONG 0x38 SIZEOF (.data)
                0x1a000120        0x4 LONG 0x1a001cc8 LOADADDR (.data_RAM2)
                0x1a000124        0x4 LONG 0x10080000 ADDR (.data_RAM2)
                0x1a000128        0x4 LONG 0x0 SIZEOF (.data_RAM2)
                0x1a00012c        0x4 LONG 0x1a001cc8 LOADADDR (.data_RAM3)
                0x1a000130        0x4 LONG 0x20000000 ADDR (.data_RAM3)
                0x1a000134        0x4 LONG 0x0 SIZEOF (.data_RAM3)
                0x1a000138        0x4 LONG 0x1a001cc8 LOADADDR (.data_RAM4)
                0x1a00013c        0x4 LONG 0x20008000 ADDR (.data_RAM4)
                0x1a000140        0x4 LONG 0x0 SIZEOF (.data_RAM4)
                0x1a000144        0x4 LONG 0x1a001cc8 LOADADDR (.data_RAM5)
                0x1a000148        0x4 LONG 0x2000c000 ADDR (.data_RAM5)
                0x1a00014c        0x4 LONG 0x0 SIZEOF (.data_RAM5)
                0x1a000150                __data_section_table_end = .
                0x1a000150                __bss_section_table = .
                0x1a000150        0x4 LONG 0x10000038 ADDR (.bss)
                0x1a000154        0x4 LONG 0x5c SIZEOF (.bss)
                0x1a000158        0x4 LONG 0x10080000 ADDR (.bss_RAM2)
                0x1a00015c        0x4 LONG 0x0 SIZEOF (.bss_RAM2)
                0x1a000160        0x4 LONG 0x20000000 ADDR (.bss_RAM3)
                0x1a000164        0x4 LONG 0x0 SIZEOF (.bss_RAM3)
                0x1a000168        0x4 LONG 0x20008000 ADDR (.bss_RAM4)
                0x1a00016c        0x4 LONG 0x0 SIZEOF (.bss_RAM4)
                0x1a000170        0x4 LONG 0x2000c000 ADDR (.bss_RAM5)
                0x1a000174        0x4 LONG 0x0 SIZEOF (.bss_RAM5)
                0x1a000178                __bss_section_table_end = .
                0x1a000178                __section_table_end = .
 *(.after_vectors*)
 .after_vectors
                0x1a000178        0x2 projects/slideDoor-project/out/libs/board/lpc_startup/src/vendor_interrupt.o
                0x1a000178                TIMER2_IRQHandler
                0x1a000178                RIT_IRQHandler
                0x1a000178                ADCHS_IRQHandler
                0x1a000178                FLASH_EEPROM_IRQHandler
                0x1a000178                I2C0_IRQHandler
                0x1a000178                SDIO_IRQHandler
                0x1a000178                ATIMER_IRQHandler
                0x1a000178                I2C1_IRQHandler
                0x1a000178                UART1_IRQHandler
                0x1a000178                GPIO5_IRQHandler
                0x1a000178                CAN1_IRQHandler
                0x1a000178                USB1_IRQHandler
                0x1a000178                I2S0_IRQHandler
                0x1a000178                TIMER3_IRQHandler
                0x1a000178                UART0_IRQHandler
                0x1a000178                SGPIO_IRQHandler
                0x1a000178                ADC0_IRQHandler
                0x1a000178                GPIO6_IRQHandler
                0x1a000178                IntDefaultHandler
                0x1a000178                GPIO1_IRQHandler
                0x1a000178                SSP0_IRQHandler
                0x1a000178                ADC1_IRQHandler
                0x1a000178                RTC_IRQHandler
                0x1a000178                TIMER0_IRQHandler
                0x1a000178                SPI_IRQHandler
                0x1a000178                LCD_IRQHandler
                0x1a000178                TIMER1_IRQHandler
                0x1a000178                UART2_IRQHandler
                0x1a000178                GPIO2_IRQHandler
                0x1a000178                I2S1_IRQHandler
                0x1a000178                SSP1_IRQHandler
                0x1a000178                USB0_IRQHandler
                0x1a000178                GPIO3_IRQHandler
                0x1a000178                SCT_IRQHandler
                0x1a000178                WDT_IRQHandler
                0x1a000178                GPIO7_IRQHandler
                0x1a000178                SPIFI_IRQHandler
                0x1a000178                QEI_IRQHandler
                0x1a000178                ETH_IRQHandler
                0x1a000178                CAN0_IRQHandler
                0x1a000178                GINT0_IRQHandler
                0x1a000178                DAC_IRQHandler
                0x1a000178                M0SUB_IRQHandler
                0x1a000178                GPIO0_IRQHandler
                0x1a000178                DMA_IRQHandler
                0x1a000178                EVRT_IRQHandler
                0x1a000178                UART3_IRQHandler
                0x1a000178                MCPWM_IRQHandler
                0x1a000178                M0APP_IRQHandler
                0x1a000178                GINT1_IRQHandler
                0x1a000178                GPIO4_IRQHandler
 .after_vectors
                0x1a00017a       0x42 projects/slideDoor-project/out/libs/cmsis_core/src/armv7m_startup.o
                0x1a00017a                NMI_Handler
                0x1a00017c                HardFault_Handler
                0x1a00017e                MemManage_Handler
                0x1a000180                BusFault_Handler
                0x1a000182                UsageFault_Handler
                0x1a000184                SVC_Handler
                0x1a000186                DebugMon_Handler
                0x1a000188                PendSV_Handler
                0x1a00018c                data_init
                0x1a0001aa                bss_init
                0x000002fc                . = 0x2fc
 *fill*         0x1a0001bc      0x140 ff
                0x1a0002fc                PROVIDE (__CRP_WORD_START__ = .)
 *(.crp)
 .crp           0x1a0002fc        0x4 projects/slideDoor-project/out/libs/board/lpc_startup/src/crp.o
                0x1a0002fc                CRP_WORD
                0x1a000300                PROVIDE (__CRP_WORD_END__ = .)
                0x00000001                ASSERT (! ((__CRP_WORD_START__ == __CRP_WORD_END__)), Linker CRP Enabled, but no CRP_WORD provided within application)
 *(.text*)
 .text.clearInEvents
                0x1a000300       0x16 projects/slideDoor-project/out/projects/slideDoor-project/gen/SlideDoor.o
 .text.enact_TEC_PRESSED
                0x1a000316        0xa projects/slideDoor-project/out/projects/slideDoor-project/gen/SlideDoor.o
 .text.enseq_TEC_UNPRESSED_default
                0x1a000320        0xa projects/slideDoor-project/out/projects/slideDoor-project/gen/SlideDoor.o
 .text.enseq_TEC_PRESSED_default
                0x1a00032a       0x12 projects/slideDoor-project/out/projects/slideDoor-project/gen/SlideDoor.o
 .text.enseq_TEC_VALIDATION_default
                0x1a00033c        0xa projects/slideDoor-project/out/projects/slideDoor-project/gen/SlideDoor.o
 .text.enseq_main_region_WAIT_default
                0x1a000346        0xa projects/slideDoor-project/out/projects/slideDoor-project/gen/SlideDoor.o
 .text.exseq_TEC_UNPRESSED
                0x1a000350        0x8 projects/slideDoor-project/out/projects/slideDoor-project/gen/SlideDoor.o
 .text.exseq_TEC_PRESSED
                0x1a000358        0x8 projects/slideDoor-project/out/projects/slideDoor-project/gen/SlideDoor.o
 .text.exseq_TEC_VALIDATION
                0x1a000360        0x8 projects/slideDoor-project/out/projects/slideDoor-project/gen/SlideDoor.o
 .text.exseq_main_region_WAIT
                0x1a000368        0xa projects/slideDoor-project/out/projects/slideDoor-project/gen/SlideDoor.o
 .text.exseq_door_CLOSED
                0x1a000372        0xa projects/slideDoor-project/out/projects/slideDoor-project/gen/SlideDoor.o
 .text.exseq_door_OPENING
                0x1a00037c        0xa projects/slideDoor-project/out/projects/slideDoor-project/gen/SlideDoor.o
 .text.exseq_door_CLOSING
                0x1a000386        0xa projects/slideDoor-project/out/projects/slideDoor-project/gen/SlideDoor.o
 .text.react_TEC__entry_Default
                0x1a000390        0x8 projects/slideDoor-project/out/projects/slideDoor-project/gen/SlideDoor.o
 .text.enseq_TEC_default
                0x1a000398        0x8 projects/slideDoor-project/out/projects/slideDoor-project/gen/SlideDoor.o
 .text.react_main_region__entry_Default
                0x1a0003a0        0x8 projects/slideDoor-project/out/projects/slideDoor-project/gen/SlideDoor.o
 .text.enseq_main_region_default
                0x1a0003a8        0x8 projects/slideDoor-project/out/projects/slideDoor-project/gen/SlideDoor.o
 .text.react    0x1a0003b0        0x4 projects/slideDoor-project/out/projects/slideDoor-project/gen/SlideDoor.o
 .text.TEC_PRESSED_react
                0x1a0003b4       0x26 projects/slideDoor-project/out/projects/slideDoor-project/gen/SlideDoor.o
 .text.TEC_VALIDATION_react
                0x1a0003da       0x38 projects/slideDoor-project/out/projects/slideDoor-project/gen/SlideDoor.o
 .text.main_region_WAIT_react
                0x1a000412       0x76 projects/slideDoor-project/out/projects/slideDoor-project/gen/SlideDoor.o
 .text.enact_door_OPENING
                0x1a000488       0x14 projects/slideDoor-project/out/projects/slideDoor-project/gen/SlideDoor.o
 .text.enseq_door_OPENING_default
                0x1a00049c       0x12 projects/slideDoor-project/out/projects/slideDoor-project/gen/SlideDoor.o
 .text.react_door__entry_Default
                0x1a0004ae        0x8 projects/slideDoor-project/out/projects/slideDoor-project/gen/SlideDoor.o
 .text.enseq_door_default
                0x1a0004b6        0x8 projects/slideDoor-project/out/projects/slideDoor-project/gen/SlideDoor.o
 .text.door_CLOSED_react
                0x1a0004be       0x1e projects/slideDoor-project/out/projects/slideDoor-project/gen/SlideDoor.o
 .text.enact_door_CLOSING
                0x1a0004dc       0x14 projects/slideDoor-project/out/projects/slideDoor-project/gen/SlideDoor.o
 .text.enseq_door_CLOSING_default
                0x1a0004f0       0x12 projects/slideDoor-project/out/projects/slideDoor-project/gen/SlideDoor.o
 .text.enact_door_CLOSED
                0x1a000502        0xa projects/slideDoor-project/out/projects/slideDoor-project/gen/SlideDoor.o
 .text.enseq_door_CLOSED_default
                0x1a00050c       0x12 projects/slideDoor-project/out/projects/slideDoor-project/gen/SlideDoor.o
 .text.exact_TEC_DEBOUNCE
                0x1a00051e        0xc projects/slideDoor-project/out/projects/slideDoor-project/gen/SlideDoor.o
 .text.exseq_TEC_DEBOUNCE
                0x1a00052a        0xe projects/slideDoor-project/out/projects/slideDoor-project/gen/SlideDoor.o
 .text.TEC_DEBOUNCE_react
                0x1a000538       0x26 projects/slideDoor-project/out/projects/slideDoor-project/gen/SlideDoor.o
 .text.exact_door_OPENED
                0x1a00055e        0xc projects/slideDoor-project/out/projects/slideDoor-project/gen/SlideDoor.o
 .text.exseq_door_OPENED
                0x1a00056a       0x10 projects/slideDoor-project/out/projects/slideDoor-project/gen/SlideDoor.o
 .text.exact_door_REOPENING
                0x1a00057a        0xc projects/slideDoor-project/out/projects/slideDoor-project/gen/SlideDoor.o
 .text.exseq_door_REOPENING
                0x1a000586       0x10 projects/slideDoor-project/out/projects/slideDoor-project/gen/SlideDoor.o
 .text.door_REOPENING_react
                0x1a000596       0x1e projects/slideDoor-project/out/projects/slideDoor-project/gen/SlideDoor.o
 .text.enact_TEC_DEBOUNCE
                0x1a0005b4       0x10 projects/slideDoor-project/out/projects/slideDoor-project/gen/SlideDoor.o
 .text.enseq_TEC_DEBOUNCE_default
                0x1a0005c4       0x12 projects/slideDoor-project/out/projects/slideDoor-project/gen/SlideDoor.o
 .text.TEC_UNPRESSED_react
                0x1a0005d6       0x26 projects/slideDoor-project/out/projects/slideDoor-project/gen/SlideDoor.o
 .text.enact_door_OPENED
                0x1a0005fc       0x1c projects/slideDoor-project/out/projects/slideDoor-project/gen/SlideDoor.o
 .text.enseq_door_OPENED_default
                0x1a000618       0x12 projects/slideDoor-project/out/projects/slideDoor-project/gen/SlideDoor.o
 .text.door_OPENED_react
                0x1a00062a       0x2e projects/slideDoor-project/out/projects/slideDoor-project/gen/SlideDoor.o
 .text.door_OPENING_react
                0x1a000658       0x1e projects/slideDoor-project/out/projects/slideDoor-project/gen/SlideDoor.o
 .text.enact_door_REOPENING
                0x1a000676       0x1a projects/slideDoor-project/out/projects/slideDoor-project/gen/SlideDoor.o
 .text.enseq_door_REOPENING_default
                0x1a000690       0x12 projects/slideDoor-project/out/projects/slideDoor-project/gen/SlideDoor.o
 .text.door_CLOSING_react
                0x1a0006a2       0x2e projects/slideDoor-project/out/projects/slideDoor-project/gen/SlideDoor.o
 .text.slideDoor_init
                0x1a0006d0       0x20 projects/slideDoor-project/out/projects/slideDoor-project/gen/SlideDoor.o
                0x1a0006d0                slideDoor_init
 .text.slideDoor_enter
                0x1a0006f0       0x16 projects/slideDoor-project/out/projects/slideDoor-project/gen/SlideDoor.o
                0x1a0006f0                slideDoor_enter
 *fill*         0x1a000706        0x2 ff
 .text.slideDoor_runCycle
                0x1a000708       0xb8 projects/slideDoor-project/out/projects/slideDoor-project/gen/SlideDoor.o
                0x1a000708                slideDoor_runCycle
 .text.slideDoor_raiseTimeEvent
                0x1a0007c0       0x12 projects/slideDoor-project/out/projects/slideDoor-project/gen/SlideDoor.o
                0x1a0007c0                slideDoor_raiseTimeEvent
 .text.slideDoorIface_raise_evTecNotPressed
                0x1a0007d2        0x6 projects/slideDoor-project/out/projects/slideDoor-project/gen/SlideDoor.o
                0x1a0007d2                slideDoorIface_raise_evTecNotPressed
 .text.slideDoorIface_raise_evTecPressed
                0x1a0007d8        0x8 projects/slideDoor-project/out/projects/slideDoor-project/gen/SlideDoor.o
                0x1a0007d8                slideDoorIface_raise_evTecPressed
 .text.Board_SetupMuxing
                0x1a0007e0       0x38 projects/slideDoor-project/out/libs/board/edu_ciaa_nxp/src/board_sysinit.o
                0x1a0007e0                Board_SetupMuxing
 .text.Board_SetupClocking
                0x1a000818       0x6c projects/slideDoor-project/out/libs/board/edu_ciaa_nxp/src/board_sysinit.o
                0x1a000818                Board_SetupClocking
 .text.Board_SystemInit
                0x1a000884        0xc projects/slideDoor-project/out/libs/board/edu_ciaa_nxp/src/board_sysinit.o
                0x1a000884                Board_SystemInit
 .text.Board_LED_Init
                0x1a000890       0x44 projects/slideDoor-project/out/libs/board/edu_ciaa_nxp/src/board.o
 .text.Board_TEC_Init
                0x1a0008d4       0x40 projects/slideDoor-project/out/libs/board/edu_ciaa_nxp/src/board.o
 .text.Board_GPIO_Init
                0x1a000914       0x40 projects/slideDoor-project/out/libs/board/edu_ciaa_nxp/src/board.o
 .text.Board_ADC_Init
                0x1a000954       0x30 projects/slideDoor-project/out/libs/board/edu_ciaa_nxp/src/board.o
 .text.Board_SPI_Init
                0x1a000984       0x38 projects/slideDoor-project/out/libs/board/edu_ciaa_nxp/src/board.o
 .text.Board_I2C_Init
                0x1a0009bc       0x24 projects/slideDoor-project/out/libs/board/edu_ciaa_nxp/src/board.o
 .text.Board_Debug_Init
                0x1a0009e0       0x24 projects/slideDoor-project/out/libs/board/edu_ciaa_nxp/src/board.o
                0x1a0009e0                Board_Debug_Init
 .text.Board_LED_Set
                0x1a000a04       0x24 projects/slideDoor-project/out/libs/board/edu_ciaa_nxp/src/board.o
                0x1a000a04                Board_LED_Set
 .text.Board_Init
                0x1a000a28       0x30 projects/slideDoor-project/out/libs/board/edu_ciaa_nxp/src/board.o
                0x1a000a28                Board_Init
 .text.Board_TEC_GetStatus
                0x1a000a58       0x2c projects/slideDoor-project/out/libs/board/edu_ciaa_nxp/src/board.o
                0x1a000a58                Board_TEC_GetStatus
 .text.Chip_GPIO_Init
                0x1a000a84        0x2 projects/slideDoor-project/out/libs/board/lpc_chip_43xx/src/gpio_18xx_43xx.o
                0x1a000a84                Chip_GPIO_Init
 *fill*         0x1a000a86        0x2 ff
 .text.SystemCoreClockUpdate
                0x1a000a88       0x14 projects/slideDoor-project/out/libs/board/lpc_chip_43xx/src/chip_18xx_43xx.o
                0x1a000a88                SystemCoreClockUpdate
 .text.pll_calc_divs
                0x1a000a9c       0xa0 projects/slideDoor-project/out/libs/board/lpc_chip_43xx/src/clock_18xx_43xx.o
 .text.pll_get_frac
                0x1a000b3c      0x10c projects/slideDoor-project/out/libs/board/lpc_chip_43xx/src/clock_18xx_43xx.o
 .text.Chip_Clock_FindBaseClock
                0x1a000c48       0x48 projects/slideDoor-project/out/libs/board/lpc_chip_43xx/src/clock_18xx_43xx.o
 .text.Chip_Clock_EnableCrystal
                0x1a000c90       0x4c projects/slideDoor-project/out/libs/board/lpc_chip_43xx/src/clock_18xx_43xx.o
                0x1a000c90                Chip_Clock_EnableCrystal
 .text.Chip_Clock_GetDividerSource
                0x1a000cdc       0x1c projects/slideDoor-project/out/libs/board/lpc_chip_43xx/src/clock_18xx_43xx.o
                0x1a000cdc                Chip_Clock_GetDividerSource
 .text.Chip_Clock_GetDividerDivisor
                0x1a000cf8       0x1c projects/slideDoor-project/out/libs/board/lpc_chip_43xx/src/clock_18xx_43xx.o
                0x1a000cf8                Chip_Clock_GetDividerDivisor
 .text.Chip_Clock_GetClockInputHz
                0x1a000d14       0xb8 projects/slideDoor-project/out/libs/board/lpc_chip_43xx/src/clock_18xx_43xx.o
                0x1a000d14                Chip_Clock_GetClockInputHz
 .text.Chip_Clock_CalcMainPLLValue
                0x1a000dcc       0x80 projects/slideDoor-project/out/libs/board/lpc_chip_43xx/src/clock_18xx_43xx.o
                0x1a000dcc                Chip_Clock_CalcMainPLLValue
 .text.Chip_Clock_GetMainPLLHz
                0x1a000e4c       0x68 projects/slideDoor-project/out/libs/board/lpc_chip_43xx/src/clock_18xx_43xx.o
                0x1a000e4c                Chip_Clock_GetMainPLLHz
 .text.Chip_Clock_GetDivRate
                0x1a000eb4       0x22 projects/slideDoor-project/out/libs/board/lpc_chip_43xx/src/clock_18xx_43xx.o
 *fill*         0x1a000ed6        0x2 ff
 .text.Chip_Clock_SetBaseClock
                0x1a000ed8       0x58 projects/slideDoor-project/out/libs/board/lpc_chip_43xx/src/clock_18xx_43xx.o
                0x1a000ed8                Chip_Clock_SetBaseClock
 .text.Chip_Clock_GetBaseClock
                0x1a000f30       0x28 projects/slideDoor-project/out/libs/board/lpc_chip_43xx/src/clock_18xx_43xx.o
                0x1a000f30                Chip_Clock_GetBaseClock
 .text.Chip_Clock_GetBaseClocktHz
                0x1a000f58        0xc projects/slideDoor-project/out/libs/board/lpc_chip_43xx/src/clock_18xx_43xx.o
                0x1a000f58                Chip_Clock_GetBaseClocktHz
 .text.Chip_Clock_EnableOpts
                0x1a000f64       0x3c projects/slideDoor-project/out/libs/board/lpc_chip_43xx/src/clock_18xx_43xx.o
                0x1a000f64                Chip_Clock_EnableOpts
 .text.Chip_Clock_Enable
                0x1a000fa0       0x34 projects/slideDoor-project/out/libs/board/lpc_chip_43xx/src/clock_18xx_43xx.o
                0x1a000fa0                Chip_Clock_Enable
 .text.Chip_Clock_GetRate
                0x1a000fd4       0x4c projects/slideDoor-project/out/libs/board/lpc_chip_43xx/src/clock_18xx_43xx.o
                0x1a000fd4                Chip_Clock_GetRate
 .text.Chip_SSP_GetClockIndex
                0x1a001020       0x14 projects/slideDoor-project/out/libs/board/lpc_chip_43xx/src/ssp_18xx_43xx.o
 .text.Chip_SSP_GetPeriphClockIndex
                0x1a001034       0x18 projects/slideDoor-project/out/libs/board/lpc_chip_43xx/src/ssp_18xx_43xx.o
 .text.Chip_SSP_SetClockRate
                0x1a00104c       0x12 projects/slideDoor-project/out/libs/board/lpc_chip_43xx/src/ssp_18xx_43xx.o
                0x1a00104c                Chip_SSP_SetClockRate
 .text.Chip_SSP_SetBitRate
                0x1a00105e       0x3e projects/slideDoor-project/out/libs/board/lpc_chip_43xx/src/ssp_18xx_43xx.o
                0x1a00105e                Chip_SSP_SetBitRate
 .text.Chip_SSP_Init
                0x1a00109c       0x38 projects/slideDoor-project/out/libs/board/lpc_chip_43xx/src/ssp_18xx_43xx.o
                0x1a00109c                Chip_SSP_Init
 .text.Chip_UART_GetIndex
                0x1a0010d4       0x2c projects/slideDoor-project/out/libs/board/lpc_chip_43xx/src/uart_18xx_43xx.o
 .text.Chip_UART_Init
                0x1a001100       0x54 projects/slideDoor-project/out/libs/board/lpc_chip_43xx/src/uart_18xx_43xx.o
                0x1a001100                Chip_UART_Init
 .text.Chip_UART_SetBaudFDR
                0x1a001154       0xdc projects/slideDoor-project/out/libs/board/lpc_chip_43xx/src/uart_18xx_43xx.o
                0x1a001154                Chip_UART_SetBaudFDR
 .text.Chip_I2C_EventHandler
                0x1a001230       0x20 projects/slideDoor-project/out/libs/board/lpc_chip_43xx/src/i2c_18xx_43xx.o
                0x1a001230                Chip_I2C_EventHandler
 .text.Chip_I2C_Init
                0x1a001250       0x28 projects/slideDoor-project/out/libs/board/lpc_chip_43xx/src/i2c_18xx_43xx.o
                0x1a001250                Chip_I2C_Init
 .text.Chip_I2C_SetClockRate
                0x1a001278       0x3c projects/slideDoor-project/out/libs/board/lpc_chip_43xx/src/i2c_18xx_43xx.o
                0x1a001278                Chip_I2C_SetClockRate
 .text.Chip_ADC_GetClockIndex
                0x1a0012b4       0x14 projects/slideDoor-project/out/libs/board/lpc_chip_43xx/src/adc_18xx_43xx.o
 .text.getClkDiv
                0x1a0012c8       0x32 projects/slideDoor-project/out/libs/board/lpc_chip_43xx/src/adc_18xx_43xx.o
 *fill*         0x1a0012fa        0x2 ff
 .text.Chip_ADC_Init
                0x1a0012fc       0x40 projects/slideDoor-project/out/libs/board/lpc_chip_43xx/src/adc_18xx_43xx.o
                0x1a0012fc                Chip_ADC_Init
 .text.Chip_ADC_SetSampleRate
                0x1a00133c       0x32 projects/slideDoor-project/out/libs/board/lpc_chip_43xx/src/adc_18xx_43xx.o
                0x1a00133c                Chip_ADC_SetSampleRate
 .text.Chip_ADC_SetResolution
                0x1a00136e        0xc projects/slideDoor-project/out/libs/board/lpc_chip_43xx/src/adc_18xx_43xx.o
                0x1a00136e                Chip_ADC_SetResolution
 *fill*         0x1a00137a        0x2 ff
 .text.Chip_SetupCoreClock
                0x1a00137c      0x158 projects/slideDoor-project/out/libs/board/lpc_chip_43xx/src/sysinit_18xx_43xx.o
                0x1a00137c                Chip_SetupCoreClock
 .text.SystemInit
                0x1a0014d4       0x38 projects/slideDoor-project/out/libs/board/lpc_startup/src/sysinit.o
                0x1a0014d4                SystemInit
 .text.initialise_monitor_handles
                0x1a00150c        0x2 projects/slideDoor-project/out/libs/cmsis_core/src/armv7m_startup.o
                0x1a00150c                initialise_monitor_handles
 *fill*         0x1a00150e        0x2 ff
 .text.Reset_Handler
                0x1a001510       0x88 projects/slideDoor-project/out/libs/cmsis_core/src/armv7m_startup.o
                0x1a001510                Reset_Handler
 .text._fini    0x1a001598        0x2 projects/slideDoor-project/out/libs/cmsis_core/src/armv7m_startup.o
                0x1a001598                _fini
 .text._init    0x1a00159a        0x2 projects/slideDoor-project/out/libs/cmsis_core/src/armv7m_startup.o
                0x1a00159a                _init
 .text.slideDoorIface_opSetMotorSt
                0x1a00159c        0xa projects/slideDoor-project/out/projects/slideDoor-project/src/main.o
                0x1a00159c                slideDoorIface_opSetMotorSt
 .text.slideDoorIface_opSetMotorDir
                0x1a0015a6        0xa projects/slideDoor-project/out/projects/slideDoor-project/src/main.o
                0x1a0015a6                slideDoorIface_opSetMotorDir
 .text.Buttons_GetStatus_
                0x1a0015b0       0x26 projects/slideDoor-project/out/projects/slideDoor-project/src/main.o
                0x1a0015b0                Buttons_GetStatus_
 *fill*         0x1a0015d6        0x2 ff
 .text.slideDoor_setTimer
                0x1a0015d8       0x1c projects/slideDoor-project/out/projects/slideDoor-project/src/main.o
                0x1a0015d8                slideDoor_setTimer
 .text.slideDoor_unsetTimer
                0x1a0015f4       0x14 projects/slideDoor-project/out/projects/slideDoor-project/src/main.o
                0x1a0015f4                slideDoor_unsetTimer
 .text.SysTick_Handler
                0x1a001608        0xc projects/slideDoor-project/out/projects/slideDoor-project/src/main.o
                0x1a001608                SysTick_Handler
 .text.main     0x1a001614       0xc8 projects/slideDoor-project/out/projects/slideDoor-project/src/main.o
                0x1a001614                main
 .text.InitTimerTicks
                0x1a0016dc       0x24 projects/slideDoor-project/out/projects/slideDoor-project/src/TimerTicks.o
                0x1a0016dc                InitTimerTicks
 .text.SetNewTimerTick
                0x1a001700       0x34 projects/slideDoor-project/out/projects/slideDoor-project/src/TimerTicks.o
                0x1a001700                SetNewTimerTick
 .text.UnsetTimerTick
                0x1a001734       0x36 projects/slideDoor-project/out/projects/slideDoor-project/src/TimerTicks.o
                0x1a001734                UnsetTimerTick
 .text.IsPendEvent
                0x1a00176a       0x28 projects/slideDoor-project/out/projects/slideDoor-project/src/TimerTicks.o
                0x1a00176a                IsPendEvent
 .text.MarkAsAttEvent
                0x1a001792       0x26 projects/slideDoor-project/out/projects/slideDoor-project/src/TimerTicks.o
                0x1a001792                MarkAsAttEvent
 .text.UpdateTimers
                0x1a0017b8       0x44 projects/slideDoor-project/out/projects/slideDoor-project/src/TimerTicks.o
                0x1a0017b8                UpdateTimers
 .text          0x1a0017fc       0x30 c:/nxp/mcuxpressoide_11.2.1_4149/ide/plugins/com.nxp.mcuxpresso.tools.win32_11.2.0.202008311134/tools/bin/../lib/gcc/arm-none-eabi/9.2.1/thumb/v7e-m+fp/hard\libgcc.a(_aeabi_uldivmod.o)
                0x1a0017fc                __aeabi_uldivmod
 .text          0x1a00182c      0x2c4 c:/nxp/mcuxpressoide_11.2.1_4149/ide/plugins/com.nxp.mcuxpresso.tools.win32_11.2.0.202008311134/tools/bin/../lib/gcc/arm-none-eabi/9.2.1/thumb/v7e-m+fp/hard\libgcc.a(_udivmoddi4.o)
                0x1a00182c                __udivmoddi4
 .text          0x1a001af0        0x4 c:/nxp/mcuxpressoide_11.2.1_4149/ide/plugins/com.nxp.mcuxpresso.tools.win32_11.2.0.202008311134/tools/bin/../lib/gcc/arm-none-eabi/9.2.1/thumb/v7e-m+fp/hard\libgcc.a(_dvmd_tls.o)
                0x1a001af0                __aeabi_idiv0
                0x1a001af0                __aeabi_ldiv0
 .text.__libc_init_array
                0x1a001af4       0x48 c:/nxp/mcuxpressoide_11.2.1_4149/ide/plugins/com.nxp.mcuxpresso.tools.win32_11.2.0.202008311134/tools/bin/../lib/gcc/arm-none-eabi/9.2.1/../../../../arm-none-eabi/lib/thumb/v7e-m+fp/hard\libc_nano.a(lib_a-init.o)
                0x1a001af4                __libc_init_array
 .text.memset   0x1a001b3c       0x10 c:/nxp/mcuxpressoide_11.2.1_4149/ide/plugins/com.nxp.mcuxpresso.tools.win32_11.2.0.202008311134/tools/bin/../lib/gcc/arm-none-eabi/9.2.1/../../../../arm-none-eabi/lib/thumb/v7e-m+fp/hard\libc_nano.a(lib_a-memset.o)
                0x1a001b3c                memset
 *(.rodata .rodata.* .constdata .constdata.*)
 .rodata.InitClkStates
                0x1a001b4c        0x4 projects/slideDoor-project/out/libs/board/edu_ciaa_nxp/src/board_sysinit.o
 .rodata.pinmuxing
                0x1a001b50       0x74 projects/slideDoor-project/out/libs/board/edu_ciaa_nxp/src/board_sysinit.o
 .rodata.ExtRateIn
                0x1a001bc4        0x4 projects/slideDoor-project/out/libs/board/edu_ciaa_nxp/src/board.o
                0x1a001bc4                ExtRateIn
 .rodata.GpioButtons
                0x1a001bc8        0x8 projects/slideDoor-project/out/libs/board/edu_ciaa_nxp/src/board.o
 .rodata.GpioLeds
                0x1a001bd0        0xc projects/slideDoor-project/out/libs/board/edu_ciaa_nxp/src/board.o
 .rodata.GpioPorts
                0x1a001bdc       0x12 projects/slideDoor-project/out/libs/board/edu_ciaa_nxp/src/board.o
 *fill*         0x1a001bee        0x2 ff
 .rodata.OscRateIn
                0x1a001bf0        0x4 projects/slideDoor-project/out/libs/board/edu_ciaa_nxp/src/board.o
                0x1a001bf0                OscRateIn
 .rodata.Chip_Clock_SetDivider.str1.4
                0x1a001bf4        0x6 projects/slideDoor-project/out/libs/board/lpc_chip_43xx/src/clock_18xx_43xx.o
 *fill*         0x1a001bfa        0x2 ff
 .rodata.periph_to_base
                0x1a001bfc       0x6c projects/slideDoor-project/out/libs/board/lpc_chip_43xx/src/clock_18xx_43xx.o
 .rodata.UART_BClock
                0x1a001c68        0x8 projects/slideDoor-project/out/libs/board/lpc_chip_43xx/src/uart_18xx_43xx.o
 .rodata.UART_PClock
                0x1a001c70        0x8 projects/slideDoor-project/out/libs/board/lpc_chip_43xx/src/uart_18xx_43xx.o
 .rodata.InitClkStates
                0x1a001c78       0x48 projects/slideDoor-project/out/libs/board/lpc_chip_43xx/src/sysinit_18xx_43xx.o
                0x1a001cc0                . = ALIGN (0x4)

.glue_7         0x1a001cc0        0x0
 .glue_7        0x1a001cc0        0x0 linker stubs

.glue_7t        0x1a001cc0        0x0
 .glue_7t       0x1a001cc0        0x0 linker stubs

.vfp11_veneer   0x1a001cc0        0x0
 .vfp11_veneer  0x1a001cc0        0x0 linker stubs

.v4_bx          0x1a001cc0        0x0
 .v4_bx         0x1a001cc0        0x0 linker stubs

.iplt           0x1a001cc0        0x0
 .iplt          0x1a001cc0        0x0 projects/slideDoor-project/out/projects/slideDoor-project/gen/SlideDoor.o
                0x1a001cc0                . = ALIGN (0x4)

.preinit_array  0x1a001cc0        0x0
                0x1a001cc0                PROVIDE (__preinit_array_start = .)
 *(.preinit_array*)
                0x1a001cc0                PROVIDE (__preinit_array_end = .)

.init_array     0x1a001cc0        0x0
                0x1a001cc0                PROVIDE (__init_array_start = .)
 *(SORT_BY_NAME(.init_array.*))
 *(.init_array*)
                0x1a001cc0                PROVIDE (__init_array_end = .)
                0x1a001cc0                . = ALIGN (0x4)

.ARM.extab
 *(.ARM.extab* .gnu.linkonce.armextab.*)
                0x1a001cc0                __exidx_start = .

.ARM.exidx      0x1a001cc0        0x8
 *(.ARM.exidx* .gnu.linkonce.armexidx.*)
 .ARM.exidx     0x1a001cc0        0x8 c:/nxp/mcuxpressoide_11.2.1_4149/ide/plugins/com.nxp.mcuxpresso.tools.win32_11.2.0.202008311134/tools/bin/../lib/gcc/arm-none-eabi/9.2.1/thumb/v7e-m+fp/hard\libgcc.a(_udivmoddi4.o)
                0x1a001cc8                __exidx_end = .
                0x1a001cc8                _etext = .

.rel.dyn        0x1a001cc8        0x0
 .rel.iplt      0x1a001cc8        0x0 projects/slideDoor-project/out/projects/slideDoor-project/gen/SlideDoor.o

.data_RAM2      0x10080000        0x0 load address 0x1a001cc8
 FILL mask 0xff
 *(.ramfunc.$RAM2)
 *(.ramfunc.$RamLoc40)
 *(.data.$RAM2*)
 *(.data.$RamLoc40*)
                0x10080000                . = ALIGN (0x4)

.data_RAM3      0x20000000        0x0 load address 0x1a001cc8
 FILL mask 0xff
 *(.ramfunc.$RAM3)
 *(.ramfunc.$RamAHB32)
 *(.data.$RAM3*)
 *(.data.$RamAHB32*)
                0x20000000                . = ALIGN (0x4)

.data_RAM4      0x20008000        0x0 load address 0x1a001cc8
 FILL mask 0xff
 *(.ramfunc.$RAM4)
 *(.ramfunc.$RamAHB16)
 *(.data.$RAM4*)
 *(.data.$RamAHB16*)
                0x20008000                . = ALIGN (0x4)

.data_RAM5      0x2000c000        0x0 load address 0x1a001cc8
 FILL mask 0xff
 *(.ramfunc.$RAM5)
 *(.ramfunc.$RamAHB_ETB16)
 *(.data.$RAM5*)
 *(.data.$RamAHB_ETB16*)
                0x2000c000                . = ALIGN (0x4)

.uninit_RESERVED
                0x10000000        0x0
 *(.bss.$RESERVED*)
                0x10000000                . = ALIGN (0x4)
                0x10000000                _end_uninit_RESERVED = .

.data           0x10000000       0x38 load address 0x1a001cc8
 FILL mask 0xff
                0x10000000                _data = .
 *(vtable)
 *(.ramfunc*)
 *(.data*)
 .data.i2c      0x10000000       0x38 projects/slideDoor-project/out/libs/board/lpc_chip_43xx/src/i2c_18xx_43xx.o
                0x10000038                . = ALIGN (0x4)
                0x10000038                _edata = .

.igot.plt       0x10000038        0x0 load address 0x1a001d00
 .igot.plt      0x10000038        0x0 projects/slideDoor-project/out/projects/slideDoor-project/gen/SlideDoor.o

.bss_RAM2       0x10080000        0x0
 *(.bss.$RAM2*)
 *(.bss.$RamLoc40*)
                0x10080000                . = ALIGN (0x4)

.bss_RAM3       0x20000000        0x0
 *(.bss.$RAM3*)
 *(.bss.$RamAHB32*)
                0x20000000                . = ALIGN (0x4)

.bss_RAM4       0x20008000        0x0
 *(.bss.$RAM4*)
 *(.bss.$RamAHB16*)
                0x20008000                . = ALIGN (0x4)

.bss_RAM5       0x2000c000        0x0
 *(.bss.$RAM5*)
 *(.bss.$RamAHB_ETB16*)
                0x2000c000                . = ALIGN (0x4)

.bss            0x10000038       0x5c
                0x10000038                _bss = .
 *(.bss*)
 .bss.audio_usb_pll_freq
                0x10000038        0x8 projects/slideDoor-project/out/libs/board/lpc_chip_43xx/src/clock_18xx_43xx.o
 .bss.SysTick_Time_Flag
                0x10000040        0x1 projects/slideDoor-project/out/projects/slideDoor-project/src/main.o
                0x10000040                SysTick_Time_Flag
 *fill*         0x10000041        0x3 
 .bss.statechart
                0x10000044       0x1c projects/slideDoor-project/out/projects/slideDoor-project/src/main.o
 *(COMMON)
 COMMON         0x10000060        0x4 projects/slideDoor-project/out/libs/board/lpc_chip_43xx/src/chip_18xx_43xx.o
                0x10000060                SystemCoreClock
 COMMON         0x10000064       0x30 projects/slideDoor-project/out/projects/slideDoor-project/src/main.o
                0x10000064                ticks
                0x10000094                . = ALIGN (0x4)
                0x10000094                _ebss = .
                [!provide]                PROVIDE (end = .)

.noinit_RAM2    0x10080000        0x0
 *(.noinit.$RAM2*)
 *(.noinit.$RamLoc40*)
                0x10080000                . = ALIGN (0x4)

.noinit_RAM3    0x20000000        0x0
 *(.noinit.$RAM3*)
 *(.noinit.$RamAHB32*)
                0x20000000                . = ALIGN (0x4)

.noinit_RAM4    0x20008000        0x0
 *(.noinit.$RAM4*)
 *(.noinit.$RamAHB16*)
                0x20008000                . = ALIGN (0x4)

.noinit_RAM5    0x2000c000        0x0
 *(.noinit.$RAM5*)
 *(.noinit.$RamAHB_ETB16*)
                0x2000c000                . = ALIGN (0x4)

.noinit         0x10000094        0x0
                0x10000094                _noinit = .
 *(.noinit*)
                0x10000094                . = ALIGN (0x4)
                0x10000094                _end_noinit = .
                [!provide]                PROVIDE (_pvHeapStart = .)
                0x10008000                PROVIDE (_vStackTop = (__top_RamLoc32 - 0x0))
                0x53ff6374                PROVIDE (__valid_user_code_checksum = (0x0 - ((((((_vStackTop + (Reset_Handler + 0x1)) + (NMI_Handler + 0x1)) + (HardFault_Handler + 0x1)) + (DEFINED (MemManage_Handler)?MemManage_Handler:0x0 + 0x1)) + (DEFINED (BusFault_Handler)?BusFault_Handler:0x0 + 0x1)) + (DEFINED (UsageFault_Handler)?UsageFault_Handler:0x0 + 0x1))))
OUTPUT(projects/slideDoor-project/out/slideDoor-project.elf elf32-littlearm)

.debug_info     0x00000000    0x10d5a
 .debug_info    0x00000000     0x1926 projects/slideDoor-project/out/projects/slideDoor-project/gen/SlideDoor.o
 .debug_info    0x00001926     0x15c8 projects/slideDoor-project/out/libs/board/edu_ciaa_nxp/src/board_sysinit.o
 .debug_info    0x00002eee     0x23f7 projects/slideDoor-project/out/libs/board/edu_ciaa_nxp/src/board.o
 .debug_info    0x000052e5      0x232 projects/slideDoor-project/out/libs/board/lpc_chip_43xx/src/gpio_18xx_43xx.o
 .debug_info    0x00005517      0xc97 projects/slideDoor-project/out/libs/board/lpc_chip_43xx/src/chip_18xx_43xx.o
 .debug_info    0x000061ae     0x1b89 projects/slideDoor-project/out/libs/board/lpc_chip_43xx/src/clock_18xx_43xx.o
 .debug_info    0x00007d37     0x1a32 projects/slideDoor-project/out/libs/board/lpc_chip_43xx/src/ssp_18xx_43xx.o
 .debug_info    0x00009769     0x1988 projects/slideDoor-project/out/libs/board/lpc_chip_43xx/src/uart_18xx_43xx.o
 .debug_info    0x0000b0f1     0x158d projects/slideDoor-project/out/libs/board/lpc_chip_43xx/src/i2c_18xx_43xx.o
 .debug_info    0x0000c67e      0xc12 projects/slideDoor-project/out/libs/board/lpc_chip_43xx/src/adc_18xx_43xx.o
 .debug_info    0x0000d290      0xb39 projects/slideDoor-project/out/libs/board/lpc_chip_43xx/src/sysinit_18xx_43xx.o
 .debug_info    0x0000ddc9       0x76 projects/slideDoor-project/out/libs/board/lpc_startup/src/vendor_interrupt.o
 .debug_info    0x0000de3f      0xc81 projects/slideDoor-project/out/libs/board/lpc_startup/src/sysinit.o
 .debug_info    0x0000eac0       0x40 projects/slideDoor-project/out/libs/board/lpc_startup/src/crp.o
 .debug_info    0x0000eb00      0x35d projects/slideDoor-project/out/libs/cmsis_core/src/armv7m_startup.o
 .debug_info    0x0000ee5d     0x1ae0 projects/slideDoor-project/out/projects/slideDoor-project/src/main.o
 .debug_info    0x0001093d      0x41d projects/slideDoor-project/out/projects/slideDoor-project/src/TimerTicks.o

.debug_abbrev   0x00000000     0x2aa9
 .debug_abbrev  0x00000000      0x255 projects/slideDoor-project/out/projects/slideDoor-project/gen/SlideDoor.o
 .debug_abbrev  0x00000255      0x352 projects/slideDoor-project/out/libs/board/edu_ciaa_nxp/src/board_sysinit.o
 .debug_abbrev  0x000005a7      0x512 projects/slideDoor-project/out/libs/board/edu_ciaa_nxp/src/board.o
 .debug_abbrev  0x00000ab9      0x114 projects/slideDoor-project/out/libs/board/lpc_chip_43xx/src/gpio_18xx_43xx.o
 .debug_abbrev  0x00000bcd      0x1ee projects/slideDoor-project/out/libs/board/lpc_chip_43xx/src/chip_18xx_43xx.o
 .debug_abbrev  0x00000dbb      0x3f1 projects/slideDoor-project/out/libs/board/lpc_chip_43xx/src/clock_18xx_43xx.o
 .debug_abbrev  0x000011ac      0x393 projects/slideDoor-project/out/libs/board/lpc_chip_43xx/src/ssp_18xx_43xx.o
 .debug_abbrev  0x0000153f      0x42c projects/slideDoor-project/out/libs/board/lpc_chip_43xx/src/uart_18xx_43xx.o
 .debug_abbrev  0x0000196b      0x3d7 projects/slideDoor-project/out/libs/board/lpc_chip_43xx/src/i2c_18xx_43xx.o
 .debug_abbrev  0x00001d42      0x219 projects/slideDoor-project/out/libs/board/lpc_chip_43xx/src/adc_18xx_43xx.o
 .debug_abbrev  0x00001f5b      0x245 projects/slideDoor-project/out/libs/board/lpc_chip_43xx/src/sysinit_18xx_43xx.o
 .debug_abbrev  0x000021a0       0x78 projects/slideDoor-project/out/libs/board/lpc_startup/src/vendor_interrupt.o
 .debug_abbrev  0x00002218      0x257 projects/slideDoor-project/out/libs/board/lpc_startup/src/sysinit.o
 .debug_abbrev  0x0000246f       0x38 projects/slideDoor-project/out/libs/board/lpc_startup/src/crp.o
 .debug_abbrev  0x000024a7      0x127 projects/slideDoor-project/out/libs/cmsis_core/src/armv7m_startup.o
 .debug_abbrev  0x000025ce      0x3b7 projects/slideDoor-project/out/projects/slideDoor-project/src/main.o
 .debug_abbrev  0x00002985      0x124 projects/slideDoor-project/out/projects/slideDoor-project/src/TimerTicks.o

.debug_loc      0x00000000     0x6ec8
 .debug_loc     0x00000000     0x1358 projects/slideDoor-project/out/projects/slideDoor-project/gen/SlideDoor.o
 .debug_loc     0x00001358      0x10f projects/slideDoor-project/out/libs/board/edu_ciaa_nxp/src/board_sysinit.o
 .debug_loc     0x00001467      0x659 projects/slideDoor-project/out/libs/board/edu_ciaa_nxp/src/board.o
 .debug_loc     0x00001ac0     0x156a projects/slideDoor-project/out/libs/board/lpc_chip_43xx/src/clock_18xx_43xx.o
 .debug_loc     0x0000302a     0x1007 projects/slideDoor-project/out/libs/board/lpc_chip_43xx/src/ssp_18xx_43xx.o
 .debug_loc     0x00004031      0xf0e projects/slideDoor-project/out/libs/board/lpc_chip_43xx/src/uart_18xx_43xx.o
 .debug_loc     0x00004f3f      0xe23 projects/slideDoor-project/out/libs/board/lpc_chip_43xx/src/i2c_18xx_43xx.o
 .debug_loc     0x00005d62      0x7a3 projects/slideDoor-project/out/libs/board/lpc_chip_43xx/src/adc_18xx_43xx.o
 .debug_loc     0x00006505      0x1e2 projects/slideDoor-project/out/libs/board/lpc_chip_43xx/src/sysinit_18xx_43xx.o
 .debug_loc     0x000066e7       0x15 projects/slideDoor-project/out/libs/board/lpc_startup/src/sysinit.o
 .debug_loc     0x000066fc      0x268 projects/slideDoor-project/out/libs/cmsis_core/src/armv7m_startup.o
 .debug_loc     0x00006964      0x2bb projects/slideDoor-project/out/projects/slideDoor-project/src/main.o
 .debug_loc     0x00006c1f      0x2a9 projects/slideDoor-project/out/projects/slideDoor-project/src/TimerTicks.o

.debug_aranges  0x00000000      0x930
 .debug_aranges
                0x00000000      0x250 projects/slideDoor-project/out/projects/slideDoor-project/gen/SlideDoor.o
 .debug_aranges
                0x00000250       0x30 projects/slideDoor-project/out/libs/board/edu_ciaa_nxp/src/board_sysinit.o
 .debug_aranges
                0x00000280       0xc0 projects/slideDoor-project/out/libs/board/edu_ciaa_nxp/src/board.o
 .debug_aranges
                0x00000340       0x28 projects/slideDoor-project/out/libs/board/lpc_chip_43xx/src/gpio_18xx_43xx.o
 .debug_aranges
                0x00000368       0x38 projects/slideDoor-project/out/libs/board/lpc_chip_43xx/src/chip_18xx_43xx.o
 .debug_aranges
                0x000003a0      0x128 projects/slideDoor-project/out/libs/board/lpc_chip_43xx/src/clock_18xx_43xx.o
 .debug_aranges
                0x000004c8       0xa0 projects/slideDoor-project/out/libs/board/lpc_chip_43xx/src/ssp_18xx_43xx.o
 .debug_aranges
                0x00000568       0xa8 projects/slideDoor-project/out/libs/board/lpc_chip_43xx/src/uart_18xx_43xx.o
 .debug_aranges
                0x00000610       0xd8 projects/slideDoor-project/out/libs/board/lpc_chip_43xx/src/i2c_18xx_43xx.o
 .debug_aranges
                0x000006e8       0x90 projects/slideDoor-project/out/libs/board/lpc_chip_43xx/src/adc_18xx_43xx.o
 .debug_aranges
                0x00000778       0x38 projects/slideDoor-project/out/libs/board/lpc_chip_43xx/src/sysinit_18xx_43xx.o
 .debug_aranges
                0x000007b0       0x20 projects/slideDoor-project/out/libs/board/lpc_startup/src/vendor_interrupt.o
 .debug_aranges
                0x000007d0       0x20 projects/slideDoor-project/out/libs/board/lpc_startup/src/sysinit.o
 .debug_aranges
                0x000007f0       0x18 projects/slideDoor-project/out/libs/board/lpc_startup/src/crp.o
 .debug_aranges
                0x00000808       0x90 projects/slideDoor-project/out/libs/cmsis_core/src/armv7m_startup.o
 .debug_aranges
                0x00000898       0x50 projects/slideDoor-project/out/projects/slideDoor-project/src/main.o
 .debug_aranges
                0x000008e8       0x48 projects/slideDoor-project/out/projects/slideDoor-project/src/TimerTicks.o

.debug_ranges   0x00000000      0x9b8
 .debug_ranges  0x00000000      0x240 projects/slideDoor-project/out/projects/slideDoor-project/gen/SlideDoor.o
 .debug_ranges  0x00000240       0x50 projects/slideDoor-project/out/libs/board/edu_ciaa_nxp/src/board_sysinit.o
 .debug_ranges  0x00000290       0xf8 projects/slideDoor-project/out/libs/board/edu_ciaa_nxp/src/board.o
 .debug_ranges  0x00000388       0x18 projects/slideDoor-project/out/libs/board/lpc_chip_43xx/src/gpio_18xx_43xx.o
 .debug_ranges  0x000003a0       0x28 projects/slideDoor-project/out/libs/board/lpc_chip_43xx/src/chip_18xx_43xx.o
 .debug_ranges  0x000003c8      0x190 projects/slideDoor-project/out/libs/board/lpc_chip_43xx/src/clock_18xx_43xx.o
 .debug_ranges  0x00000558       0xf0 projects/slideDoor-project/out/libs/board/lpc_chip_43xx/src/ssp_18xx_43xx.o
 .debug_ranges  0x00000648       0xb0 projects/slideDoor-project/out/libs/board/lpc_chip_43xx/src/uart_18xx_43xx.o
 .debug_ranges  0x000006f8      0x100 projects/slideDoor-project/out/libs/board/lpc_chip_43xx/src/i2c_18xx_43xx.o
 .debug_ranges  0x000007f8       0x80 projects/slideDoor-project/out/libs/board/lpc_chip_43xx/src/adc_18xx_43xx.o
 .debug_ranges  0x00000878       0x28 projects/slideDoor-project/out/libs/board/lpc_chip_43xx/src/sysinit_18xx_43xx.o
 .debug_ranges  0x000008a0       0x10 projects/slideDoor-project/out/libs/board/lpc_startup/src/vendor_interrupt.o
 .debug_ranges  0x000008b0       0x10 projects/slideDoor-project/out/libs/board/lpc_startup/src/sysinit.o
 .debug_ranges  0x000008c0       0x80 projects/slideDoor-project/out/libs/cmsis_core/src/armv7m_startup.o
 .debug_ranges  0x00000940       0x40 projects/slideDoor-project/out/projects/slideDoor-project/src/main.o
 .debug_ranges  0x00000980       0x38 projects/slideDoor-project/out/projects/slideDoor-project/src/TimerTicks.o

.debug_macro    0x00000000     0x813a
 .debug_macro   0x00000000       0x9a projects/slideDoor-project/out/projects/slideDoor-project/gen/SlideDoor.o
 .debug_macro   0x0000009a      0xaba projects/slideDoor-project/out/projects/slideDoor-project/gen/SlideDoor.o
 .debug_macro   0x00000b54       0x22 projects/slideDoor-project/out/projects/slideDoor-project/gen/SlideDoor.o
 .debug_macro   0x00000b76       0x56 projects/slideDoor-project/out/projects/slideDoor-project/gen/SlideDoor.o
 .debug_macro   0x00000bcc       0x51 projects/slideDoor-project/out/projects/slideDoor-project/gen/SlideDoor.o
 .debug_macro   0x00000c1d       0xef projects/slideDoor-project/out/projects/slideDoor-project/gen/SlideDoor.o
 .debug_macro   0x00000d0c       0x6a projects/slideDoor-project/out/projects/slideDoor-project/gen/SlideDoor.o
 .debug_macro   0x00000d76      0x1df projects/slideDoor-project/out/projects/slideDoor-project/gen/SlideDoor.o
 .debug_macro   0x00000f55       0x22 projects/slideDoor-project/out/projects/slideDoor-project/gen/SlideDoor.o
 .debug_macro   0x00000f77       0x1c projects/slideDoor-project/out/projects/slideDoor-project/gen/SlideDoor.o
 .debug_macro   0x00000f93       0x52 projects/slideDoor-project/out/projects/slideDoor-project/gen/SlideDoor.o
 .debug_macro   0x00000fe5      0x42b projects/slideDoor-project/out/libs/board/edu_ciaa_nxp/src/board_sysinit.o
 .debug_macro   0x00001410       0x10 projects/slideDoor-project/out/libs/board/edu_ciaa_nxp/src/board_sysinit.o
 .debug_macro   0x00001420       0x73 projects/slideDoor-project/out/libs/board/edu_ciaa_nxp/src/board_sysinit.o
 .debug_macro   0x00001493       0x22 projects/slideDoor-project/out/libs/board/edu_ciaa_nxp/src/board_sysinit.o
 .debug_macro   0x000014b5       0x1c projects/slideDoor-project/out/libs/board/edu_ciaa_nxp/src/board_sysinit.o
 .debug_macro   0x000014d1       0x22 projects/slideDoor-project/out/libs/board/edu_ciaa_nxp/src/board_sysinit.o
 .debug_macro   0x000014f3       0xdf projects/slideDoor-project/out/libs/board/edu_ciaa_nxp/src/board_sysinit.o
 .debug_macro   0x000015d2     0x102d projects/slideDoor-project/out/libs/board/edu_ciaa_nxp/src/board_sysinit.o
 .debug_macro   0x000025ff      0x11f projects/slideDoor-project/out/libs/board/edu_ciaa_nxp/src/board_sysinit.o
 .debug_macro   0x0000271e      0x2c3 projects/slideDoor-project/out/libs/board/edu_ciaa_nxp/src/board_sysinit.o
 .debug_macro   0x000029e1      0x112 projects/slideDoor-project/out/libs/board/edu_ciaa_nxp/src/board_sysinit.o
 .debug_macro   0x00002af3       0x11 projects/slideDoor-project/out/libs/board/edu_ciaa_nxp/src/board_sysinit.o
 .debug_macro   0x00002b04       0x2a projects/slideDoor-project/out/libs/board/edu_ciaa_nxp/src/board_sysinit.o
 .debug_macro   0x00002b2e       0x16 projects/slideDoor-project/out/libs/board/edu_ciaa_nxp/src/board_sysinit.o
 .debug_macro   0x00002b44      0x2e6 projects/slideDoor-project/out/libs/board/edu_ciaa_nxp/src/board_sysinit.o
 .debug_macro   0x00002e2a       0x82 projects/slideDoor-project/out/libs/board/edu_ciaa_nxp/src/board_sysinit.o
 .debug_macro   0x00002eac      0x13d projects/slideDoor-project/out/libs/board/edu_ciaa_nxp/src/board_sysinit.o
 .debug_macro   0x00002fe9      0x198 projects/slideDoor-project/out/libs/board/edu_ciaa_nxp/src/board_sysinit.o
 .debug_macro   0x00003181       0x34 projects/slideDoor-project/out/libs/board/edu_ciaa_nxp/src/board_sysinit.o
 .debug_macro   0x000031b5       0x58 projects/slideDoor-project/out/libs/board/edu_ciaa_nxp/src/board_sysinit.o
 .debug_macro   0x0000320d      0x236 projects/slideDoor-project/out/libs/board/edu_ciaa_nxp/src/board_sysinit.o
 .debug_macro   0x00003443      0x572 projects/slideDoor-project/out/libs/board/edu_ciaa_nxp/src/board_sysinit.o
 .debug_macro   0x000039b5       0x16 projects/slideDoor-project/out/libs/board/edu_ciaa_nxp/src/board_sysinit.o
 .debug_macro   0x000039cb      0x18a projects/slideDoor-project/out/libs/board/edu_ciaa_nxp/src/board_sysinit.o
 .debug_macro   0x00003b55       0x88 projects/slideDoor-project/out/libs/board/edu_ciaa_nxp/src/board_sysinit.o
 .debug_macro   0x00003bdd      0x1b9 projects/slideDoor-project/out/libs/board/edu_ciaa_nxp/src/board_sysinit.o
 .debug_macro   0x00003d96      0x1da projects/slideDoor-project/out/libs/board/edu_ciaa_nxp/src/board_sysinit.o
 .debug_macro   0x00003f70       0x40 projects/slideDoor-project/out/libs/board/edu_ciaa_nxp/src/board_sysinit.o
 .debug_macro   0x00003fb0       0x1c projects/slideDoor-project/out/libs/board/edu_ciaa_nxp/src/board_sysinit.o
 .debug_macro   0x00003fcc       0x2e projects/slideDoor-project/out/libs/board/edu_ciaa_nxp/src/board_sysinit.o
 .debug_macro   0x00003ffa       0x2e projects/slideDoor-project/out/libs/board/edu_ciaa_nxp/src/board_sysinit.o
 .debug_macro   0x00004028       0x22 projects/slideDoor-project/out/libs/board/edu_ciaa_nxp/src/board_sysinit.o
 .debug_macro   0x0000404a      0x201 projects/slideDoor-project/out/libs/board/edu_ciaa_nxp/src/board_sysinit.o
 .debug_macro   0x0000424b       0xe0 projects/slideDoor-project/out/libs/board/edu_ciaa_nxp/src/board_sysinit.o
 .debug_macro   0x0000432b      0x34c projects/slideDoor-project/out/libs/board/edu_ciaa_nxp/src/board_sysinit.o
 .debug_macro   0x00004677       0xdc projects/slideDoor-project/out/libs/board/edu_ciaa_nxp/src/board_sysinit.o
 .debug_macro   0x00004753       0xc4 projects/slideDoor-project/out/libs/board/edu_ciaa_nxp/src/board_sysinit.o
 .debug_macro   0x00004817       0x8f projects/slideDoor-project/out/libs/board/edu_ciaa_nxp/src/board_sysinit.o
 .debug_macro   0x000048a6       0x94 projects/slideDoor-project/out/libs/board/edu_ciaa_nxp/src/board_sysinit.o
 .debug_macro   0x0000493a       0xb8 projects/slideDoor-project/out/libs/board/edu_ciaa_nxp/src/board_sysinit.o
 .debug_macro   0x000049f2       0x4c projects/slideDoor-project/out/libs/board/edu_ciaa_nxp/src/board_sysinit.o
 .debug_macro   0x00004a3e       0x16 projects/slideDoor-project/out/libs/board/edu_ciaa_nxp/src/board_sysinit.o
 .debug_macro   0x00004a54      0x328 projects/slideDoor-project/out/libs/board/edu_ciaa_nxp/src/board_sysinit.o
 .debug_macro   0x00004d7c       0x3a projects/slideDoor-project/out/libs/board/edu_ciaa_nxp/src/board_sysinit.o
 .debug_macro   0x00004db6       0xd0 projects/slideDoor-project/out/libs/board/edu_ciaa_nxp/src/board_sysinit.o
 .debug_macro   0x00004e86       0x18 projects/slideDoor-project/out/libs/board/edu_ciaa_nxp/src/board_sysinit.o
 .debug_macro   0x00004e9e       0x22 projects/slideDoor-project/out/libs/board/edu_ciaa_nxp/src/board_sysinit.o
 .debug_macro   0x00004ec0       0x40 projects/slideDoor-project/out/libs/board/edu_ciaa_nxp/src/board_sysinit.o
 .debug_macro   0x00004f00       0x5e projects/slideDoor-project/out/libs/board/edu_ciaa_nxp/src/board_sysinit.o
 .debug_macro   0x00004f5e       0x18 projects/slideDoor-project/out/libs/board/edu_ciaa_nxp/src/board_sysinit.o
 .debug_macro   0x00004f76       0x35 projects/slideDoor-project/out/libs/board/edu_ciaa_nxp/src/board_sysinit.o
 .debug_macro   0x00004fab       0x34 projects/slideDoor-project/out/libs/board/edu_ciaa_nxp/src/board_sysinit.o
 .debug_macro   0x00004fdf       0x16 projects/slideDoor-project/out/libs/board/edu_ciaa_nxp/src/board_sysinit.o
 .debug_macro   0x00004ff5       0x97 projects/slideDoor-project/out/libs/board/edu_ciaa_nxp/src/board_sysinit.o
 .debug_macro   0x0000508c      0x356 projects/slideDoor-project/out/libs/board/edu_ciaa_nxp/src/board_sysinit.o
 .debug_macro   0x000053e2       0xf6 projects/slideDoor-project/out/libs/board/edu_ciaa_nxp/src/board_sysinit.o
 .debug_macro   0x000054d8       0x10 projects/slideDoor-project/out/libs/board/edu_ciaa_nxp/src/board_sysinit.o
 .debug_macro   0x000054e8       0x58 projects/slideDoor-project/out/libs/board/edu_ciaa_nxp/src/board_sysinit.o
 .debug_macro   0x00005540       0x1f projects/slideDoor-project/out/libs/board/edu_ciaa_nxp/src/board_sysinit.o
 .debug_macro   0x0000555f       0x43 projects/slideDoor-project/out/libs/board/edu_ciaa_nxp/src/board_sysinit.o
 .debug_macro   0x000055a2       0x20 projects/slideDoor-project/out/libs/board/edu_ciaa_nxp/src/board_sysinit.o
 .debug_macro   0x000055c2      0x18e projects/slideDoor-project/out/libs/board/edu_ciaa_nxp/src/board_sysinit.o
 .debug_macro   0x00005750       0x10 projects/slideDoor-project/out/libs/board/edu_ciaa_nxp/src/board_sysinit.o
 .debug_macro   0x00005760       0xb6 projects/slideDoor-project/out/libs/board/edu_ciaa_nxp/src/board_sysinit.o
 .debug_macro   0x00005816       0x16 projects/slideDoor-project/out/libs/board/edu_ciaa_nxp/src/board_sysinit.o
 .debug_macro   0x0000582c      0x129 projects/slideDoor-project/out/libs/board/edu_ciaa_nxp/src/board_sysinit.o
 .debug_macro   0x00005955       0x20 projects/slideDoor-project/out/libs/board/edu_ciaa_nxp/src/board_sysinit.o
 .debug_macro   0x00005975       0xee projects/slideDoor-project/out/libs/board/edu_ciaa_nxp/src/board_sysinit.o
 .debug_macro   0x00005a63      0x43d projects/slideDoor-project/out/libs/board/edu_ciaa_nxp/src/board.o
 .debug_macro   0x00005ea0      0x315 projects/slideDoor-project/out/libs/board/lpc_chip_43xx/src/gpio_18xx_43xx.o
 .debug_macro   0x000061b5      0x315 projects/slideDoor-project/out/libs/board/lpc_chip_43xx/src/chip_18xx_43xx.o
 .debug_macro   0x000064ca      0x31b projects/slideDoor-project/out/libs/board/lpc_chip_43xx/src/clock_18xx_43xx.o
 .debug_macro   0x000067e5      0x315 projects/slideDoor-project/out/libs/board/lpc_chip_43xx/src/ssp_18xx_43xx.o
 .debug_macro   0x00006afa      0x315 projects/slideDoor-project/out/libs/board/lpc_chip_43xx/src/uart_18xx_43xx.o
 .debug_macro   0x00006e0f      0x327 projects/slideDoor-project/out/libs/board/lpc_chip_43xx/src/i2c_18xx_43xx.o
 .debug_macro   0x00007136      0x315 projects/slideDoor-project/out/libs/board/lpc_chip_43xx/src/adc_18xx_43xx.o
 .debug_macro   0x0000744b      0x315 projects/slideDoor-project/out/libs/board/lpc_chip_43xx/src/sysinit_18xx_43xx.o
 .debug_macro   0x00007760       0x1d projects/slideDoor-project/out/libs/board/lpc_startup/src/vendor_interrupt.o
 .debug_macro   0x0000777d      0x42b projects/slideDoor-project/out/libs/board/lpc_startup/src/sysinit.o
 .debug_macro   0x00007ba8       0x17 projects/slideDoor-project/out/libs/board/lpc_startup/src/crp.o
 .debug_macro   0x00007bbf       0x1d projects/slideDoor-project/out/libs/cmsis_core/src/armv7m_startup.o
 .debug_macro   0x00007bdc      0x45c projects/slideDoor-project/out/projects/slideDoor-project/src/main.o
 .debug_macro   0x00008038       0x22 projects/slideDoor-project/out/projects/slideDoor-project/src/main.o
 .debug_macro   0x0000805a       0x4c projects/slideDoor-project/out/projects/slideDoor-project/src/main.o
 .debug_macro   0x000080a6       0x94 projects/slideDoor-project/out/projects/slideDoor-project/src/TimerTicks.o

.debug_line     0x00000000     0xb425
 .debug_line    0x00000000      0xfbd projects/slideDoor-project/out/projects/slideDoor-project/gen/SlideDoor.o
 .debug_line    0x00000fbd      0x9a8 projects/slideDoor-project/out/libs/board/edu_ciaa_nxp/src/board_sysinit.o
 .debug_line    0x00001965      0xe2b projects/slideDoor-project/out/libs/board/edu_ciaa_nxp/src/board.o
 .debug_line    0x00002790      0x7c2 projects/slideDoor-project/out/libs/board/lpc_chip_43xx/src/gpio_18xx_43xx.o
 .debug_line    0x00002f52      0x850 projects/slideDoor-project/out/libs/board/lpc_chip_43xx/src/chip_18xx_43xx.o
 .debug_line    0x000037a2     0x1539 projects/slideDoor-project/out/libs/board/lpc_chip_43xx/src/clock_18xx_43xx.o
 .debug_line    0x00004cdb     0x1337 projects/slideDoor-project/out/libs/board/lpc_chip_43xx/src/ssp_18xx_43xx.o
 .debug_line    0x00006012      0xfb6 projects/slideDoor-project/out/libs/board/lpc_chip_43xx/src/uart_18xx_43xx.o
 .debug_line    0x00006fc8     0x110f projects/slideDoor-project/out/libs/board/lpc_chip_43xx/src/i2c_18xx_43xx.o
 .debug_line    0x000080d7      0xb27 projects/slideDoor-project/out/libs/board/lpc_chip_43xx/src/adc_18xx_43xx.o
 .debug_line    0x00008bfe      0xa04 projects/slideDoor-project/out/libs/board/lpc_chip_43xx/src/sysinit_18xx_43xx.o
 .debug_line    0x00009602       0x73 projects/slideDoor-project/out/libs/board/lpc_startup/src/vendor_interrupt.o
 .debug_line    0x00009675      0x8d8 projects/slideDoor-project/out/libs/board/lpc_startup/src/sysinit.o
 .debug_line    0x00009f4d       0x41 projects/slideDoor-project/out/libs/board/lpc_startup/src/crp.o
 .debug_line    0x00009f8e      0x2e8 projects/slideDoor-project/out/libs/cmsis_core/src/armv7m_startup.o
 .debug_line    0x0000a276      0xaeb projects/slideDoor-project/out/projects/slideDoor-project/src/main.o
 .debug_line    0x0000ad61      0x6c4 projects/slideDoor-project/out/projects/slideDoor-project/src/TimerTicks.o

.debug_str      0x00000000    0x1e38e
 .debug_str     0x00000000     0x4875 projects/slideDoor-project/out/projects/slideDoor-project/gen/SlideDoor.o
                               0x4a19 (size before relaxing)
 .debug_str     0x00004875    0x17285 projects/slideDoor-project/out/libs/board/edu_ciaa_nxp/src/board_sysinit.o
                              0x1b0f3 (size before relaxing)
 .debug_str     0x0001bafa      0x991 projects/slideDoor-project/out/libs/board/edu_ciaa_nxp/src/board.o
                              0x1b778 (size before relaxing)
 .debug_str     0x0001c48b       0x3f projects/slideDoor-project/out/libs/board/lpc_chip_43xx/src/gpio_18xx_43xx.o
                              0x16909 (size before relaxing)
 .debug_str     0x0001c4ca      0x157 projects/slideDoor-project/out/libs/board/lpc_chip_43xx/src/chip_18xx_43xx.o
                              0x176a7 (size before relaxing)
 .debug_str     0x0001c621      0x53b projects/slideDoor-project/out/libs/board/lpc_chip_43xx/src/clock_18xx_43xx.o
                              0x17b7a (size before relaxing)
 .debug_str     0x0001cb5c      0x3f5 projects/slideDoor-project/out/libs/board/lpc_chip_43xx/src/ssp_18xx_43xx.o
                              0x17348 (size before relaxing)
 .debug_str     0x0001cf51      0x381 projects/slideDoor-project/out/libs/board/lpc_chip_43xx/src/uart_18xx_43xx.o
                              0x177b7 (size before relaxing)
 .debug_str     0x0001d2d2      0x597 projects/slideDoor-project/out/libs/board/lpc_chip_43xx/src/i2c_18xx_43xx.o
                              0x178e9 (size before relaxing)
 .debug_str     0x0001d869      0x142 projects/slideDoor-project/out/libs/board/lpc_chip_43xx/src/adc_18xx_43xx.o
                              0x17152 (size before relaxing)
 .debug_str     0x0001d9ab       0xb9 projects/slideDoor-project/out/libs/board/lpc_chip_43xx/src/sysinit_18xx_43xx.o
                              0x17608 (size before relaxing)
 .debug_str     0x0001da64       0xaf projects/slideDoor-project/out/libs/board/lpc_startup/src/vendor_interrupt.o
                               0x2edf (size before relaxing)
 .debug_str     0x0001db13       0xc3 projects/slideDoor-project/out/libs/board/lpc_startup/src/sysinit.o
                              0x1a3cc (size before relaxing)
 .debug_str     0x0001dbd6       0x40 projects/slideDoor-project/out/libs/board/lpc_startup/src/crp.o
                               0x2e70 (size before relaxing)
 .debug_str     0x0001dc16      0x219 projects/slideDoor-project/out/libs/cmsis_core/src/armv7m_startup.o
                               0x3072 (size before relaxing)
 .debug_str     0x0001de2f      0x533 projects/slideDoor-project/out/projects/slideDoor-project/src/main.o
                              0x1ba2b (size before relaxing)
 .debug_str     0x0001e362       0x2c projects/slideDoor-project/out/projects/slideDoor-project/src/TimerTicks.o
                               0x4138 (size before relaxing)

.comment        0x00000000       0x79
 .comment       0x00000000       0x79 projects/slideDoor-project/out/projects/slideDoor-project/gen/SlideDoor.o
                                 0x7a (size before relaxing)
 .comment       0x00000079       0x7a projects/slideDoor-project/out/libs/board/edu_ciaa_nxp/src/board_sysinit.o
 .comment       0x00000079       0x7a projects/slideDoor-project/out/libs/board/edu_ciaa_nxp/src/board.o
 .comment       0x00000079       0x7a projects/slideDoor-project/out/libs/board/lpc_chip_43xx/src/gpio_18xx_43xx.o
 .comment       0x00000079       0x7a projects/slideDoor-project/out/libs/board/lpc_chip_43xx/src/chip_18xx_43xx.o
 .comment       0x00000079       0x7a projects/slideDoor-project/out/libs/board/lpc_chip_43xx/src/clock_18xx_43xx.o
 .comment       0x00000079       0x7a projects/slideDoor-project/out/libs/board/lpc_chip_43xx/src/ssp_18xx_43xx.o
 .comment       0x00000079       0x7a projects/slideDoor-project/out/libs/board/lpc_chip_43xx/src/uart_18xx_43xx.o
 .comment       0x00000079       0x7a projects/slideDoor-project/out/libs/board/lpc_chip_43xx/src/i2c_18xx_43xx.o
 .comment       0x00000079       0x7a projects/slideDoor-project/out/libs/board/lpc_chip_43xx/src/adc_18xx_43xx.o
 .comment       0x00000079       0x7a projects/slideDoor-project/out/libs/board/lpc_chip_43xx/src/sysinit_18xx_43xx.o
 .comment       0x00000079       0x7a projects/slideDoor-project/out/libs/board/lpc_startup/src/vendor_interrupt.o
 .comment       0x00000079       0x7a projects/slideDoor-project/out/libs/board/lpc_startup/src/sysinit.o
 .comment       0x00000079       0x7a projects/slideDoor-project/out/libs/board/lpc_startup/src/crp.o
 .comment       0x00000079       0x7a projects/slideDoor-project/out/libs/cmsis_core/src/armv7m_startup.o
 .comment       0x00000079       0x7a projects/slideDoor-project/out/projects/slideDoor-project/src/main.o
 .comment       0x00000079       0x7a projects/slideDoor-project/out/projects/slideDoor-project/src/TimerTicks.o

.ARM.attributes
                0x00000000       0x34
 .ARM.attributes
                0x00000000       0x34 projects/slideDoor-project/out/projects/slideDoor-project/gen/SlideDoor.o
 .ARM.attributes
                0x00000034       0x34 projects/slideDoor-project/out/libs/board/edu_ciaa_nxp/src/board_sysinit.o
 .ARM.attributes
                0x00000068       0x34 projects/slideDoor-project/out/libs/board/edu_ciaa_nxp/src/board.o
 .ARM.attributes
                0x0000009c       0x34 projects/slideDoor-project/out/libs/board/lpc_chip_43xx/src/gpio_18xx_43xx.o
 .ARM.attributes
                0x000000d0       0x34 projects/slideDoor-project/out/libs/board/lpc_chip_43xx/src/chip_18xx_43xx.o
 .ARM.attributes
                0x00000104       0x34 projects/slideDoor-project/out/libs/board/lpc_chip_43xx/src/clock_18xx_43xx.o
 .ARM.attributes
                0x00000138       0x34 projects/slideDoor-project/out/libs/board/lpc_chip_43xx/src/ssp_18xx_43xx.o
 .ARM.attributes
                0x0000016c       0x34 projects/slideDoor-project/out/libs/board/lpc_chip_43xx/src/uart_18xx_43xx.o
 .ARM.attributes
                0x000001a0       0x34 projects/slideDoor-project/out/libs/board/lpc_chip_43xx/src/i2c_18xx_43xx.o
 .ARM.attributes
                0x000001d4       0x34 projects/slideDoor-project/out/libs/board/lpc_chip_43xx/src/adc_18xx_43xx.o
 .ARM.attributes
                0x00000208       0x34 projects/slideDoor-project/out/libs/board/lpc_chip_43xx/src/sysinit_18xx_43xx.o
 .ARM.attributes
                0x0000023c       0x34 projects/slideDoor-project/out/libs/board/lpc_startup/src/vendor_interrupt.o
 .ARM.attributes
                0x00000270       0x34 projects/slideDoor-project/out/libs/board/lpc_startup/src/sysinit.o
 .ARM.attributes
                0x000002a4       0x39 projects/slideDoor-project/out/libs/board/lpc_startup/src/crp.o
 .ARM.attributes
                0x000002dd       0x34 projects/slideDoor-project/out/libs/cmsis_core/src/armv7m_startup.o
 .ARM.attributes
                0x00000311       0x34 projects/slideDoor-project/out/projects/slideDoor-project/src/main.o
 .ARM.attributes
                0x00000345       0x34 projects/slideDoor-project/out/projects/slideDoor-project/src/TimerTicks.o
 .ARM.attributes
                0x00000379       0x1e c:/nxp/mcuxpressoide_11.2.1_4149/ide/plugins/com.nxp.mcuxpresso.tools.win32_11.2.0.202008311134/tools/bin/../lib/gcc/arm-none-eabi/9.2.1/thumb/v7e-m+fp/hard\libgcc.a(_aeabi_uldivmod.o)
 .ARM.attributes
                0x00000397       0x34 c:/nxp/mcuxpressoide_11.2.1_4149/ide/plugins/com.nxp.mcuxpresso.tools.win32_11.2.0.202008311134/tools/bin/../lib/gcc/arm-none-eabi/9.2.1/thumb/v7e-m+fp/hard\libgcc.a(_udivmoddi4.o)
 .ARM.attributes
                0x000003cb       0x1e c:/nxp/mcuxpressoide_11.2.1_4149/ide/plugins/com.nxp.mcuxpresso.tools.win32_11.2.0.202008311134/tools/bin/../lib/gcc/arm-none-eabi/9.2.1/thumb/v7e-m+fp/hard\libgcc.a(_dvmd_tls.o)
 .ARM.attributes
                0x000003e9       0x34 c:/nxp/mcuxpressoide_11.2.1_4149/ide/plugins/com.nxp.mcuxpresso.tools.win32_11.2.0.202008311134/tools/bin/../lib/gcc/arm-none-eabi/9.2.1/../../../../arm-none-eabi/lib/thumb/v7e-m+fp/hard\libc_nano.a(lib_a-init.o)
 .ARM.attributes
                0x0000041d       0x34 c:/nxp/mcuxpressoide_11.2.1_4149/ide/plugins/com.nxp.mcuxpresso.tools.win32_11.2.0.202008311134/tools/bin/../lib/gcc/arm-none-eabi/9.2.1/../../../../arm-none-eabi/lib/thumb/v7e-m+fp/hard\libc_nano.a(lib_a-memset.o)

.debug_frame    0x00000000     0x178c
 .debug_frame   0x00000000      0x5fc projects/slideDoor-project/out/projects/slideDoor-project/gen/SlideDoor.o
 .debug_frame   0x000005fc       0x5c projects/slideDoor-project/out/libs/board/edu_ciaa_nxp/src/board_sysinit.o
 .debug_frame   0x00000658      0x204 projects/slideDoor-project/out/libs/board/edu_ciaa_nxp/src/board.o
 .debug_frame   0x0000085c       0x30 projects/slideDoor-project/out/libs/board/lpc_chip_43xx/src/gpio_18xx_43xx.o
 .debug_frame   0x0000088c       0x70 projects/slideDoor-project/out/libs/board/lpc_chip_43xx/src/chip_18xx_43xx.o
 .debug_frame   0x000008fc      0x320 projects/slideDoor-project/out/libs/board/lpc_chip_43xx/src/clock_18xx_43xx.o
 .debug_frame   0x00000c1c      0x1a0 projects/slideDoor-project/out/libs/board/lpc_chip_43xx/src/ssp_18xx_43xx.o
 .debug_frame   0x00000dbc      0x1f4 projects/slideDoor-project/out/libs/board/lpc_chip_43xx/src/uart_18xx_43xx.o
 .debug_frame   0x00000fb0      0x278 projects/slideDoor-project/out/libs/board/lpc_chip_43xx/src/i2c_18xx_43xx.o
 .debug_frame   0x00001228      0x160 projects/slideDoor-project/out/libs/board/lpc_chip_43xx/src/adc_18xx_43xx.o
 .debug_frame   0x00001388       0x80 projects/slideDoor-project/out/libs/board/lpc_chip_43xx/src/sysinit_18xx_43xx.o
 .debug_frame   0x00001408       0x20 projects/slideDoor-project/out/libs/board/lpc_startup/src/vendor_interrupt.o
 .debug_frame   0x00001428       0x28 projects/slideDoor-project/out/libs/board/lpc_startup/src/sysinit.o
 .debug_frame   0x00001450      0x114 projects/slideDoor-project/out/libs/cmsis_core/src/armv7m_startup.o
 .debug_frame   0x00001564       0xbc projects/slideDoor-project/out/projects/slideDoor-project/src/main.o
 .debug_frame   0x00001620       0xc0 projects/slideDoor-project/out/projects/slideDoor-project/src/TimerTicks.o
 .debug_frame   0x000016e0       0x2c c:/nxp/mcuxpressoide_11.2.1_4149/ide/plugins/com.nxp.mcuxpresso.tools.win32_11.2.0.202008311134/tools/bin/../lib/gcc/arm-none-eabi/9.2.1/thumb/v7e-m+fp/hard\libgcc.a(_aeabi_uldivmod.o)
 .debug_frame   0x0000170c       0x34 c:/nxp/mcuxpressoide_11.2.1_4149/ide/plugins/com.nxp.mcuxpresso.tools.win32_11.2.0.202008311134/tools/bin/../lib/gcc/arm-none-eabi/9.2.1/thumb/v7e-m+fp/hard\libgcc.a(_udivmoddi4.o)
 .debug_frame   0x00001740       0x2c c:/nxp/mcuxpressoide_11.2.1_4149/ide/plugins/com.nxp.mcuxpresso.tools.win32_11.2.0.202008311134/tools/bin/../lib/gcc/arm-none-eabi/9.2.1/../../../../arm-none-eabi/lib/thumb/v7e-m+fp/hard\libc_nano.a(lib_a-init.o)
 .debug_frame   0x0000176c       0x20 c:/nxp/mcuxpressoide_11.2.1_4149/ide/plugins/com.nxp.mcuxpresso.tools.win32_11.2.0.202008311134/tools/bin/../lib/gcc/arm-none-eabi/9.2.1/../../../../arm-none-eabi/lib/thumb/v7e-m+fp/hard\libc_nano.a(lib_a-memset.o)

Cross Reference Table

Symbol                                            File
ADC0_IRQHandler                                   projects/slideDoor-project/out/libs/board/lpc_startup/src/vendor_interrupt.o
ADC1_IRQHandler                                   projects/slideDoor-project/out/libs/board/lpc_startup/src/vendor_interrupt.o
ADCHS_IRQHandler                                  projects/slideDoor-project/out/libs/board/lpc_startup/src/vendor_interrupt.o
ATIMER_IRQHandler                                 projects/slideDoor-project/out/libs/board/lpc_startup/src/vendor_interrupt.o
Board_ADC_ReadBegin                               projects/slideDoor-project/out/libs/board/edu_ciaa_nxp/src/board.o
Board_ADC_ReadEnd                                 projects/slideDoor-project/out/libs/board/edu_ciaa_nxp/src/board.o
Board_ADC_ReadWait                                projects/slideDoor-project/out/libs/board/edu_ciaa_nxp/src/board.o
Board_Debug_Init                                  projects/slideDoor-project/out/libs/board/edu_ciaa_nxp/src/board.o
Board_Init                                        projects/slideDoor-project/out/libs/board/edu_ciaa_nxp/src/board.o
                                                  projects/slideDoor-project/out/projects/slideDoor-project/src/main.o
                                                  projects/slideDoor-project/out/libs/board/lpc_startup/src/sysinit.o
Board_LED_Set                                     projects/slideDoor-project/out/libs/board/edu_ciaa_nxp/src/board.o
                                                  projects/slideDoor-project/out/projects/slideDoor-project/src/main.o
Board_LED_Test                                    projects/slideDoor-project/out/libs/board/edu_ciaa_nxp/src/board.o
Board_LED_Toggle                                  projects/slideDoor-project/out/libs/board/edu_ciaa_nxp/src/board.o
Board_SetupClocking                               projects/slideDoor-project/out/libs/board/edu_ciaa_nxp/src/board_sysinit.o
Board_SetupMuxing                                 projects/slideDoor-project/out/libs/board/edu_ciaa_nxp/src/board_sysinit.o
Board_SystemInit                                  projects/slideDoor-project/out/libs/board/edu_ciaa_nxp/src/board_sysinit.o
                                                  projects/slideDoor-project/out/libs/board/lpc_startup/src/sysinit.o
Board_TEC_GetStatus                               projects/slideDoor-project/out/libs/board/edu_ciaa_nxp/src/board.o
                                                  projects/slideDoor-project/out/projects/slideDoor-project/src/main.o
Board_UARTGetChar                                 projects/slideDoor-project/out/libs/board/edu_ciaa_nxp/src/board.o
Board_UARTPutChar                                 projects/slideDoor-project/out/libs/board/edu_ciaa_nxp/src/board.o
Board_UARTPutSTR                                  projects/slideDoor-project/out/libs/board/edu_ciaa_nxp/src/board.o
BusFault_Handler                                  projects/slideDoor-project/out/libs/cmsis_core/src/armv7m_startup.o
Buttons_GetStatus_                                projects/slideDoor-project/out/projects/slideDoor-project/src/main.o
CAN0_IRQHandler                                   projects/slideDoor-project/out/libs/board/lpc_startup/src/vendor_interrupt.o
CAN1_IRQHandler                                   projects/slideDoor-project/out/libs/board/lpc_startup/src/vendor_interrupt.o
CRP_WORD                                          projects/slideDoor-project/out/libs/board/lpc_startup/src/crp.o
Chip_ADC_DeInit                                   projects/slideDoor-project/out/libs/board/lpc_chip_43xx/src/adc_18xx_43xx.o
Chip_ADC_EnableChannel                            projects/slideDoor-project/out/libs/board/lpc_chip_43xx/src/adc_18xx_43xx.o
                                                  projects/slideDoor-project/out/libs/board/edu_ciaa_nxp/src/board.o
Chip_ADC_Init                                     projects/slideDoor-project/out/libs/board/lpc_chip_43xx/src/adc_18xx_43xx.o
                                                  projects/slideDoor-project/out/libs/board/edu_ciaa_nxp/src/board.o
Chip_ADC_Int_SetChannelCmd                        projects/slideDoor-project/out/libs/board/lpc_chip_43xx/src/adc_18xx_43xx.o
Chip_ADC_ReadByte                                 projects/slideDoor-project/out/libs/board/lpc_chip_43xx/src/adc_18xx_43xx.o
Chip_ADC_ReadStatus                               projects/slideDoor-project/out/libs/board/lpc_chip_43xx/src/adc_18xx_43xx.o
                                                  projects/slideDoor-project/out/libs/board/edu_ciaa_nxp/src/board.o
Chip_ADC_ReadValue                                projects/slideDoor-project/out/libs/board/lpc_chip_43xx/src/adc_18xx_43xx.o
                                                  projects/slideDoor-project/out/libs/board/edu_ciaa_nxp/src/board.o
Chip_ADC_SetBurstCmd                              projects/slideDoor-project/out/libs/board/lpc_chip_43xx/src/adc_18xx_43xx.o
                                                  projects/slideDoor-project/out/libs/board/edu_ciaa_nxp/src/board.o
Chip_ADC_SetResolution                            projects/slideDoor-project/out/libs/board/lpc_chip_43xx/src/adc_18xx_43xx.o
                                                  projects/slideDoor-project/out/libs/board/edu_ciaa_nxp/src/board.o
Chip_ADC_SetSampleRate                            projects/slideDoor-project/out/libs/board/lpc_chip_43xx/src/adc_18xx_43xx.o
                                                  projects/slideDoor-project/out/libs/board/edu_ciaa_nxp/src/board.o
Chip_ADC_SetStartMode                             projects/slideDoor-project/out/libs/board/lpc_chip_43xx/src/adc_18xx_43xx.o
                                                  projects/slideDoor-project/out/libs/board/edu_ciaa_nxp/src/board.o
Chip_AES_Config_DMA                               projects/slideDoor-project/out/libs/board/lpc_chip_43xx/src/aes_18xx_43xx.o
Chip_AES_GetStatusDMA                             projects/slideDoor-project/out/libs/board/lpc_chip_43xx/src/aes_18xx_43xx.o
Chip_AES_Init                                     projects/slideDoor-project/out/libs/board/lpc_chip_43xx/src/aes_18xx_43xx.o
Chip_AES_LoadIV_IC                                projects/slideDoor-project/out/libs/board/lpc_chip_43xx/src/aes_18xx_43xx.o
Chip_AES_LoadIV_SW                                projects/slideDoor-project/out/libs/board/lpc_chip_43xx/src/aes_18xx_43xx.o
Chip_AES_LoadKey                                  projects/slideDoor-project/out/libs/board/lpc_chip_43xx/src/aes_18xx_43xx.o
Chip_AES_LoadKeyRNG                               projects/slideDoor-project/out/libs/board/lpc_chip_43xx/src/aes_18xx_43xx.o
Chip_AES_LoadKeySW                                projects/slideDoor-project/out/libs/board/lpc_chip_43xx/src/aes_18xx_43xx.o
Chip_AES_Operate                                  projects/slideDoor-project/out/libs/board/lpc_chip_43xx/src/aes_18xx_43xx.o
Chip_AES_OperateDMA                               projects/slideDoor-project/out/libs/board/lpc_chip_43xx/src/aes_18xx_43xx.o
Chip_AES_ProgramKey                               projects/slideDoor-project/out/libs/board/lpc_chip_43xx/src/aes_18xx_43xx.o
Chip_AES_SetMode                                  projects/slideDoor-project/out/libs/board/lpc_chip_43xx/src/aes_18xx_43xx.o
Chip_ATIMER_DeInit                                projects/slideDoor-project/out/libs/board/lpc_chip_43xx/src/atimer_18xx_43xx.o
Chip_ATIMER_Init                                  projects/slideDoor-project/out/libs/board/lpc_chip_43xx/src/atimer_18xx_43xx.o
Chip_CCAN_AddReceiveID                            projects/slideDoor-project/out/libs/board/lpc_chip_43xx/src/ccan_18xx_43xx.o
Chip_CCAN_ClearStatus                             projects/slideDoor-project/out/libs/board/lpc_chip_43xx/src/ccan_18xx_43xx.o
Chip_CCAN_DeInit                                  projects/slideDoor-project/out/libs/board/lpc_chip_43xx/src/ccan_18xx_43xx.o
Chip_CCAN_DeleteReceiveID                         projects/slideDoor-project/out/libs/board/lpc_chip_43xx/src/ccan_18xx_43xx.o
Chip_CCAN_GetMsgObject                            projects/slideDoor-project/out/libs/board/lpc_chip_43xx/src/ccan_18xx_43xx.o
Chip_CCAN_Init                                    projects/slideDoor-project/out/libs/board/lpc_chip_43xx/src/ccan_18xx_43xx.o
Chip_CCAN_Send                                    projects/slideDoor-project/out/libs/board/lpc_chip_43xx/src/ccan_18xx_43xx.o
Chip_CCAN_SetBitRate                              projects/slideDoor-project/out/libs/board/lpc_chip_43xx/src/ccan_18xx_43xx.o
Chip_CCAN_SetMsgObject                            projects/slideDoor-project/out/libs/board/lpc_chip_43xx/src/ccan_18xx_43xx.o
Chip_CCAN_SetValidMsg                             projects/slideDoor-project/out/libs/board/lpc_chip_43xx/src/ccan_18xx_43xx.o
Chip_CCAN_TransferMsgObject                       projects/slideDoor-project/out/libs/board/lpc_chip_43xx/src/ccan_18xx_43xx.o
Chip_Clock_CalcMainPLLValue                       projects/slideDoor-project/out/libs/board/lpc_chip_43xx/src/clock_18xx_43xx.o
                                                  projects/slideDoor-project/out/libs/board/lpc_chip_43xx/src/sysinit_18xx_43xx.o
Chip_Clock_ClearPowerDown                         projects/slideDoor-project/out/libs/board/lpc_chip_43xx/src/clock_18xx_43xx.o
Chip_Clock_Disable                                projects/slideDoor-project/out/libs/board/lpc_chip_43xx/src/clock_18xx_43xx.o
                                                  projects/slideDoor-project/out/libs/board/lpc_chip_43xx/src/ccan_18xx_43xx.o
                                                  projects/slideDoor-project/out/libs/board/lpc_chip_43xx/src/dac_18xx_43xx.o
                                                  projects/slideDoor-project/out/libs/board/lpc_chip_43xx/src/lcd_18xx_43xx.o
                                                  projects/slideDoor-project/out/libs/board/lpc_chip_43xx/src/gpdma_18xx_43xx.o
                                                  projects/slideDoor-project/out/libs/board/lpc_chip_43xx/src/sct_18xx_43xx.o
                                                  projects/slideDoor-project/out/libs/board/lpc_chip_43xx/src/i2cm_18xx_43xx.o
                                                  projects/slideDoor-project/out/libs/board/lpc_chip_43xx/src/adc_18xx_43xx.o
                                                  projects/slideDoor-project/out/libs/board/lpc_chip_43xx/src/ritimer_18xx_43xx.o
                                                  projects/slideDoor-project/out/libs/board/lpc_chip_43xx/src/timer_18xx_43xx.o
                                                  projects/slideDoor-project/out/libs/board/lpc_chip_43xx/src/i2c_18xx_43xx.o
                                                  projects/slideDoor-project/out/libs/board/lpc_chip_43xx/src/enet_18xx_43xx.o
                                                  projects/slideDoor-project/out/libs/board/lpc_chip_43xx/src/uart_18xx_43xx.o
                                                  projects/slideDoor-project/out/libs/board/lpc_chip_43xx/src/ssp_18xx_43xx.o
                                                  projects/slideDoor-project/out/libs/board/lpc_chip_43xx/src/i2s_18xx_43xx.o
                                                  projects/slideDoor-project/out/libs/board/lpc_chip_43xx/src/spi_18xx_43xx.o
                                                  projects/slideDoor-project/out/libs/board/lpc_chip_43xx/src/sdif_18xx_43xx.o
Chip_Clock_DisableBaseClock                       projects/slideDoor-project/out/libs/board/lpc_chip_43xx/src/clock_18xx_43xx.o
Chip_Clock_DisableCrystal                         projects/slideDoor-project/out/libs/board/lpc_chip_43xx/src/clock_18xx_43xx.o
Chip_Clock_DisablePLL                             projects/slideDoor-project/out/libs/board/lpc_chip_43xx/src/clock_18xx_43xx.o
Chip_Clock_Enable                                 projects/slideDoor-project/out/libs/board/lpc_chip_43xx/src/clock_18xx_43xx.o
                                                  projects/slideDoor-project/out/libs/board/lpc_chip_43xx/src/i2cm_18xx_43xx.o
                                                  projects/slideDoor-project/out/libs/board/lpc_chip_43xx/src/timer_18xx_43xx.o
                                                  projects/slideDoor-project/out/libs/board/lpc_chip_43xx/src/i2c_18xx_43xx.o
                                                  projects/slideDoor-project/out/libs/board/lpc_chip_43xx/src/ssp_18xx_43xx.o
                                                  projects/slideDoor-project/out/libs/board/lpc_chip_43xx/src/i2s_18xx_43xx.o
                                                  projects/slideDoor-project/out/libs/board/lpc_chip_43xx/src/spi_18xx_43xx.o
Chip_Clock_EnableBaseClock                        projects/slideDoor-project/out/libs/board/lpc_chip_43xx/src/clock_18xx_43xx.o
                                                  projects/slideDoor-project/out/libs/board/lpc_chip_43xx/src/chip_18xx_43xx.o
Chip_Clock_EnableCrystal                          projects/slideDoor-project/out/libs/board/lpc_chip_43xx/src/clock_18xx_43xx.o
                                                  projects/slideDoor-project/out/libs/board/lpc_chip_43xx/src/sysinit_18xx_43xx.o
Chip_Clock_EnableOpts                             projects/slideDoor-project/out/libs/board/lpc_chip_43xx/src/clock_18xx_43xx.o
                                                  projects/slideDoor-project/out/libs/board/lpc_chip_43xx/src/ccan_18xx_43xx.o
                                                  projects/slideDoor-project/out/libs/board/lpc_chip_43xx/src/dac_18xx_43xx.o
                                                  projects/slideDoor-project/out/libs/board/lpc_chip_43xx/src/lcd_18xx_43xx.o
                                                  projects/slideDoor-project/out/libs/board/lpc_chip_43xx/src/gpdma_18xx_43xx.o
                                                  projects/slideDoor-project/out/libs/board/lpc_chip_43xx/src/sct_18xx_43xx.o
                                                  projects/slideDoor-project/out/libs/board/lpc_chip_43xx/src/adc_18xx_43xx.o
                                                  projects/slideDoor-project/out/libs/board/lpc_chip_43xx/src/ritimer_18xx_43xx.o
                                                  projects/slideDoor-project/out/libs/board/lpc_chip_43xx/src/enet_18xx_43xx.o
                                                  projects/slideDoor-project/out/libs/board/lpc_chip_43xx/src/uart_18xx_43xx.o
                                                  projects/slideDoor-project/out/libs/board/lpc_chip_43xx/src/sdif_18xx_43xx.o
                                                  projects/slideDoor-project/out/libs/board/lpc_chip_43xx/src/chip_18xx_43xx.o
Chip_Clock_EnablePLL                              projects/slideDoor-project/out/libs/board/lpc_chip_43xx/src/clock_18xx_43xx.o
                                                  projects/slideDoor-project/out/libs/board/lpc_chip_43xx/src/chip_18xx_43xx.o
Chip_Clock_GetBaseClock                           projects/slideDoor-project/out/libs/board/lpc_chip_43xx/src/clock_18xx_43xx.o
Chip_Clock_GetBaseClockOpts                       projects/slideDoor-project/out/libs/board/lpc_chip_43xx/src/clock_18xx_43xx.o
Chip_Clock_GetBaseClocktHz                        projects/slideDoor-project/out/libs/board/lpc_chip_43xx/src/clock_18xx_43xx.o
                                                  projects/slideDoor-project/out/libs/board/lpc_chip_43xx/src/sdio_18xx_43xx.o
                                                  projects/slideDoor-project/out/libs/board/lpc_chip_43xx/src/sdmmc_18xx_43xx.o
Chip_Clock_GetClockInputHz                        projects/slideDoor-project/out/libs/board/lpc_chip_43xx/src/clock_18xx_43xx.o
                                                  projects/slideDoor-project/out/libs/board/lpc_chip_43xx/src/chip_18xx_43xx.o
Chip_Clock_GetDividerDivisor                      projects/slideDoor-project/out/libs/board/lpc_chip_43xx/src/clock_18xx_43xx.o
Chip_Clock_GetDividerSource                       projects/slideDoor-project/out/libs/board/lpc_chip_43xx/src/clock_18xx_43xx.o
Chip_Clock_GetEMCRate                             projects/slideDoor-project/out/libs/board/lpc_chip_43xx/src/clock_18xx_43xx.o
                                                  projects/slideDoor-project/out/libs/board/lpc_chip_43xx/src/emc_18xx_43xx.o
Chip_Clock_GetMainPLLHz                           projects/slideDoor-project/out/libs/board/lpc_chip_43xx/src/clock_18xx_43xx.o
Chip_Clock_GetPLLStatus                           projects/slideDoor-project/out/libs/board/lpc_chip_43xx/src/clock_18xx_43xx.o
                                                  projects/slideDoor-project/out/libs/board/lpc_chip_43xx/src/chip_18xx_43xx.o
Chip_Clock_GetRate                                projects/slideDoor-project/out/libs/board/lpc_chip_43xx/src/clock_18xx_43xx.o
                                                  projects/slideDoor-project/out/libs/board/lpc_chip_43xx/src/ccan_18xx_43xx.o
                                                  projects/slideDoor-project/out/libs/board/lpc_chip_43xx/src/eeprom_18xx_43xx.o